Archive member included to satisfy reference by file (symbol)

/usr/lib/gcc/arm-none-eabi/6.3.1/thumb/v7e-m/fpv4-sp/hard/libgcc.a(_aeabi_uldivmod.o)
                              build/stm32f7xx_hal_rcc.o (__aeabi_uldivmod)
/usr/lib/gcc/arm-none-eabi/6.3.1/thumb/v7e-m/fpv4-sp/hard/libgcc.a(_udivmoddi4.o)
                              /usr/lib/gcc/arm-none-eabi/6.3.1/thumb/v7e-m/fpv4-sp/hard/libgcc.a(_aeabi_uldivmod.o) (__udivmoddi4)
/usr/lib/gcc/arm-none-eabi/6.3.1/thumb/v7e-m/fpv4-sp/hard/libgcc.a(_dvmd_tls.o)
                              /usr/lib/gcc/arm-none-eabi/6.3.1/thumb/v7e-m/fpv4-sp/hard/libgcc.a(_aeabi_uldivmod.o) (__aeabi_ldiv0)
/usr/lib/gcc/arm-none-eabi/6.3.1/../../../arm-none-eabi/lib/thumb/v7e-m/fpv4-sp/hard/libc_nano.a(lib_a-atexit.o)
                              /usr/lib/gcc/arm-none-eabi/6.3.1/../../../arm-none-eabi/lib/thumb/v7e-m/fpv4-sp/hard/crt0.o (atexit)
/usr/lib/gcc/arm-none-eabi/6.3.1/../../../arm-none-eabi/lib/thumb/v7e-m/fpv4-sp/hard/libc_nano.a(lib_a-exit.o)
                              /usr/lib/gcc/arm-none-eabi/6.3.1/../../../arm-none-eabi/lib/thumb/v7e-m/fpv4-sp/hard/crt0.o (exit)
/usr/lib/gcc/arm-none-eabi/6.3.1/../../../arm-none-eabi/lib/thumb/v7e-m/fpv4-sp/hard/libc_nano.a(lib_a-fini.o)
                              /usr/lib/gcc/arm-none-eabi/6.3.1/../../../arm-none-eabi/lib/thumb/v7e-m/fpv4-sp/hard/crt0.o (__libc_fini_array)
/usr/lib/gcc/arm-none-eabi/6.3.1/../../../arm-none-eabi/lib/thumb/v7e-m/fpv4-sp/hard/libc_nano.a(lib_a-impure.o)
                              /usr/lib/gcc/arm-none-eabi/6.3.1/../../../arm-none-eabi/lib/thumb/v7e-m/fpv4-sp/hard/libc_nano.a(lib_a-exit.o) (_global_impure_ptr)
/usr/lib/gcc/arm-none-eabi/6.3.1/../../../arm-none-eabi/lib/thumb/v7e-m/fpv4-sp/hard/libc_nano.a(lib_a-init.o)
                              /usr/lib/gcc/arm-none-eabi/6.3.1/../../../arm-none-eabi/lib/thumb/v7e-m/fpv4-sp/hard/crt0.o (__libc_init_array)
/usr/lib/gcc/arm-none-eabi/6.3.1/../../../arm-none-eabi/lib/thumb/v7e-m/fpv4-sp/hard/libc_nano.a(lib_a-malloc.o)
                              build/main.o (malloc)
/usr/lib/gcc/arm-none-eabi/6.3.1/../../../arm-none-eabi/lib/thumb/v7e-m/fpv4-sp/hard/libc_nano.a(lib_a-memcpy.o)
                              build/main.o (memcpy)
/usr/lib/gcc/arm-none-eabi/6.3.1/../../../arm-none-eabi/lib/thumb/v7e-m/fpv4-sp/hard/libc_nano.a(lib_a-memset.o)
                              /usr/lib/gcc/arm-none-eabi/6.3.1/../../../arm-none-eabi/lib/thumb/v7e-m/fpv4-sp/hard/crt0.o (memset)
/usr/lib/gcc/arm-none-eabi/6.3.1/../../../arm-none-eabi/lib/thumb/v7e-m/fpv4-sp/hard/libc_nano.a(lib_a-nano-freer.o)
                              /usr/lib/gcc/arm-none-eabi/6.3.1/../../../arm-none-eabi/lib/thumb/v7e-m/fpv4-sp/hard/libc_nano.a(lib_a-malloc.o) (_free_r)
/usr/lib/gcc/arm-none-eabi/6.3.1/../../../arm-none-eabi/lib/thumb/v7e-m/fpv4-sp/hard/libc_nano.a(lib_a-nano-mallocr.o)
                              /usr/lib/gcc/arm-none-eabi/6.3.1/../../../arm-none-eabi/lib/thumb/v7e-m/fpv4-sp/hard/libc_nano.a(lib_a-malloc.o) (_malloc_r)
/usr/lib/gcc/arm-none-eabi/6.3.1/../../../arm-none-eabi/lib/thumb/v7e-m/fpv4-sp/hard/libc_nano.a(lib_a-sbrkr.o)
                              /usr/lib/gcc/arm-none-eabi/6.3.1/../../../arm-none-eabi/lib/thumb/v7e-m/fpv4-sp/hard/libc_nano.a(lib_a-nano-mallocr.o) (_sbrk_r)
/usr/lib/gcc/arm-none-eabi/6.3.1/../../../arm-none-eabi/lib/thumb/v7e-m/fpv4-sp/hard/libc_nano.a(lib_a-strlen.o)
                              build/main.o (strlen)
/usr/lib/gcc/arm-none-eabi/6.3.1/../../../arm-none-eabi/lib/thumb/v7e-m/fpv4-sp/hard/libc_nano.a(lib_a-vsprintf.o)
                              build/main.o (vsprintf)
/usr/lib/gcc/arm-none-eabi/6.3.1/../../../arm-none-eabi/lib/thumb/v7e-m/fpv4-sp/hard/libc_nano.a(lib_a-__atexit.o)
                              /usr/lib/gcc/arm-none-eabi/6.3.1/../../../arm-none-eabi/lib/thumb/v7e-m/fpv4-sp/hard/libc_nano.a(lib_a-atexit.o) (__register_exitproc)
/usr/lib/gcc/arm-none-eabi/6.3.1/../../../arm-none-eabi/lib/thumb/v7e-m/fpv4-sp/hard/libc_nano.a(lib_a-__call_atexit.o)
                              /usr/lib/gcc/arm-none-eabi/6.3.1/../../../arm-none-eabi/lib/thumb/v7e-m/fpv4-sp/hard/libc_nano.a(lib_a-__atexit.o) (__call_exitprocs)
/usr/lib/gcc/arm-none-eabi/6.3.1/../../../arm-none-eabi/lib/thumb/v7e-m/fpv4-sp/hard/libc_nano.a(lib_a-nano-svfprintf.o)
                              /usr/lib/gcc/arm-none-eabi/6.3.1/../../../arm-none-eabi/lib/thumb/v7e-m/fpv4-sp/hard/libc_nano.a(lib_a-vsprintf.o) (_svfprintf_r)
/usr/lib/gcc/arm-none-eabi/6.3.1/../../../arm-none-eabi/lib/thumb/v7e-m/fpv4-sp/hard/libc_nano.a(lib_a-nano-vfprintf_i.o)
                              /usr/lib/gcc/arm-none-eabi/6.3.1/../../../arm-none-eabi/lib/thumb/v7e-m/fpv4-sp/hard/libc_nano.a(lib_a-nano-svfprintf.o) (_printf_i)
/usr/lib/gcc/arm-none-eabi/6.3.1/../../../arm-none-eabi/lib/thumb/v7e-m/fpv4-sp/hard/libc_nano.a(lib_a-reent.o)
[...]
Memory Configuration

Name             Origin             Length             Attributes
RAM              0x00000000200000c0 0x000000000004ff40 xrw
BOOTLOADER       0x0000000008000000 0x0000000000010000 xr
FIRMWARE         0x0000000008010000 0x0000000000030000 xr
*default*        0x0000000000000000 0xffffffffffffffff

Linker script and memory map

LOAD /usr/lib/gcc/arm-none-eabi/6.3.1/thumb/v7e-m/fpv4-sp/hard/crti.o
LOAD /usr/lib/gcc/arm-none-eabi/6.3.1/thumb/v7e-m/fpv4-sp/hard/crtbegin.o
LOAD /usr/lib/gcc/arm-none-eabi/6.3.1/../../../arm-none-eabi/lib/thumb/v7e-m/fpv4-sp/hard/crt0.o
LOAD build/stm32f7xx_hal_i2c.o
LOAD build/stm32f7xx_hal_flash.o
LOAD build/stm32f7xx_hal_eth.o
LOAD build/stm32f7xx_hal_rtc_ex.o
LOAD build/stm32f7xx_hal_cortex.o
LOAD build/stm32f7xx_hal_uart.o
LOAD build/stm32f7xx_hal.o
LOAD build/stm32f7xx_hal_tim_ex.o
LOAD build/stm32f7xx_hal_dma_ex.o
LOAD build/stm32f7xx_hal_rtc.o
LOAD build/stm32f7xx_hal_rcc.o
LOAD build/stm32f7xx_hal_spi.o
LOAD build/stm32f7xx_hal_tim.o
LOAD build/stm32f7xx_hal_pwr.o
LOAD build/stm32f7xx_hal_pwr_ex.o
LOAD build/stm32f7xx_hal_gpio.o
LOAD build/stm32f7xx_hal_dma.o
LOAD build/stm32f7xx_hal_flash_ex.o
LOAD build/stm32f7xx_hal_i2c_ex.o
LOAD build/stm32f7xx_hal_rcc_ex.o
LOAD build/main.o
LOAD build/tim.o
LOAD build/usart.o
LOAD build/gpio.o
LOAD build/rtc.o
LOAD build/i2c.o
LOAD build/stm32f7xx_it.o
LOAD build/eth.o
LOAD build/system_stm32f7xx.o
LOAD build/spi.o
LOAD build/motor.o
LOAD build/sensor.o
LOAD build/gps.o
LOAD build/stm32f7xx_hal_msp.o
LOAD build/startup_stm32f746xx.o
START GROUP
LOAD /usr/lib/gcc/arm-none-eabi/6.3.1/thumb/v7e-m/fpv4-sp/hard/libgcc.a
LOAD /usr/lib/gcc/arm-none-eabi/6.3.1/../../../arm-none-eabi/lib/thumb/v7e-m/fpv4-sp/hard/libc_nano.a
END GROUP
START GROUP
LOAD /usr/lib/gcc/arm-none-eabi/6.3.1/thumb/v7e-m/fpv4-sp/hard/libgcc.a
LOAD /usr/lib/gcc/arm-none-eabi/6.3.1/../../../arm-none-eabi/lib/thumb/v7e-m/fpv4-sp/hard/libc_nano.a
LOAD /usr/lib/gcc/arm-none-eabi/6.3.1/../../../arm-none-eabi/lib/thumb/v7e-m/fpv4-sp/hard/libnosys.a
END GROUP
START GROUP
LOAD /usr/lib/gcc/arm-none-eabi/6.3.1/thumb/v7e-m/fpv4-sp/hard/libgcc.a
LOAD /usr/lib/gcc/arm-none-eabi/6.3.1/../../../arm-none-eabi/lib/thumb/v7e-m/fpv4-sp/hard/libc_nano.a
LOAD /usr/lib/gcc/arm-none-eabi/6.3.1/../../../arm-none-eabi/lib/thumb/v7e-m/fpv4-sp/hard/libnosys.a
END GROUP
LOAD /usr/lib/gcc/arm-none-eabi/6.3.1/thumb/v7e-m/fpv4-sp/hard/crtend.o
LOAD /usr/lib/gcc/arm-none-eabi/6.3.1/thumb/v7e-m/fpv4-sp/hard/crtn.o
                0x0000000020050000                _estack = 0x20050000
                0x0000000000000200                _Min_Heap_Size = 0x200
                0x0000000000000400                _Min_Stack_Size = 0x400
                0x0000000008010000                _main_app_start_address = 0x8010000

.isr_vector     0x0000000008000000      0x1c8
                0x0000000008000000                . = ALIGN (0x4)
 *(.isr_vector)
 .isr_vector    0x0000000008000000      0x1c8 build/startup_stm32f746xx.o
                0x0000000008000000                g_pfnVectors
                0x00000000080001c8                . = ALIGN (0x4)

.text           0x0000000008000200     0x73d8
                0x0000000008000200                . = ALIGN (0x4)
 *(.text)
 .text          0x0000000008000200       0xa4 /usr/lib/gcc/arm-none-eabi/6.3.1/thumb/v7e-m/fpv4-sp/hard/crtbegin.o
 .text          0x00000000080002a4       0x30 /usr/lib/gcc/arm-none-eabi/6.3.1/thumb/v7e-m/fpv4-sp/hard/libgcc.a(_aeabi_uldivmod.o)
                0x00000000080002a4                __aeabi_uldivmod
 .text          0x00000000080002d4      0x2dc /usr/lib/gcc/arm-none-eabi/6.3.1/thumb/v7e-m/fpv4-sp/hard/libgcc.a(_udivmoddi4.o)
                0x00000000080002d4                __udivmoddi4
 .text          0x00000000080005b0        0x4 /usr/lib/gcc/arm-none-eabi/6.3.1/thumb/v7e-m/fpv4-sp/hard/libgcc.a(_dvmd_tls.o)
                0x00000000080005b0                __aeabi_ldiv0
                0x00000000080005b0                __aeabi_idiv0
 .text          0x00000000080005b4       0x50 /usr/lib/gcc/arm-none-eabi/6.3.1/../../../arm-none-eabi/lib/thumb/v7e-m/fpv4-sp/hard/libc_nano.a(lib_a-init.o)
                0x00000000080005b4                __libc_init_array
 .text          0x0000000008000604       0x20 /usr/lib/gcc/arm-none-eabi/6.3.1/../../../arm-none-eabi/lib/thumb/v7e-m/fpv4-sp/hard/libc_nano.a(lib_a-malloc.o)
                0x0000000008000604                malloc
                0x0000000008000614                free
 .text          0x0000000008000624      0x134 /usr/lib/gcc/arm-none-eabi/6.3.1/../../../arm-none-eabi/lib/thumb/v7e-m/fpv4-sp/hard/libc_nano.a(lib_a-memcpy.o)
                0x0000000008000624                memcpy
 .text          0x0000000008000758       0x90 /usr/lib/gcc/arm-none-eabi/6.3.1/../../../arm-none-eabi/lib/thumb/v7e-m/fpv4-sp/hard/libc_nano.a(lib_a-nano-freer.o)
                0x0000000008000758                _free_r
 .text          0x00000000080007e8       0xbc /usr/lib/gcc/arm-none-eabi/6.3.1/../../../arm-none-eabi/lib/thumb/v7e-m/fpv4-sp/hard/libc_nano.a(lib_a-nano-mallocr.o)
                0x00000000080007e8                _malloc_r
 .text          0x00000000080008a4       0x24 /usr/lib/gcc/arm-none-eabi/6.3.1/../../../arm-none-eabi/lib/thumb/v7e-m/fpv4-sp/hard/libc_nano.a(lib_a-sbrkr.o)
                0x00000000080008a4                _sbrk_r
 *fill*         0x00000000080008c8       0x38 
 .text          0x0000000008000900       0xdc /usr/lib/gcc/arm-none-eabi/6.3.1/../../../arm-none-eabi/lib/thumb/v7e-m/fpv4-sp/hard/libc_nano.a(lib_a-strlen.o)
                0x0000000008000900                strlen
 .text          0x00000000080009dc       0x4c /usr/lib/gcc/arm-none-eabi/6.3.1/../../../arm-none-eabi/lib/thumb/v7e-m/fpv4-sp/hard/libc_nano.a(lib_a-vsprintf.o)
                0x00000000080009dc                _vsiprintf_r
                0x00000000080009dc                _vsprintf_r
                0x0000000008000a10                vsprintf
                0x0000000008000a10                vsiprintf
 .text          0x0000000008000a28      0x3ec /usr/lib/gcc/arm-none-eabi/6.3.1/../../../arm-none-eabi/lib/thumb/v7e-m/fpv4-sp/hard/libc_nano.a(lib_a-nano-svfprintf.o)
                0x0000000008000a28                __ssputs_r
                0x0000000008000aec                __ssprint_r
                0x0000000008000be8                _svfprintf_r
                0x0000000008000be8                _svfiprintf_r
 .text          0x0000000008000e14      0x3d4 /usr/lib/gcc/arm-none-eabi/6.3.1/../../../arm-none-eabi/lib/thumb/v7e-m/fpv4-sp/hard/libc_nano.a(lib_a-nano-vfprintf_i.o)
                0x0000000008000e14                _printf_common
                0x0000000008000f48                _printf_i
 *fill*         0x00000000080011e8        0x8 
 .text          0x00000000080011f0       0xa0 /usr/lib/gcc/arm-none-eabi/6.3.1/../../../arm-none-eabi/lib/thumb/v7e-m/fpv4-sp/hard/libc_nano.a(lib_a-memchr.o)
                0x00000000080011f0                memchr
 .text          0x0000000008001290       0xc8 /usr/lib/gcc/arm-none-eabi/6.3.1/../../../arm-none-eabi/lib/thumb/v7e-m/fpv4-sp/hard/libc_nano.a(lib_a-memmove.o)
                0x0000000008001290                memmove
 .text          0x0000000008001358       0x50 /usr/lib/gcc/arm-none-eabi/6.3.1/../../../arm-none-eabi/lib/thumb/v7e-m/fpv4-sp/hard/libc_nano.a(lib_a-nano-reallocr.o)
                0x0000000008001358                _realloc_r
 .text          0x00000000080013a8       0x14 /usr/lib/gcc/arm-none-eabi/6.3.1/../../../arm-none-eabi/lib/thumb/v7e-m/fpv4-sp/hard/libc_nano.a(lib_a-nano-msizer.o)
                0x00000000080013a8                _malloc_usable_size_r
 .text          0x00000000080013bc       0x1c /usr/lib/gcc/arm-none-eabi/6.3.1/../../../arm-none-eabi/lib/thumb/v7e-m/fpv4-sp/hard/libnosys.a(sbrk.o)
                0x00000000080013bc                _sbrk
 *(.text*)
 .text.HAL_I2C_Init
                0x00000000080013d8      0x11c build/stm32f7xx_hal_i2c.o
                0x00000000080013d8                HAL_I2C_Init
 .text.HAL_FLASH_Program
                0x00000000080014f4       0xb8 build/stm32f7xx_hal_flash.o
                0x00000000080014f4                HAL_FLASH_Program
 .text.HAL_FLASH_Unlock
                0x00000000080015ac       0x44 build/stm32f7xx_hal_flash.o
                0x00000000080015ac                HAL_FLASH_Unlock
 .text.HAL_FLASH_Lock
                0x00000000080015f0       0x20 build/stm32f7xx_hal_flash.o
                0x00000000080015f0                HAL_FLASH_Lock
 .text.FLASH_WaitForLastOperation
                0x0000000008001610       0x80 build/stm32f7xx_hal_flash.o
                0x0000000008001610                FLASH_WaitForLastOperation
 .text.FLASH_Program_DoubleWord
                0x0000000008001690       0x5c build/stm32f7xx_hal_flash.o
 .text.FLASH_Program_Word
                0x00000000080016ec       0x48 build/stm32f7xx_hal_flash.o
 .text.FLASH_Program_HalfWord
                0x0000000008001734       0x4c build/stm32f7xx_hal_flash.o
 .text.FLASH_Program_Byte
                0x0000000008001780       0x48 build/stm32f7xx_hal_flash.o
 .text.FLASH_SetErrorCode
                0x00000000080017c8       0x94 build/stm32f7xx_hal_flash.o
 .text.NVIC_SetPriorityGrouping
                0x000000000800185c       0x48 build/stm32f7xx_hal_cortex.o
 .text.NVIC_GetPriorityGrouping
                0x00000000080018a4       0x1c build/stm32f7xx_hal_cortex.o
 .text.NVIC_EnableIRQ
                0x00000000080018c0       0x34 build/stm32f7xx_hal_cortex.o
 .text.NVIC_SetPriority
                0x00000000080018f4       0x54 build/stm32f7xx_hal_cortex.o
 .text.NVIC_EncodePriority
                0x0000000008001948       0x62 build/stm32f7xx_hal_cortex.o
 *fill*         0x00000000080019aa        0x2 
 .text.SysTick_Config
                0x00000000080019ac       0x44 build/stm32f7xx_hal_cortex.o
 .text.HAL_NVIC_SetPriorityGrouping
                0x00000000080019f0       0x16 build/stm32f7xx_hal_cortex.o
                0x00000000080019f0                HAL_NVIC_SetPriorityGrouping
 .text.HAL_NVIC_SetPriority
                0x0000000008001a06       0x38 build/stm32f7xx_hal_cortex.o
                0x0000000008001a06                HAL_NVIC_SetPriority
 .text.HAL_NVIC_EnableIRQ
                0x0000000008001a3e       0x1c build/stm32f7xx_hal_cortex.o
                0x0000000008001a3e                HAL_NVIC_EnableIRQ
 .text.HAL_SYSTICK_Config
                0x0000000008001a5a       0x18 build/stm32f7xx_hal_cortex.o
                0x0000000008001a5a                HAL_SYSTICK_Config
 *fill*         0x0000000008001a72        0x2 
 .text.HAL_SYSTICK_CLKSourceConfig
                0x0000000008001a74       0x38 build/stm32f7xx_hal_cortex.o
                0x0000000008001a74                HAL_SYSTICK_CLKSourceConfig
 .text.HAL_SYSTICK_IRQHandler
                0x0000000008001aac        0xc build/stm32f7xx_hal_cortex.o
                0x0000000008001aac                HAL_SYSTICK_IRQHandler
 .text.HAL_SYSTICK_Callback
                0x0000000008001ab8        0xe build/stm32f7xx_hal_cortex.o
                0x0000000008001ab8                HAL_SYSTICK_Callback
 .text.HAL_UART_Init
                0x0000000008001ac6       0xa2 build/stm32f7xx_hal_uart.o
                0x0000000008001ac6                HAL_UART_Init
 .text.HAL_UART_Transmit
                0x0000000008001b68      0x116 build/stm32f7xx_hal_uart.o
                0x0000000008001b68                HAL_UART_Transmit
 .text.HAL_UART_Receive_IT
                0x0000000008001c7e      0x10e build/stm32f7xx_hal_uart.o
                0x0000000008001c7e                HAL_UART_Receive_IT
 .text.HAL_UART_IRQHandler
                0x0000000008001d8c      0x20c build/stm32f7xx_hal_uart.o
                0x0000000008001d8c                HAL_UART_IRQHandler
 .text.UART_WaitOnFlagUntilTimeout
                0x0000000008001f98       0x94 build/stm32f7xx_hal_uart.o
                0x0000000008001f98                UART_WaitOnFlagUntilTimeout
 .text.UART_DMAAbortOnError
                0x000000000800202c       0x2c build/stm32f7xx_hal_uart.o
 .text.HAL_UART_TxCpltCallback
                0x0000000008002058       0x14 build/stm32f7xx_hal_uart.o
                0x0000000008002058                HAL_UART_TxCpltCallback
 .text.HAL_UART_ErrorCallback
                0x000000000800206c       0x14 build/stm32f7xx_hal_uart.o
                0x000000000800206c                HAL_UART_ErrorCallback
 .text.UART_Transmit_IT
                0x0000000008002080       0xac build/stm32f7xx_hal_uart.o
 .text.UART_EndTransmit_IT
                0x000000000800212c       0x30 build/stm32f7xx_hal_uart.o
 .text.UART_Receive_IT
                0x000000000800215c       0xd6 build/stm32f7xx_hal_uart.o
 .text.UART_EndRxTransfer
                0x0000000008002232       0x3c build/stm32f7xx_hal_uart.o
 *fill*         0x000000000800226e        0x2 
 .text.UART_SetConfig
                0x0000000008002270      0x4dc build/stm32f7xx_hal_uart.o
                0x0000000008002270                UART_SetConfig
 .text.UART_AdvFeatureConfig
                0x000000000800274c      0x144 build/stm32f7xx_hal_uart.o
                0x000000000800274c                UART_AdvFeatureConfig
 .text.UART_CheckIdleState
                0x0000000008002890       0x66 build/stm32f7xx_hal_uart.o
                0x0000000008002890                UART_CheckIdleState
 .text.HAL_Init
                0x00000000080028f6       0x1a build/stm32f7xx_hal.o
                0x00000000080028f6                HAL_Init
 .text.HAL_InitTick
                0x0000000008002910       0x60 build/stm32f7xx_hal.o
                0x0000000008002910                HAL_InitTick
 .text.HAL_IncTick
                0x0000000008002970       0x28 build/stm32f7xx_hal.o
                0x0000000008002970                HAL_IncTick
 .text.HAL_GetTick
                0x0000000008002998       0x18 build/stm32f7xx_hal.o
                0x0000000008002998                HAL_GetTick
 .text.HAL_Delay
                0x00000000080029b0       0x44 build/stm32f7xx_hal.o
                0x00000000080029b0                HAL_Delay
 .text.HAL_TIMEx_MasterConfigSynchronization
                0x00000000080029f4       0xa8 build/stm32f7xx_hal_tim_ex.o
                0x00000000080029f4                HAL_TIMEx_MasterConfigSynchronization
 .text.HAL_TIMEx_CommutationCallback
                0x0000000008002a9c       0x14 build/stm32f7xx_hal_tim_ex.o
                0x0000000008002a9c                HAL_TIMEx_CommutationCallback
 .text.HAL_TIMEx_BreakCallback
                0x0000000008002ab0       0x14 build/stm32f7xx_hal_tim_ex.o
                0x0000000008002ab0                HAL_TIMEx_BreakCallback
 .text.HAL_TIM_PWM_ConfigChannel
                0x0000000008002ac4      0x230 build/stm32f7xx_hal_tim_ex.o
                0x0000000008002ac4                HAL_TIM_PWM_ConfigChannel
 .text.TIM_OC5_SetConfig
                0x0000000008002cf4       0xb0 build/stm32f7xx_hal_tim_ex.o
 .text.TIM_OC6_SetConfig
                0x0000000008002da4       0xb4 build/stm32f7xx_hal_tim_ex.o
 .text.HAL_RCC_OscConfig
                0x0000000008002e58      0x4e0 build/stm32f7xx_hal_rcc.o
                0x0000000008002e58                HAL_RCC_OscConfig
 .text.HAL_RCC_ClockConfig
                0x0000000008003338      0x1d0 build/stm32f7xx_hal_rcc.o
                0x0000000008003338                HAL_RCC_ClockConfig
 .text.HAL_RCC_GetSysClockFreq
                0x0000000008003508      0x1b0 build/stm32f7xx_hal_rcc.o
                0x0000000008003508                HAL_RCC_GetSysClockFreq
 .text.HAL_RCC_GetHCLKFreq
                0x00000000080036b8       0x18 build/stm32f7xx_hal_rcc.o
                0x00000000080036b8                HAL_RCC_GetHCLKFreq
 .text.HAL_RCC_GetPCLK1Freq
                0x00000000080036d0       0x28 build/stm32f7xx_hal_rcc.o
                0x00000000080036d0                HAL_RCC_GetPCLK1Freq
 .text.HAL_RCC_GetPCLK2Freq
                0x00000000080036f8       0x28 build/stm32f7xx_hal_rcc.o
                0x00000000080036f8                HAL_RCC_GetPCLK2Freq
 .text.HAL_SPI_Init
                0x0000000008003720      0x120 build/stm32f7xx_hal_spi.o
                0x0000000008003720                HAL_SPI_Init
 .text.HAL_SPI_TransmitReceive_IT
                0x0000000008003840      0x16c build/stm32f7xx_hal_spi.o
                0x0000000008003840                HAL_SPI_TransmitReceive_IT
 .text.HAL_SPI_IRQHandler
                0x00000000080039ac      0x1b0 build/stm32f7xx_hal_spi.o
                0x00000000080039ac                HAL_SPI_IRQHandler
 .text.HAL_SPI_RxCpltCallback
                0x0000000008003b5c       0x14 build/stm32f7xx_hal_spi.o
                0x0000000008003b5c                HAL_SPI_RxCpltCallback
 .text.HAL_SPI_TxRxCpltCallback
                0x0000000008003b70       0x14 build/stm32f7xx_hal_spi.o
                0x0000000008003b70                HAL_SPI_TxRxCpltCallback
 .text.HAL_SPI_ErrorCallback
                0x0000000008003b84       0x14 build/stm32f7xx_hal_spi.o
                0x0000000008003b84                HAL_SPI_ErrorCallback
 .text.HAL_SPI_GetState
                0x0000000008003b98       0x1c build/stm32f7xx_hal_spi.o
                0x0000000008003b98                HAL_SPI_GetState
 .text.SPI_DMAAbortOnError
                0x0000000008003bb4       0x2a build/stm32f7xx_hal_spi.o
 .text.SPI_2linesRxISR_8BIT
                0x0000000008003bde       0xb8 build/stm32f7xx_hal_spi.o
 .text.SPI_2linesTxISR_8BIT
                0x0000000008003c96       0x90 build/stm32f7xx_hal_spi.o
 .text.SPI_2linesRxISR_16BIT
                0x0000000008003d26       0x66 build/stm32f7xx_hal_spi.o
 .text.SPI_2linesTxISR_16BIT
                0x0000000008003d8c       0x60 build/stm32f7xx_hal_spi.o
 .text.SPI_WaitFlagStateUntilTimeout
                0x0000000008003dec       0xc6 build/stm32f7xx_hal_spi.o
 .text.SPI_WaitFifoStateUntilTimeout
                0x0000000008003eb2       0xe2 build/stm32f7xx_hal_spi.o
 .text.SPI_EndRxTxTransaction
                0x0000000008003f94       0x8c build/stm32f7xx_hal_spi.o
 .text.SPI_CloseRxTx_ISR
                0x0000000008004020       0x88 build/stm32f7xx_hal_spi.o
 .text.HAL_TIM_Base_Init
                0x00000000080040a8       0x56 build/stm32f7xx_hal_tim.o
                0x00000000080040a8                HAL_TIM_Base_Init
 .text.HAL_TIM_PWM_Init
                0x00000000080040fe       0x56 build/stm32f7xx_hal_tim.o
                0x00000000080040fe                HAL_TIM_PWM_Init
 .text.HAL_TIM_IRQHandler
                0x0000000008004154      0x23e build/stm32f7xx_hal_tim.o
                0x0000000008004154                HAL_TIM_IRQHandler
 *fill*         0x0000000008004392        0x2 
 .text.HAL_TIM_ConfigClockSource
                0x0000000008004394      0x1c0 build/stm32f7xx_hal_tim.o
                0x0000000008004394                HAL_TIM_ConfigClockSource
 .text.HAL_TIM_OC_DelayElapsedCallback
                0x0000000008004554       0x14 build/stm32f7xx_hal_tim.o
                0x0000000008004554                HAL_TIM_OC_DelayElapsedCallback
 .text.HAL_TIM_IC_CaptureCallback
                0x0000000008004568       0x14 build/stm32f7xx_hal_tim.o
                0x0000000008004568                HAL_TIM_IC_CaptureCallback
 .text.HAL_TIM_PWM_PulseFinishedCallback
                0x000000000800457c       0x14 build/stm32f7xx_hal_tim.o
                0x000000000800457c                HAL_TIM_PWM_PulseFinishedCallback
 .text.HAL_TIM_TriggerCallback
                0x0000000008004590       0x14 build/stm32f7xx_hal_tim.o
                0x0000000008004590                HAL_TIM_TriggerCallback
 .text.TIM_Base_SetConfig
                0x00000000080045a4      0x160 build/stm32f7xx_hal_tim.o
                0x00000000080045a4                TIM_Base_SetConfig
 .text.TIM_OC1_SetConfig
                0x0000000008004704       0xec build/stm32f7xx_hal_tim.o
                0x0000000008004704                TIM_OC1_SetConfig
 .text.TIM_OC2_SetConfig
                0x00000000080047f0       0xf4 build/stm32f7xx_hal_tim.o
                0x00000000080047f0                TIM_OC2_SetConfig
 .text.TIM_OC3_SetConfig
                0x00000000080048e4       0xf4 build/stm32f7xx_hal_tim.o
                0x00000000080048e4                TIM_OC3_SetConfig
 .text.TIM_OC4_SetConfig
                0x00000000080049d8       0xc4 build/stm32f7xx_hal_tim.o
                0x00000000080049d8                TIM_OC4_SetConfig
 .text.TIM_TI1_ConfigInputStage
                0x0000000008004a9c       0x66 build/stm32f7xx_hal_tim.o
 .text.TIM_TI2_ConfigInputStage
                0x0000000008004b02       0x68 build/stm32f7xx_hal_tim.o
 .text.TIM_ITRx_SetConfig
                0x0000000008004b6a       0x40 build/stm32f7xx_hal_tim.o
 .text.TIM_ETR_SetConfig
                0x0000000008004baa       0x44 build/stm32f7xx_hal_tim.o
                0x0000000008004baa                TIM_ETR_SetConfig
 *fill*         0x0000000008004bee        0x2 
 .text.HAL_PWREx_EnableOverDrive
                0x0000000008004bf0       0xa0 build/stm32f7xx_hal_pwr_ex.o
                0x0000000008004bf0                HAL_PWREx_EnableOverDrive
 .text.HAL_GPIO_Init
                0x0000000008004c90      0x354 build/stm32f7xx_hal_gpio.o
                0x0000000008004c90                HAL_GPIO_Init
 .text.HAL_GPIO_WritePin
                0x0000000008004fe4       0x32 build/stm32f7xx_hal_gpio.o
                0x0000000008004fe4                HAL_GPIO_WritePin
 .text.HAL_DMA_Abort_IT
                0x0000000008005016       0x44 build/stm32f7xx_hal_dma.o
                0x0000000008005016                HAL_DMA_Abort_IT
 *fill*         0x000000000800505a        0x2 
 .text.FLASH_Erase_Sector
                0x000000000800505c       0x94 build/stm32f7xx_hal_flash_ex.o
                0x000000000800505c                FLASH_Erase_Sector
 .text.HAL_I2CEx_ConfigAnalogFilter
                0x00000000080050f0       0x96 build/stm32f7xx_hal_i2c_ex.o
                0x00000000080050f0                HAL_I2CEx_ConfigAnalogFilter
 .text.HAL_I2CEx_ConfigDigitalFilter
                0x0000000008005186       0x9c build/stm32f7xx_hal_i2c_ex.o
                0x0000000008005186                HAL_I2CEx_ConfigDigitalFilter
 *fill*         0x0000000008005222        0x2 
 .text.HAL_RCCEx_PeriphCLKConfig
                0x0000000008005224      0x7dc build/stm32f7xx_hal_rcc_ex.o
                0x0000000008005224                HAL_RCCEx_PeriphCLKConfig
 .text.SPI1_IRQHandler
                0x0000000008005a00       0x80 build/main.o
                0x0000000008005a00                SPI1_IRQHandler
 .text.main     0x0000000008005a80       0x70 build/main.o
                0x0000000008005a80                main
 .text.loadUpdateFile
                0x0000000008005af0      0x138 build/main.o
                0x0000000008005af0                loadUpdateFile
 .text.readFlash
                0x0000000008005c28       0x1c build/main.o
                0x0000000008005c28                readFlash
 .text.checkUpdateFileInMemory
                0x0000000008005c44       0x90 build/main.o
                0x0000000008005c44                checkUpdateFileInMemory
 .text.bootRTOS
                0x0000000008005cd4       0x3c build/main.o
                0x0000000008005cd4                bootRTOS
 .text.vprint   0x0000000008005d10       0x48 build/main.o
                0x0000000008005d10                vprint
 .text.mprintf  0x0000000008005d58       0x24 build/main.o
                0x0000000008005d58                mprintf
 .text.SystemClock_Config
                0x0000000008005d7c      0x164 build/main.o
                0x0000000008005d7c                SystemClock_Config
 .text._Error_Handler
                0x0000000008005ee0       0x20 build/main.o
                0x0000000008005ee0                _Error_Handler
 .text.MX_TIM2_Init
                0x0000000008005f00       0x94 build/tim.o
                0x0000000008005f00                MX_TIM2_Init
 .text.MX_TIM3_Init
                0x0000000008005f94       0xc0 build/tim.o
                0x0000000008005f94                MX_TIM3_Init
 .text.HAL_TIM_Base_MspInit
                0x0000000008006054       0x98 build/tim.o
                0x0000000008006054                HAL_TIM_Base_MspInit
 .text.HAL_TIM_PWM_MspInit
                0x00000000080060ec       0x40 build/tim.o
                0x00000000080060ec                HAL_TIM_PWM_MspInit
 .text.HAL_TIM_MspPostInit
                0x000000000800612c       0xac build/tim.o
                0x000000000800612c                HAL_TIM_MspPostInit
 .text.MX_UART4_Init
                0x00000000080061d8       0x68 build/usart.o
                0x00000000080061d8                MX_UART4_Init
 .text.MX_USART1_UART_Init
                0x0000000008006240       0x68 build/usart.o
                0x0000000008006240                MX_USART1_UART_Init
 .text.HAL_UART_MspInit
                0x00000000080062a8      0x154 build/usart.o
                0x00000000080062a8                HAL_UART_MspInit
 .text.MX_GPIO_Init
                0x00000000080063fc      0x1c8 build/gpio.o
                0x00000000080063fc                MX_GPIO_Init
 .text.MX_I2C2_Init
                0x00000000080065c4       0x90 build/i2c.o
                0x00000000080065c4                MX_I2C2_Init
 .text.MX_I2C4_Init
                0x0000000008006654       0x90 build/i2c.o
                0x0000000008006654                MX_I2C4_Init
 .text.HAL_I2C_MspInit
                0x00000000080066e4      0x16c build/i2c.o
                0x00000000080066e4                HAL_I2C_MspInit
 .text.NMI_Handler
                0x0000000008006850        0xe build/stm32f7xx_it.o
                0x0000000008006850                NMI_Handler
 .text.HardFault_Handler
                0x000000000800685e        0x6 build/stm32f7xx_it.o
                0x000000000800685e                HardFault_Handler
 .text.MemManage_Handler
                0x0000000008006864        0x6 build/stm32f7xx_it.o
                0x0000000008006864                MemManage_Handler
 .text.BusFault_Handler
                0x000000000800686a        0x6 build/stm32f7xx_it.o
                0x000000000800686a                BusFault_Handler
 .text.UsageFault_Handler
                0x0000000008006870        0x6 build/stm32f7xx_it.o
                0x0000000008006870                UsageFault_Handler
 .text.SVC_Handler
                0x0000000008006876        0xe build/stm32f7xx_it.o
                0x0000000008006876                SVC_Handler
 .text.DebugMon_Handler
                0x0000000008006884        0xe build/stm32f7xx_it.o
                0x0000000008006884                DebugMon_Handler
 .text.PendSV_Handler
                0x0000000008006892        0xe build/stm32f7xx_it.o
                0x0000000008006892                PendSV_Handler
 .text.SysTick_Handler
                0x00000000080068a0       0x10 build/stm32f7xx_it.o
                0x00000000080068a0                SysTick_Handler
 .text.TIM2_IRQHandler
                0x00000000080068b0       0x14 build/stm32f7xx_it.o
                0x00000000080068b0                TIM2_IRQHandler
 .text.HAL_TIM_PeriodElapsedCallback
                0x00000000080068c4       0x24 build/stm32f7xx_it.o
                0x00000000080068c4                HAL_TIM_PeriodElapsedCallback
 .text.UART4_IRQHandler
                0x00000000080068e8       0x14 build/stm32f7xx_it.o
                0x00000000080068e8                UART4_IRQHandler
 .text.HAL_UART_RxCpltCallback
                0x00000000080068fc       0x24 build/stm32f7xx_it.o
                0x00000000080068fc                HAL_UART_RxCpltCallback
 .text.SystemInit
                0x0000000008006920       0x6c build/system_stm32f7xx.o
                0x0000000008006920                SystemInit
 .text.MX_SPI1_Init
                0x000000000800698c       0x78 build/spi.o
                0x000000000800698c                MX_SPI1_Init
 .text.HAL_SPI_MspInit
                0x0000000008006a04       0x70 build/spi.o
                0x0000000008006a04                HAL_SPI_MspInit
 .text.motor1Drive
                0x0000000008006a74        0xe build/motor.o
                0x0000000008006a74                motor1Drive
 *fill*         0x0000000008006a82        0x2 
 .text.motor2Drive
                0x0000000008006a84      0x154 build/motor.o
                0x0000000008006a84                motor2Drive
 .text.motor3Drive
                0x0000000008006bd8        0xe build/motor.o
                0x0000000008006bd8                motor3Drive
 .text.motor4Drive
                0x0000000008006be6        0xe build/motor.o
                0x0000000008006be6                motor4Drive
 .text.driveMotor
                0x0000000008006bf4       0x70 build/motor.o
                0x0000000008006bf4                driveMotor
 .text.getGPGLL
                0x0000000008006c64      0x200 build/gps.o
                0x0000000008006c64                getGPGLL
 .text.getGPGSA
                0x0000000008006e64      0x20c build/gps.o
                0x0000000008006e64                getGPGSA
 .text.getGPGGA
                0x0000000008007070      0x204 build/gps.o
                0x0000000008007070                getGPGGA
 .text.getGPRMC
                0x0000000008007274      0x204 build/gps.o
                0x0000000008007274                getGPRMC
 .text.receiveGpsData
                0x0000000008007478       0x90 build/gps.o
                0x0000000008007478                receiveGpsData
 .text.HAL_MspInit
                0x0000000008007508       0x62 build/stm32f7xx_hal_msp.o
                0x0000000008007508                HAL_MspInit
 *fill*         0x000000000800756a        0x2 
 .text.Reset_Handler
                0x000000000800756c       0x50 build/startup_stm32f746xx.o
                0x000000000800756c                Reset_Handler
 .text.Default_Handler
                0x00000000080075bc        0x2 build/startup_stm32f746xx.o
                0x00000000080075bc                RTC_Alarm_IRQHandler
                0x00000000080075bc                EXTI2_IRQHandler
                0x00000000080075bc                TIM8_CC_IRQHandler
                0x00000000080075bc                UART8_IRQHandler
                0x00000000080075bc                SPI4_IRQHandler
                0x00000000080075bc                TIM1_CC_IRQHandler
                0x00000000080075bc                DMA2_Stream5_IRQHandler
                0x00000000080075bc                DMA1_Stream5_IRQHandler
                0x00000000080075bc                PVD_IRQHandler
                0x00000000080075bc                TAMP_STAMP_IRQHandler
                0x00000000080075bc                CAN2_RX1_IRQHandler
                0x00000000080075bc                EXTI3_IRQHandler
                0x00000000080075bc                TIM8_TRG_COM_TIM14_IRQHandler
                0x00000000080075bc                TIM1_UP_TIM10_IRQHandler
                0x00000000080075bc                TIM8_UP_TIM13_IRQHandler
                0x00000000080075bc                I2C3_ER_IRQHandler
                0x00000000080075bc                EXTI0_IRQHandler
                0x00000000080075bc                I2C2_EV_IRQHandler
                0x00000000080075bc                DMA1_Stream2_IRQHandler
                0x00000000080075bc                CAN1_RX0_IRQHandler
                0x00000000080075bc                FPU_IRQHandler
                0x00000000080075bc                OTG_HS_WKUP_IRQHandler
                0x00000000080075bc                LTDC_ER_IRQHandler
                0x00000000080075bc                CAN2_SCE_IRQHandler
                0x00000000080075bc                DMA2_Stream2_IRQHandler
                0x00000000080075bc                TIM6_DAC_IRQHandler
                0x00000000080075bc                TIM1_BRK_TIM9_IRQHandler
                0x00000000080075bc                DCMI_IRQHandler
                0x00000000080075bc                CAN2_RX0_IRQHandler
                0x00000000080075bc                DMA2_Stream3_IRQHandler
                0x00000000080075bc                SAI2_IRQHandler
                0x00000000080075bc                USART6_IRQHandler
                0x00000000080075bc                USART3_IRQHandler
                0x00000000080075bc                CAN1_RX1_IRQHandler
                0x00000000080075bc                UART5_IRQHandler
                0x00000000080075bc                DMA2_Stream0_IRQHandler
                0x00000000080075bc                TIM4_IRQHandler
                0x00000000080075bc                QUADSPI_IRQHandler
                0x00000000080075bc                I2C1_EV_IRQHandler
                0x00000000080075bc                DMA1_Stream6_IRQHandler
                0x00000000080075bc                DMA1_Stream1_IRQHandler
                0x00000000080075bc                TIM3_IRQHandler
                0x00000000080075bc                RCC_IRQHandler
                0x00000000080075bc                TIM8_BRK_TIM12_IRQHandler
                0x00000000080075bc                Default_Handler
                0x00000000080075bc                CEC_IRQHandler
                0x00000000080075bc                EXTI15_10_IRQHandler
                0x00000000080075bc                ADC_IRQHandler
                0x00000000080075bc                DMA1_Stream7_IRQHandler
                0x00000000080075bc                SPI5_IRQHandler
                0x00000000080075bc                TIM7_IRQHandler
                0x00000000080075bc                SDMMC1_IRQHandler
                0x00000000080075bc                CAN2_TX_IRQHandler
                0x00000000080075bc                TIM5_IRQHandler
                0x00000000080075bc                DMA2_Stream7_IRQHandler
                0x00000000080075bc                I2C3_EV_IRQHandler
                0x00000000080075bc                EXTI9_5_IRQHandler
                0x00000000080075bc                RTC_WKUP_IRQHandler
                0x00000000080075bc                LTDC_IRQHandler
                0x00000000080075bc                ETH_WKUP_IRQHandler
                0x00000000080075bc                SPDIF_RX_IRQHandler
                0x00000000080075bc                SPI2_IRQHandler
                0x00000000080075bc                OTG_HS_EP1_IN_IRQHandler
                0x00000000080075bc                DMA1_Stream0_IRQHandler
                0x00000000080075bc                CAN1_TX_IRQHandler
                0x00000000080075bc                EXTI4_IRQHandler
                0x00000000080075bc                RNG_IRQHandler
                0x00000000080075bc                ETH_IRQHandler
                0x00000000080075bc                OTG_HS_EP1_OUT_IRQHandler
                0x00000000080075bc                WWDG_IRQHandler
                0x00000000080075bc                SPI6_IRQHandler
                0x00000000080075bc                I2C4_EV_IRQHandler
                0x00000000080075bc                OTG_FS_WKUP_IRQHandler
                0x00000000080075bc                TIM1_TRG_COM_TIM11_IRQHandler
                0x00000000080075bc                OTG_HS_IRQHandler
                0x00000000080075bc                DMA2D_IRQHandler
                0x00000000080075bc                EXTI1_IRQHandler
                0x00000000080075bc                UART7_IRQHandler
                0x00000000080075bc                USART2_IRQHandler
                0x00000000080075bc                I2C2_ER_IRQHandler
                0x00000000080075bc                DMA2_Stream1_IRQHandler
                0x00000000080075bc                CAN1_SCE_IRQHandler
                0x00000000080075bc                FLASH_IRQHandler
                0x00000000080075bc                DMA2_Stream4_IRQHandler
                0x00000000080075bc                USART1_IRQHandler
                0x00000000080075bc                OTG_FS_IRQHandler
                0x00000000080075bc                SPI3_IRQHandler
                0x00000000080075bc                DMA1_Stream4_IRQHandler
                0x00000000080075bc                I2C1_ER_IRQHandler
                0x00000000080075bc                FMC_IRQHandler
                0x00000000080075bc                LPTIM1_IRQHandler
                0x00000000080075bc                I2C4_ER_IRQHandler
                0x00000000080075bc                DMA2_Stream6_IRQHandler
                0x00000000080075bc                SAI1_IRQHandler
                0x00000000080075bc                DMA1_Stream3_IRQHandler
 *(.glue_7)
 .glue_7        0x00000000080075be        0x0 linker stubs
 *(.glue_7t)
 .glue_7t       0x00000000080075be        0x0 linker stubs
 *(.eh_frame)
 *fill*         0x00000000080075be        0x2 
 .eh_frame      0x00000000080075c0        0x0 /usr/lib/gcc/arm-none-eabi/6.3.1/thumb/v7e-m/fpv4-sp/hard/crtbegin.o
 *(.init)
 .init          0x00000000080075c0        0x4 /usr/lib/gcc/arm-none-eabi/6.3.1/thumb/v7e-m/fpv4-sp/hard/crti.o
                0x00000000080075c0                _init
 .init          0x00000000080075c4        0x8 /usr/lib/gcc/arm-none-eabi/6.3.1/thumb/v7e-m/fpv4-sp/hard/crtn.o
 *(.fini)
 .fini          0x00000000080075cc        0x4 /usr/lib/gcc/arm-none-eabi/6.3.1/thumb/v7e-m/fpv4-sp/hard/crti.o
                0x00000000080075cc                _fini
 .fini          0x00000000080075d0        0x8 /usr/lib/gcc/arm-none-eabi/6.3.1/thumb/v7e-m/fpv4-sp/hard/crtn.o
                0x00000000080075d8                . = ALIGN (0x4)
                0x00000000080075d8                _etext = .

.vfp11_veneer   0x00000000080075d8        0x0
 .vfp11_veneer  0x00000000080075d8        0x0 linker stubs

.v4_bx          0x00000000080075d8        0x0
 .v4_bx         0x00000000080075d8        0x0 linker stubs

.iplt           0x00000000080075d8        0x0
 .iplt          0x00000000080075d8        0x0 /usr/lib/gcc/arm-none-eabi/6.3.1/thumb/v7e-m/fpv4-sp/hard/crtbegin.o

.rodata         0x00000000080075d8      0x1dc
                0x00000000080075d8                . = ALIGN (0x4)
 *(.rodata)
 .rodata        0x00000000080075d8      0x131 build/main.o
 *fill*         0x0000000008007709        0x3 
 .rodata        0x000000000800770c        0xa build/tim.o
 *fill*         0x0000000008007716        0x2 
 .rodata        0x0000000008007718        0xc build/usart.o
 .rodata        0x0000000008007724        0xa build/i2c.o
 *fill*         0x000000000800772e        0x2 
 .rodata        0x0000000008007730        0xa build/spi.o
 *(.rodata*)
 *fill*         0x000000000800773a        0x2 
 .rodata.AHBPrescTable
                0x000000000800773c       0x10 build/system_stm32f7xx.o
                0x000000000800773c                AHBPrescTable
 .rodata.APBPrescTable
                0x000000000800774c        0x8 build/system_stm32f7xx.o
                0x000000000800774c                APBPrescTable
 .rodata.gpgll_header.9858
                0x0000000008007754        0x6 build/gps.o
 *fill*         0x000000000800775a        0x2 
 .rodata.gpgsa_header.9883
                0x000000000800775c        0x6 build/gps.o
 *fill*         0x0000000008007762        0x2 
 .rodata.gpgga_header.9908
                0x0000000008007764        0x6 build/gps.o
 *fill*         0x000000000800776a        0x2 
 .rodata.gprmc_header.9933
                0x000000000800776c        0x6 build/gps.o
 *fill*         0x0000000008007772        0x2 
 .rodata.str1.4
                0x0000000008007774        0x2 /usr/lib/gcc/arm-none-eabi/6.3.1/../../../arm-none-eabi/lib/thumb/v7e-m/fpv4-sp/hard/libc_nano.a(lib_a-impure.o)
 *fill*         0x0000000008007776        0x2 
 .rodata.str1.4
                0x0000000008007778       0x13 /usr/lib/gcc/arm-none-eabi/6.3.1/../../../arm-none-eabi/lib/thumb/v7e-m/fpv4-sp/hard/libc_nano.a(lib_a-nano-svfprintf.o)
 *fill*         0x000000000800778b        0x1 
 .rodata.str1.4
                0x000000000800778c       0x28 /usr/lib/gcc/arm-none-eabi/6.3.1/../../../arm-none-eabi/lib/thumb/v7e-m/fpv4-sp/hard/libc_nano.a(lib_a-nano-vfprintf_i.o)
                                         0x25 (size before relaxing)
                0x00000000080077b4                . = ALIGN (0x4)

.ARM.extab
 *(.ARM.extab* .gnu.linkonce.armextab.*)

.ARM            0x00000000080077b4        0x8
                0x00000000080077b4                __exidx_start = .
 *(.ARM.exidx*)
 .ARM.exidx     0x00000000080077b4        0x8 /usr/lib/gcc/arm-none-eabi/6.3.1/thumb/v7e-m/fpv4-sp/hard/libgcc.a(_udivmoddi4.o)
                0x00000000080077bc                __exidx_end = .

.rel.dyn        0x00000000080077bc        0x0
 .rel.iplt      0x00000000080077bc        0x0 /usr/lib/gcc/arm-none-eabi/6.3.1/thumb/v7e-m/fpv4-sp/hard/crtbegin.o

.preinit_array  0x00000000080077bc        0x0
                0x00000000080077bc                PROVIDE (__preinit_array_start, .)
 *(.preinit_array*)
                0x00000000080077bc                PROVIDE (__preinit_array_end, .)

.init_array     0x00000000080077bc        0x4
                0x00000000080077bc                PROVIDE (__init_array_start, .)
 *(SORT(.init_array.*))
 *(.init_array*)
 .init_array    0x00000000080077bc        0x4 /usr/lib/gcc/arm-none-eabi/6.3.1/thumb/v7e-m/fpv4-sp/hard/crtbegin.o
                0x00000000080077c0                PROVIDE (__init_array_end, .)

.fini_array     0x00000000080077c0        0x4
                0x00000000080077c0                PROVIDE (__fini_array_start, .)
 *(SORT(.fini_array.*))
 *(.fini_array*)
 .fini_array    0x00000000080077c0        0x4 /usr/lib/gcc/arm-none-eabi/6.3.1/thumb/v7e-m/fpv4-sp/hard/crtbegin.o
                0x00000000080077c4                PROVIDE (__fini_array_end, .)
                0x00000000080077c4                _sidata = LOADADDR (.data)

.data           0x00000000200000c0       0x84 load address 0x00000000080077c4
                0x00000000200000c0                . = ALIGN (0x4)
                0x00000000200000c0                _sdata = .
 *(.data)
 .data          0x00000000200000c0       0x64 /usr/lib/gcc/arm-none-eabi/6.3.1/../../../arm-none-eabi/lib/thumb/v7e-m/fpv4-sp/hard/libc_nano.a(lib_a-impure.o)
                0x00000000200000c0                _impure_ptr
 *(.data*)
 .data.uwTickPrio
                0x0000000020000124        0x4 build/stm32f7xx_hal.o
                0x0000000020000124                uwTickPrio
 .data.uwTickFreq
                0x0000000020000128        0x1 build/stm32f7xx_hal.o
                0x0000000020000128                uwTickFreq
 *fill*         0x0000000020000129        0x3 
 .data.SystemCoreClock
                0x000000002000012c        0x4 build/system_stm32f7xx.o
                0x000000002000012c                SystemCoreClock
 .data.phase.9772
                0x0000000020000130        0x4 build/motor.o
 .data.gprmc_status
                0x0000000020000134        0x2 build/gps.o
                0x0000000020000134                gprmc_status
 .data.gprmc_enable
                0x0000000020000136        0x2 build/gps.o
                0x0000000020000136                gprmc_enable
 .data.gpgga_status
                0x0000000020000138        0x2 build/gps.o
                0x0000000020000138                gpgga_status
 .data.gpgga_enable
                0x000000002000013a        0x2 build/gps.o
                0x000000002000013a                gpgga_enable
 .data.gpgsa_status
                0x000000002000013c        0x2 build/gps.o
                0x000000002000013c                gpgsa_status
 .data.gpgsa_enable
                0x000000002000013e        0x2 build/gps.o
                0x000000002000013e                gpgsa_enable
 .data.gpgll_status
                0x0000000020000140        0x2 build/gps.o
                0x0000000020000140                gpgll_status
 .data.gpgll_enable
                0x0000000020000142        0x2 build/gps.o
                0x0000000020000142                gpgll_enable
                0x0000000020000144                . = ALIGN (0x4)
                0x0000000020000144                _edata = .

.jcr            0x0000000020000144        0x0 load address 0x0000000008007848
 .jcr           0x0000000020000144        0x0 /usr/lib/gcc/arm-none-eabi/6.3.1/thumb/v7e-m/fpv4-sp/hard/crtbegin.o

.tm_clone_table
                0x0000000020000144        0x0 load address 0x0000000008007848
 .tm_clone_table
                0x0000000020000144        0x0 /usr/lib/gcc/arm-none-eabi/6.3.1/thumb/v7e-m/fpv4-sp/hard/crtbegin.o
 .tm_clone_table
                0x0000000020000144        0x0 /usr/lib/gcc/arm-none-eabi/6.3.1/thumb/v7e-m/fpv4-sp/hard/crtend.o

.igot.plt       0x0000000020000144        0x0 load address 0x0000000008007848
 .igot.plt      0x0000000020000144        0x0 /usr/lib/gcc/arm-none-eabi/6.3.1/thumb/v7e-m/fpv4-sp/hard/crtbegin.o
                0x0000000020000144                . = ALIGN (0x4)

.bss            0x0000000020000144      0x82c load address 0x0000000008007848
                0x0000000020000144                _sbss = .
                0x0000000020000144                __bss_start__ = _sbss
 *(.bss)
 .bss           0x0000000020000144       0x1c /usr/lib/gcc/arm-none-eabi/6.3.1/thumb/v7e-m/fpv4-sp/hard/crtbegin.o
 .bss           0x0000000020000160        0x8 /usr/lib/gcc/arm-none-eabi/6.3.1/../../../arm-none-eabi/lib/thumb/v7e-m/fpv4-sp/hard/libc_nano.a(lib_a-nano-mallocr.o)
                0x0000000020000160                __malloc_free_list
                0x0000000020000164                __malloc_sbrk_start
 .bss           0x0000000020000168        0x4 /usr/lib/gcc/arm-none-eabi/6.3.1/../../../arm-none-eabi/lib/thumb/v7e-m/fpv4-sp/hard/libnosys.a(sbrk.o)
 *(.bss*)
 .bss.gpgll_index.9860
                0x000000002000016c        0x4 build/gps.o
 .bss.gpgll_buffer.9859
                0x0000000020000170       0x64 build/gps.o
 .bss.gpgsa_index.9885
                0x00000000200001d4        0x4 build/gps.o
 .bss.gpgsa_buffer.9884
                0x00000000200001d8       0x64 build/gps.o
 .bss.gpgga_index.9910
                0x000000002000023c        0x4 build/gps.o
 .bss.gpgga_buffer.9909
                0x0000000020000240       0x64 build/gps.o
 .bss.gprmc_index.9935
                0x00000000200002a4        0x4 build/gps.o
 .bss.gprmc_buffer.9934
                0x00000000200002a8       0x64 build/gps.o
 *(COMMON)
 COMMON         0x000000002000030c       0x1c build/stm32f7xx_hal_flash.o
                0x000000002000030c                pFlash
 COMMON         0x0000000020000328        0x4 build/stm32f7xx_hal.o
                0x0000000020000328                uwTick
 COMMON         0x000000002000032c      0x1e8 build/main.o
                0x000000002000032c                motor2
                0x0000000020000334                now
                0x0000000020000338                last
                0x000000002000033c                SpiRxData
                0x0000000020000340                gpsData
                0x00000000200004e0                motor4
                0x00000000200004e8                sensorValues
                0x00000000200004fc                UpdateFile
                0x0000000020000500                motor1
                0x0000000020000508                motor3
                0x0000000020000510                SpiTxData
 COMMON         0x0000000020000514      0x100 build/tim.o
                0x0000000020000514                htim3
                0x0000000020000554                htim13
                0x0000000020000594                htim2
                0x00000000200005d4                htim14
 COMMON         0x0000000020000614      0x1c0 build/usart.o
                0x0000000020000614                huart7
                0x0000000020000684                huart1
                0x00000000200006f4                huart8
                0x0000000020000764                huart4
 COMMON         0x00000000200007d4      0x130 build/i2c.o
                0x00000000200007d4                hi2c3
                0x0000000020000820                hi2c4
                0x000000002000086c                hi2c1
                0x00000000200008b8                hi2c2
 COMMON         0x0000000020000904       0x64 build/spi.o
                0x0000000020000904                hspi1
 COMMON         0x0000000020000968        0x1 build/gps.o
                0x0000000020000968                rx_data
 *fill*         0x0000000020000969        0x3 
 COMMON         0x000000002000096c        0x4 /usr/lib/gcc/arm-none-eabi/6.3.1/../../../arm-none-eabi/lib/thumb/v7e-m/fpv4-sp/hard/libc_nano.a(lib_a-reent.o)
                0x000000002000096c                errno
                0x0000000020000970                . = ALIGN (0x4)
                0x0000000020000970                _ebss = .
                0x0000000020000970                __bss_end__ = _ebss

._user_heap_stack
                0x0000000020000970      0x600 load address 0x0000000008007848
                0x0000000020000970                . = ALIGN (0x8)
                0x0000000020000970                PROVIDE (end, .)
                [!provide]                        PROVIDE (_end, .)
                0x0000000020000b70                . = (. + _Min_Heap_Size)
 *fill*         0x0000000020000970      0x200 
                0x0000000020000f70                . = (. + _Min_Stack_Size)
 *fill*         0x0000000020000b70      0x400 
                0x0000000020000f70                . = ALIGN (0x8)

/DISCARD/
 libc.a(*)
 libm.a(*)
 libgcc.a(*)

.ARM.attributes
                0x0000000000000000       0x30
 *(.ARM.attributes)
 .ARM.attributes
                0x0000000000000000       0x22 /usr/lib/gcc/arm-none-eabi/6.3.1/thumb/v7e-m/fpv4-sp/hard/crti.o
 .ARM.attributes
                0x0000000000000022       0x34 /usr/lib/gcc/arm-none-eabi/6.3.1/thumb/v7e-m/fpv4-sp/hard/crtbegin.o
 .ARM.attributes
                0x0000000000000056       0x39 build/stm32f7xx_hal_i2c.o
 .ARM.attributes
                0x000000000000008f       0x39 build/stm32f7xx_hal_flash.o
 .ARM.attributes
                0x00000000000000c8       0x39 build/stm32f7xx_hal_cortex.o
 .ARM.attributes
                0x0000000000000101       0x39 build/stm32f7xx_hal_uart.o
 .ARM.attributes
                0x000000000000013a       0x39 build/stm32f7xx_hal.o
 .ARM.attributes
                0x0000000000000173       0x39 build/stm32f7xx_hal_tim_ex.o
 .ARM.attributes
                0x00000000000001ac       0x39 build/stm32f7xx_hal_rcc.o
 .ARM.attributes
                0x00000000000001e5       0x39 build/stm32f7xx_hal_spi.o
 .ARM.attributes
                0x000000000000021e       0x39 build/stm32f7xx_hal_tim.o
 .ARM.attributes
                0x0000000000000257       0x39 build/stm32f7xx_hal_pwr_ex.o
 .ARM.attributes
                0x0000000000000290       0x39 build/stm32f7xx_hal_gpio.o
 .ARM.attributes
                0x00000000000002c9       0x39 build/stm32f7xx_hal_dma.o
 .ARM.attributes
                0x0000000000000302       0x39 build/stm32f7xx_hal_flash_ex.o
 .ARM.attributes
                0x000000000000033b       0x39 build/stm32f7xx_hal_i2c_ex.o
 .ARM.attributes
                0x0000000000000374       0x39 build/stm32f7xx_hal_rcc_ex.o
 .ARM.attributes
                0x00000000000003ad       0x39 build/main.o
 .ARM.attributes
                0x00000000000003e6       0x39 build/tim.o
 .ARM.attributes
                0x000000000000041f       0x39 build/usart.o
 .ARM.attributes
                0x0000000000000458       0x39 build/gpio.o
 .ARM.attributes
                0x0000000000000491       0x39 build/i2c.o
 .ARM.attributes
                0x00000000000004ca       0x39 build/stm32f7xx_it.o
 .ARM.attributes
                0x0000000000000503       0x39 build/system_stm32f7xx.o
 .ARM.attributes
                0x000000000000053c       0x39 build/spi.o
 .ARM.attributes
                0x0000000000000575       0x39 build/motor.o
 .ARM.attributes
                0x00000000000005ae       0x39 build/gps.o
 .ARM.attributes
                0x00000000000005e7       0x39 build/stm32f7xx_hal_msp.o
 .ARM.attributes
                0x0000000000000620       0x21 build/startup_stm32f746xx.o
 .ARM.attributes
                0x0000000000000641       0x22 /usr/lib/gcc/arm-none-eabi/6.3.1/thumb/v7e-m/fpv4-sp/hard/libgcc.a(_aeabi_uldivmod.o)
 .ARM.attributes
                0x0000000000000663       0x34 /usr/lib/gcc/arm-none-eabi/6.3.1/thumb/v7e-m/fpv4-sp/hard/libgcc.a(_udivmoddi4.o)
 .ARM.attributes
                0x0000000000000697       0x22 /usr/lib/gcc/arm-none-eabi/6.3.1/thumb/v7e-m/fpv4-sp/hard/libgcc.a(_dvmd_tls.o)
 .ARM.attributes
                0x00000000000006b9       0x34 /usr/lib/gcc/arm-none-eabi/6.3.1/../../../arm-none-eabi/lib/thumb/v7e-m/fpv4-sp/hard/libc_nano.a(lib_a-impure.o)
 .ARM.attributes
                0x00000000000006ed       0x34 /usr/lib/gcc/arm-none-eabi/6.3.1/../../../arm-none-eabi/lib/thumb/v7e-m/fpv4-sp/hard/libc_nano.a(lib_a-init.o)
 .ARM.attributes
                0x0000000000000721       0x34 /usr/lib/gcc/arm-none-eabi/6.3.1/../../../arm-none-eabi/lib/thumb/v7e-m/fpv4-sp/hard/libc_nano.a(lib_a-malloc.o)
 .ARM.attributes
                0x0000000000000755       0x20 /usr/lib/gcc/arm-none-eabi/6.3.1/../../../arm-none-eabi/lib/thumb/v7e-m/fpv4-sp/hard/libc_nano.a(lib_a-memcpy.o)
 .ARM.attributes
                0x0000000000000775       0x34 /usr/lib/gcc/arm-none-eabi/6.3.1/../../../arm-none-eabi/lib/thumb/v7e-m/fpv4-sp/hard/libc_nano.a(lib_a-nano-freer.o)
 .ARM.attributes
                0x00000000000007a9       0x34 /usr/lib/gcc/arm-none-eabi/6.3.1/../../../arm-none-eabi/lib/thumb/v7e-m/fpv4-sp/hard/libc_nano.a(lib_a-nano-mallocr.o)
 .ARM.attributes
                0x00000000000007dd       0x34 /usr/lib/gcc/arm-none-eabi/6.3.1/../../../arm-none-eabi/lib/thumb/v7e-m/fpv4-sp/hard/libc_nano.a(lib_a-sbrkr.o)
 .ARM.attributes
                0x0000000000000811       0x20 /usr/lib/gcc/arm-none-eabi/6.3.1/../../../arm-none-eabi/lib/thumb/v7e-m/fpv4-sp/hard/libc_nano.a(lib_a-strlen.o)
 .ARM.attributes
                0x0000000000000831       0x34 /usr/lib/gcc/arm-none-eabi/6.3.1/../../../arm-none-eabi/lib/thumb/v7e-m/fpv4-sp/hard/libc_nano.a(lib_a-vsprintf.o)
 .ARM.attributes
                0x0000000000000865       0x34 /usr/lib/gcc/arm-none-eabi/6.3.1/../../../arm-none-eabi/lib/thumb/v7e-m/fpv4-sp/hard/libc_nano.a(lib_a-nano-svfprintf.o)
 .ARM.attributes
                0x0000000000000899       0x34 /usr/lib/gcc/arm-none-eabi/6.3.1/../../../arm-none-eabi/lib/thumb/v7e-m/fpv4-sp/hard/libc_nano.a(lib_a-nano-vfprintf_i.o)
 .ARM.attributes
                0x00000000000008cd       0x34 /usr/lib/gcc/arm-none-eabi/6.3.1/../../../arm-none-eabi/lib/thumb/v7e-m/fpv4-sp/hard/libc_nano.a(lib_a-reent.o)
 .ARM.attributes
                0x0000000000000901       0x20 /usr/lib/gcc/arm-none-eabi/6.3.1/../../../arm-none-eabi/lib/thumb/v7e-m/fpv4-sp/hard/libc_nano.a(lib_a-memchr.o)
 .ARM.attributes
                0x0000000000000921       0x34 /usr/lib/gcc/arm-none-eabi/6.3.1/../../../arm-none-eabi/lib/thumb/v7e-m/fpv4-sp/hard/libc_nano.a(lib_a-memmove.o)
 .ARM.attributes
                0x0000000000000955       0x34 /usr/lib/gcc/arm-none-eabi/6.3.1/../../../arm-none-eabi/lib/thumb/v7e-m/fpv4-sp/hard/libc_nano.a(lib_a-nano-reallocr.o)
 .ARM.attributes
                0x0000000000000989       0x34 /usr/lib/gcc/arm-none-eabi/6.3.1/../../../arm-none-eabi/lib/thumb/v7e-m/fpv4-sp/hard/libc_nano.a(lib_a-nano-msizer.o)
 .ARM.attributes
                0x00000000000009bd       0x34 /usr/lib/gcc/arm-none-eabi/6.3.1/../../../arm-none-eabi/lib/thumb/v7e-m/fpv4-sp/hard/libnosys.a(sbrk.o)
 .ARM.attributes
                0x00000000000009f1       0x34 /usr/lib/gcc/arm-none-eabi/6.3.1/thumb/v7e-m/fpv4-sp/hard/crtend.o
 .ARM.attributes
                0x0000000000000a25       0x22 /usr/lib/gcc/arm-none-eabi/6.3.1/thumb/v7e-m/fpv4-sp/hard/crtn.o
OUTPUT(build/stm32f746.elf elf32-littlearm)

.comment        0x0000000000000000       0x56
 .comment       0x0000000000000000       0x2b /usr/lib/gcc/arm-none-eabi/6.3.1/thumb/v7e-m/fpv4-sp/hard/crtbegin.o
                                         0x2c (size before relaxing)
 .comment       0x000000000000002b       0x2c build/stm32f7xx_hal_i2c.o
 .comment       0x000000000000002b       0x2c build/stm32f7xx_hal_flash.o
 .comment       0x000000000000002b       0x2c build/stm32f7xx_hal_cortex.o
 .comment       0x000000000000002b       0x2c build/stm32f7xx_hal_uart.o
 .comment       0x000000000000002b       0x2c build/stm32f7xx_hal.o
 .comment       0x000000000000002b       0x2c build/stm32f7xx_hal_tim_ex.o
 .comment       0x000000000000002b       0x2c build/stm32f7xx_hal_rcc.o
 .comment       0x000000000000002b       0x2c build/stm32f7xx_hal_spi.o
 .comment       0x000000000000002b       0x2c build/stm32f7xx_hal_tim.o
 .comment       0x000000000000002b       0x2c build/stm32f7xx_hal_pwr_ex.o
 .comment       0x000000000000002b       0x2c build/stm32f7xx_hal_gpio.o
 .comment       0x000000000000002b       0x2c build/stm32f7xx_hal_dma.o
 .comment       0x000000000000002b       0x2c build/stm32f7xx_hal_flash_ex.o
 .comment       0x000000000000002b       0x2c build/stm32f7xx_hal_i2c_ex.o
 .comment       0x000000000000002b       0x2c build/stm32f7xx_hal_rcc_ex.o
 .comment       0x000000000000002b       0x2c build/main.o
 .comment       0x000000000000002b       0x2c build/tim.o
 .comment       0x000000000000002b       0x2c build/usart.o
 .comment       0x000000000000002b       0x2c build/gpio.o
 .comment       0x000000000000002b       0x2c build/i2c.o
 .comment       0x000000000000002b       0x2c build/stm32f7xx_it.o
 .comment       0x000000000000002b       0x2c build/system_stm32f7xx.o
 .comment       0x000000000000002b       0x2c build/spi.o
 .comment       0x000000000000002b       0x2c build/motor.o
 .comment       0x000000000000002b       0x2c build/gps.o
 .comment       0x000000000000002b       0x2c build/stm32f7xx_hal_msp.o
 .comment       0x000000000000002b       0x2c /usr/lib/gcc/arm-none-eabi/6.3.1/thumb/v7e-m/fpv4-sp/hard/libgcc.a(_udivmoddi4.o)
 .comment       0x000000000000002b       0x2b /usr/lib/gcc/arm-none-eabi/6.3.1/../../../arm-none-eabi/lib/thumb/v7e-m/fpv4-sp/hard/libc_nano.a(lib_a-impure.o)
                                         0x2c (size before relaxing)
 .comment       0x0000000000000056       0x2c /usr/lib/gcc/arm-none-eabi/6.3.1/../../../arm-none-eabi/lib/thumb/v7e-m/fpv4-sp/hard/libc_nano.a(lib_a-init.o)
 .comment       0x0000000000000056       0x2c /usr/lib/gcc/arm-none-eabi/6.3.1/../../../arm-none-eabi/lib/thumb/v7e-m/fpv4-sp/hard/libc_nano.a(lib_a-malloc.o)
 .comment       0x0000000000000056       0x2c /usr/lib/gcc/arm-none-eabi/6.3.1/../../../arm-none-eabi/lib/thumb/v7e-m/fpv4-sp/hard/libc_nano.a(lib_a-nano-freer.o)
 .comment       0x0000000000000056       0x2c /usr/lib/gcc/arm-none-eabi/6.3.1/../../../arm-none-eabi/lib/thumb/v7e-m/fpv4-sp/hard/libc_nano.a(lib_a-nano-mallocr.o)
 .comment       0x0000000000000056       0x2c /usr/lib/gcc/arm-none-eabi/6.3.1/../../../arm-none-eabi/lib/thumb/v7e-m/fpv4-sp/hard/libc_nano.a(lib_a-sbrkr.o)
 .comment       0x0000000000000056       0x2c /usr/lib/gcc/arm-none-eabi/6.3.1/../../../arm-none-eabi/lib/thumb/v7e-m/fpv4-sp/hard/libc_nano.a(lib_a-vsprintf.o)
 .comment       0x0000000000000056       0x2c /usr/lib/gcc/arm-none-eabi/6.3.1/../../../arm-none-eabi/lib/thumb/v7e-m/fpv4-sp/hard/libc_nano.a(lib_a-nano-svfprintf.o)
 .comment       0x0000000000000056       0x2c /usr/lib/gcc/arm-none-eabi/6.3.1/../../../arm-none-eabi/lib/thumb/v7e-m/fpv4-sp/hard/libc_nano.a(lib_a-nano-vfprintf_i.o)
 .comment       0x0000000000000056       0x2c /usr/lib/gcc/arm-none-eabi/6.3.1/../../../arm-none-eabi/lib/thumb/v7e-m/fpv4-sp/hard/libc_nano.a(lib_a-reent.o)
 .comment       0x0000000000000056       0x2c /usr/lib/gcc/arm-none-eabi/6.3.1/../../../arm-none-eabi/lib/thumb/v7e-m/fpv4-sp/hard/libc_nano.a(lib_a-memmove.o)
 .comment       0x0000000000000056       0x2c /usr/lib/gcc/arm-none-eabi/6.3.1/../../../arm-none-eabi/lib/thumb/v7e-m/fpv4-sp/hard/libc_nano.a(lib_a-nano-reallocr.o)
 .comment       0x0000000000000056       0x2c /usr/lib/gcc/arm-none-eabi/6.3.1/../../../arm-none-eabi/lib/thumb/v7e-m/fpv4-sp/hard/libc_nano.a(lib_a-nano-msizer.o)
 .comment       0x0000000000000056       0x2c /usr/lib/gcc/arm-none-eabi/6.3.1/../../../arm-none-eabi/lib/thumb/v7e-m/fpv4-sp/hard/libnosys.a(sbrk.o)
 .comment       0x0000000000000056       0x2c /usr/lib/gcc/arm-none-eabi/6.3.1/thumb/v7e-m/fpv4-sp/hard/crtend.o

.debug_info     0x0000000000000000    0x2fce6
 .debug_info    0x0000000000000000     0x26bf build/stm32f7xx_hal_i2c.o
 .debug_info    0x00000000000026bf      0xf50 build/stm32f7xx_hal_flash.o
 .debug_info    0x000000000000360f     0x1a2f build/stm32f7xx_hal_cortex.o
 .debug_info    0x000000000000503e     0x1e16 build/stm32f7xx_hal_uart.o
 .debug_info    0x0000000000006e54     0x1393 build/stm32f7xx_hal.o
 .debug_info    0x00000000000081e7     0x1d39 build/stm32f7xx_hal_tim_ex.o
 .debug_info    0x0000000000009f20     0x12a7 build/stm32f7xx_hal_rcc.o
 .debug_info    0x000000000000b1c7     0x203d build/stm32f7xx_hal_spi.o
 .debug_info    0x000000000000d204     0x2e27 build/stm32f7xx_hal_tim.o
 .debug_info    0x000000000001002b     0x133e build/stm32f7xx_hal_pwr_ex.o
 .debug_info    0x0000000000011369     0x111b build/stm32f7xx_hal_gpio.o
 .debug_info    0x0000000000012484     0x1290 build/stm32f7xx_hal_dma.o
 .debug_info    0x0000000000013714     0x10a9 build/stm32f7xx_hal_flash_ex.o
 .debug_info    0x00000000000147bd     0x1061 build/stm32f7xx_hal_i2c_ex.o
 .debug_info    0x000000000001581e     0x1104 build/stm32f7xx_hal_rcc_ex.o
 .debug_info    0x0000000000016922     0x3503 build/main.o
 .debug_info    0x0000000000019e25     0x194e build/tim.o
 .debug_info    0x000000000001b773     0x1748 build/usart.o
 .debug_info    0x000000000001cebb      0xe66 build/gpio.o
 .debug_info    0x000000000001dd21     0x1496 build/i2c.o
 .debug_info    0x000000000001f1b7     0x1857 build/stm32f7xx_it.o
 .debug_info    0x0000000000020a0e     0x1096 build/system_stm32f7xx.o
 .debug_info    0x0000000000021aa4     0x1605 build/spi.o
 .debug_info    0x00000000000230a9     0x121c build/motor.o
 .debug_info    0x00000000000242c5     0x1540 build/gps.o
 .debug_info    0x0000000000025805      0xca5 build/stm32f7xx_hal_msp.o
 .debug_info    0x00000000000264aa       0x77 build/startup_stm32f746xx.o
 .debug_info    0x0000000000026521       0xcf /usr/lib/gcc/arm-none-eabi/6.3.1/thumb/v7e-m/fpv4-sp/hard/libgcc.a(_aeabi_uldivmod.o)
 .debug_info    0x00000000000265f0      0xc24 /usr/lib/gcc/arm-none-eabi/6.3.1/thumb/v7e-m/fpv4-sp/hard/libgcc.a(_udivmoddi4.o)
 .debug_info    0x0000000000027214       0xd3 /usr/lib/gcc/arm-none-eabi/6.3.1/thumb/v7e-m/fpv4-sp/hard/libgcc.a(_dvmd_tls.o)
 .debug_info    0x00000000000272e7      0x8a0 /usr/lib/gcc/arm-none-eabi/6.3.1/../../../arm-none-eabi/lib/thumb/v7e-m/fpv4-sp/hard/libc_nano.a(lib_a-impure.o)
 .debug_info    0x0000000000027b87      0x110 /usr/lib/gcc/arm-none-eabi/6.3.1/../../../arm-none-eabi/lib/thumb/v7e-m/fpv4-sp/hard/libc_nano.a(lib_a-init.o)
 .debug_info    0x0000000000027c97      0x91d /usr/lib/gcc/arm-none-eabi/6.3.1/../../../arm-none-eabi/lib/thumb/v7e-m/fpv4-sp/hard/libc_nano.a(lib_a-malloc.o)
 .debug_info    0x00000000000285b4       0xe1 /usr/lib/gcc/arm-none-eabi/6.3.1/../../../arm-none-eabi/lib/thumb/v7e-m/fpv4-sp/hard/libc_nano.a(lib_a-memcpy.o)
 .debug_info    0x0000000000028695      0xa51 /usr/lib/gcc/arm-none-eabi/6.3.1/../../../arm-none-eabi/lib/thumb/v7e-m/fpv4-sp/hard/libc_nano.a(lib_a-nano-freer.o)
 .debug_info    0x00000000000290e6      0xb1f /usr/lib/gcc/arm-none-eabi/6.3.1/../../../arm-none-eabi/lib/thumb/v7e-m/fpv4-sp/hard/libc_nano.a(lib_a-nano-mallocr.o)
 .debug_info    0x0000000000029c05      0x955 /usr/lib/gcc/arm-none-eabi/6.3.1/../../../arm-none-eabi/lib/thumb/v7e-m/fpv4-sp/hard/libc_nano.a(lib_a-sbrkr.o)
 .debug_info    0x000000000002a55a       0xe0 /usr/lib/gcc/arm-none-eabi/6.3.1/../../../arm-none-eabi/lib/thumb/v7e-m/fpv4-sp/hard/libc_nano.a(lib_a-strlen.o)
 .debug_info    0x000000000002a63a      0xb99 /usr/lib/gcc/arm-none-eabi/6.3.1/../../../arm-none-eabi/lib/thumb/v7e-m/fpv4-sp/hard/libc_nano.a(lib_a-vsprintf.o)
 .debug_info    0x000000000002b1d3     0x11b2 /usr/lib/gcc/arm-none-eabi/6.3.1/../../../arm-none-eabi/lib/thumb/v7e-m/fpv4-sp/hard/libc_nano.a(lib_a-nano-svfprintf.o)
 .debug_info    0x000000000002c385      0xfb4 /usr/lib/gcc/arm-none-eabi/6.3.1/../../../arm-none-eabi/lib/thumb/v7e-m/fpv4-sp/hard/libc_nano.a(lib_a-nano-vfprintf_i.o)
 .debug_info    0x000000000002d339      0xa67 /usr/lib/gcc/arm-none-eabi/6.3.1/../../../arm-none-eabi/lib/thumb/v7e-m/fpv4-sp/hard/libc_nano.a(lib_a-reent.o)
 .debug_info    0x000000000002dda0       0xda /usr/lib/gcc/arm-none-eabi/6.3.1/../../../arm-none-eabi/lib/thumb/v7e-m/fpv4-sp/hard/libc_nano.a(lib_a-memchr.o)
 .debug_info    0x000000000002de7a      0x925 /usr/lib/gcc/arm-none-eabi/6.3.1/../../../arm-none-eabi/lib/thumb/v7e-m/fpv4-sp/hard/libc_nano.a(lib_a-memmove.o)
 .debug_info    0x000000000002e79f      0xac0 /usr/lib/gcc/arm-none-eabi/6.3.1/../../../arm-none-eabi/lib/thumb/v7e-m/fpv4-sp/hard/libc_nano.a(lib_a-nano-reallocr.o)
 .debug_info    0x000000000002f25f      0x9f7 /usr/lib/gcc/arm-none-eabi/6.3.1/../../../arm-none-eabi/lib/thumb/v7e-m/fpv4-sp/hard/libc_nano.a(lib_a-nano-msizer.o)
 .debug_info    0x000000000002fc56       0x90 /usr/lib/gcc/arm-none-eabi/6.3.1/../../../arm-none-eabi/lib/thumb/v7e-m/fpv4-sp/hard/libnosys.a(sbrk.o)

.debug_abbrev   0x0000000000000000     0x5c0e
 .debug_abbrev  0x0000000000000000      0x2b8 build/stm32f7xx_hal_i2c.o
 .debug_abbrev  0x00000000000002b8      0x2f6 build/stm32f7xx_hal_flash.o
 .debug_abbrev  0x00000000000005ae      0x366 build/stm32f7xx_hal_cortex.o
 .debug_abbrev  0x0000000000000914      0x2c7 build/stm32f7xx_hal_uart.o
 .debug_abbrev  0x0000000000000bdb      0x295 build/stm32f7xx_hal.o
 .debug_abbrev  0x0000000000000e70      0x29b build/stm32f7xx_hal_tim_ex.o
 .debug_abbrev  0x000000000000110b      0x2b0 build/stm32f7xx_hal_rcc.o
 .debug_abbrev  0x00000000000013bb      0x2a7 build/stm32f7xx_hal_spi.o
 .debug_abbrev  0x0000000000001662      0x293 build/stm32f7xx_hal_tim.o
 .debug_abbrev  0x00000000000018f5      0x28f build/stm32f7xx_hal_pwr_ex.o
 .debug_abbrev  0x0000000000001b84      0x25f build/stm32f7xx_hal_gpio.o
 .debug_abbrev  0x0000000000001de3      0x299 build/stm32f7xx_hal_dma.o
 .debug_abbrev  0x000000000000207c      0x2c2 build/stm32f7xx_hal_flash_ex.o
 .debug_abbrev  0x000000000000233e      0x1ec build/stm32f7xx_hal_i2c_ex.o
 .debug_abbrev  0x000000000000252a      0x252 build/stm32f7xx_hal_rcc_ex.o
 .debug_abbrev  0x000000000000277c      0x41b build/main.o
 .debug_abbrev  0x0000000000002b97      0x28f build/tim.o
 .debug_abbrev  0x0000000000002e26      0x212 build/usart.o
 .debug_abbrev  0x0000000000003038      0x1d3 build/gpio.o
 .debug_abbrev  0x000000000000320b      0x241 build/i2c.o
 .debug_abbrev  0x000000000000344c      0x211 build/stm32f7xx_it.o
 .debug_abbrev  0x000000000000365d      0x1ea build/system_stm32f7xx.o
 .debug_abbrev  0x0000000000003847      0x207 build/spi.o
 .debug_abbrev  0x0000000000003a4e      0x236 build/motor.o
 .debug_abbrev  0x0000000000003c84      0x285 build/gps.o
 .debug_abbrev  0x0000000000003f09      0x1aa build/stm32f7xx_hal_msp.o
 .debug_abbrev  0x00000000000040b3       0x12 build/startup_stm32f746xx.o
 .debug_abbrev  0x00000000000040c5       0x14 /usr/lib/gcc/arm-none-eabi/6.3.1/thumb/v7e-m/fpv4-sp/hard/libgcc.a(_aeabi_uldivmod.o)
 .debug_abbrev  0x00000000000040d9      0x18c /usr/lib/gcc/arm-none-eabi/6.3.1/thumb/v7e-m/fpv4-sp/hard/libgcc.a(_udivmoddi4.o)
 .debug_abbrev  0x0000000000004265       0x14 /usr/lib/gcc/arm-none-eabi/6.3.1/thumb/v7e-m/fpv4-sp/hard/libgcc.a(_dvmd_tls.o)
 .debug_abbrev  0x0000000000004279      0x153 /usr/lib/gcc/arm-none-eabi/6.3.1/../../../arm-none-eabi/lib/thumb/v7e-m/fpv4-sp/hard/libc_nano.a(lib_a-impure.o)
 .debug_abbrev  0x00000000000043cc       0xba /usr/lib/gcc/arm-none-eabi/6.3.1/../../../arm-none-eabi/lib/thumb/v7e-m/fpv4-sp/hard/libc_nano.a(lib_a-init.o)
 .debug_abbrev  0x0000000000004486      0x1c0 /usr/lib/gcc/arm-none-eabi/6.3.1/../../../arm-none-eabi/lib/thumb/v7e-m/fpv4-sp/hard/libc_nano.a(lib_a-malloc.o)
 .debug_abbrev  0x0000000000004646       0x14 /usr/lib/gcc/arm-none-eabi/6.3.1/../../../arm-none-eabi/lib/thumb/v7e-m/fpv4-sp/hard/libc_nano.a(lib_a-memcpy.o)
 .debug_abbrev  0x000000000000465a      0x1ef /usr/lib/gcc/arm-none-eabi/6.3.1/../../../arm-none-eabi/lib/thumb/v7e-m/fpv4-sp/hard/libc_nano.a(lib_a-nano-freer.o)
 .debug_abbrev  0x0000000000004849      0x274 /usr/lib/gcc/arm-none-eabi/6.3.1/../../../arm-none-eabi/lib/thumb/v7e-m/fpv4-sp/hard/libc_nano.a(lib_a-nano-mallocr.o)
 .debug_abbrev  0x0000000000004abd      0x1d6 /usr/lib/gcc/arm-none-eabi/6.3.1/../../../arm-none-eabi/lib/thumb/v7e-m/fpv4-sp/hard/libc_nano.a(lib_a-sbrkr.o)
 .debug_abbrev  0x0000000000004c93       0x14 /usr/lib/gcc/arm-none-eabi/6.3.1/../../../arm-none-eabi/lib/thumb/v7e-m/fpv4-sp/hard/libc_nano.a(lib_a-strlen.o)
 .debug_abbrev  0x0000000000004ca7      0x211 /usr/lib/gcc/arm-none-eabi/6.3.1/../../../arm-none-eabi/lib/thumb/v7e-m/fpv4-sp/hard/libc_nano.a(lib_a-vsprintf.o)
 .debug_abbrev  0x0000000000004eb8      0x2d7 /usr/lib/gcc/arm-none-eabi/6.3.1/../../../arm-none-eabi/lib/thumb/v7e-m/fpv4-sp/hard/libc_nano.a(lib_a-nano-svfprintf.o)
 .debug_abbrev  0x000000000000518f      0x27c /usr/lib/gcc/arm-none-eabi/6.3.1/../../../arm-none-eabi/lib/thumb/v7e-m/fpv4-sp/hard/libc_nano.a(lib_a-nano-vfprintf_i.o)
 .debug_abbrev  0x000000000000540b      0x228 /usr/lib/gcc/arm-none-eabi/6.3.1/../../../arm-none-eabi/lib/thumb/v7e-m/fpv4-sp/hard/libc_nano.a(lib_a-reent.o)
 .debug_abbrev  0x0000000000005633       0x14 /usr/lib/gcc/arm-none-eabi/6.3.1/../../../arm-none-eabi/lib/thumb/v7e-m/fpv4-sp/hard/libc_nano.a(lib_a-memchr.o)
 .debug_abbrev  0x0000000000005647      0x19c /usr/lib/gcc/arm-none-eabi/6.3.1/../../../arm-none-eabi/lib/thumb/v7e-m/fpv4-sp/hard/libc_nano.a(lib_a-memmove.o)
 .debug_abbrev  0x00000000000057e3      0x1ee /usr/lib/gcc/arm-none-eabi/6.3.1/../../../arm-none-eabi/lib/thumb/v7e-m/fpv4-sp/hard/libc_nano.a(lib_a-nano-reallocr.o)
 .debug_abbrev  0x00000000000059d1      0x1ab /usr/lib/gcc/arm-none-eabi/6.3.1/../../../arm-none-eabi/lib/thumb/v7e-m/fpv4-sp/hard/libc_nano.a(lib_a-nano-msizer.o)
 .debug_abbrev  0x0000000000005b7c       0x92 /usr/lib/gcc/arm-none-eabi/6.3.1/../../../arm-none-eabi/lib/thumb/v7e-m/fpv4-sp/hard/libnosys.a(sbrk.o)

.debug_loc      0x0000000000000000     0xd51b
 .debug_loc     0x0000000000000000     0x17cc build/stm32f7xx_hal_i2c.o
 .debug_loc     0x00000000000017cc      0x544 build/stm32f7xx_hal_flash.o
 .debug_loc     0x0000000000001d10      0x9f4 build/stm32f7xx_hal_cortex.o
 .debug_loc     0x0000000000002704      0xfac build/stm32f7xx_hal_uart.o
 .debug_loc     0x00000000000036b0      0x7a8 build/stm32f7xx_hal.o
 .debug_loc     0x0000000000003e58      0xe24 build/stm32f7xx_hal_tim_ex.o
 .debug_loc     0x0000000000004c7c      0x3de build/stm32f7xx_hal_rcc.o
 .debug_loc     0x000000000000505a     0x1240 build/stm32f7xx_hal_spi.o
 .debug_loc     0x000000000000629a     0x2348 build/stm32f7xx_hal_tim.o
 .debug_loc     0x00000000000085e2      0x3bc build/stm32f7xx_hal_pwr_ex.o
 .debug_loc     0x000000000000899e      0x2d4 build/stm32f7xx_hal_gpio.o
 .debug_loc     0x0000000000008c72      0x510 build/stm32f7xx_hal_dma.o
 .debug_loc     0x0000000000009182      0x568 build/stm32f7xx_hal_flash_ex.o
 .debug_loc     0x00000000000096ea       0xb8 build/stm32f7xx_hal_i2c_ex.o
 .debug_loc     0x00000000000097a2      0x248 build/stm32f7xx_hal_rcc_ex.o
 .debug_loc     0x00000000000099ea      0x56d build/main.o
 .debug_loc     0x0000000000009f57      0x2e8 build/tim.o
 .debug_loc     0x000000000000a23f      0x150 build/usart.o
 .debug_loc     0x000000000000a38f       0x52 build/gpio.o
 .debug_loc     0x000000000000a3e1      0x150 build/i2c.o
 .debug_loc     0x000000000000a531      0x2e4 build/stm32f7xx_it.o
 .debug_loc     0x000000000000a815       0xa0 build/system_stm32f7xx.o
 .debug_loc     0x000000000000a8b5       0xcc build/spi.o
 .debug_loc     0x000000000000a981      0x1ac build/motor.o
 .debug_loc     0x000000000000ab2d      0x25c build/gps.o
 .debug_loc     0x000000000000ad89       0x2c build/stm32f7xx_hal_msp.o
 .debug_loc     0x000000000000adb5      0xd77 /usr/lib/gcc/arm-none-eabi/6.3.1/thumb/v7e-m/fpv4-sp/hard/libgcc.a(_udivmoddi4.o)
 .debug_loc     0x000000000000bb2c       0xae /usr/lib/gcc/arm-none-eabi/6.3.1/../../../arm-none-eabi/lib/thumb/v7e-m/fpv4-sp/hard/libc_nano.a(lib_a-init.o)
 .debug_loc     0x000000000000bbda       0x58 /usr/lib/gcc/arm-none-eabi/6.3.1/../../../arm-none-eabi/lib/thumb/v7e-m/fpv4-sp/hard/libc_nano.a(lib_a-malloc.o)
 .debug_loc     0x000000000000bc32      0x140 /usr/lib/gcc/arm-none-eabi/6.3.1/../../../arm-none-eabi/lib/thumb/v7e-m/fpv4-sp/hard/libc_nano.a(lib_a-nano-freer.o)
 .debug_loc     0x000000000000bd72      0x389 /usr/lib/gcc/arm-none-eabi/6.3.1/../../../arm-none-eabi/lib/thumb/v7e-m/fpv4-sp/hard/libc_nano.a(lib_a-nano-mallocr.o)
 .debug_loc     0x000000000000c0fb       0x4d /usr/lib/gcc/arm-none-eabi/6.3.1/../../../arm-none-eabi/lib/thumb/v7e-m/fpv4-sp/hard/libc_nano.a(lib_a-sbrkr.o)
 .debug_loc     0x000000000000c148       0xde /usr/lib/gcc/arm-none-eabi/6.3.1/../../../arm-none-eabi/lib/thumb/v7e-m/fpv4-sp/hard/libc_nano.a(lib_a-vsprintf.o)
 .debug_loc     0x000000000000c226      0x6e1 /usr/lib/gcc/arm-none-eabi/6.3.1/../../../arm-none-eabi/lib/thumb/v7e-m/fpv4-sp/hard/libc_nano.a(lib_a-nano-svfprintf.o)
 .debug_loc     0x000000000000c907      0x68a /usr/lib/gcc/arm-none-eabi/6.3.1/../../../arm-none-eabi/lib/thumb/v7e-m/fpv4-sp/hard/libc_nano.a(lib_a-nano-vfprintf_i.o)
 .debug_loc     0x000000000000cf91       0xec /usr/lib/gcc/arm-none-eabi/6.3.1/../../../arm-none-eabi/lib/thumb/v7e-m/fpv4-sp/hard/libc_nano.a(lib_a-reent.o)
 .debug_loc     0x000000000000d07d      0x269 /usr/lib/gcc/arm-none-eabi/6.3.1/../../../arm-none-eabi/lib/thumb/v7e-m/fpv4-sp/hard/libc_nano.a(lib_a-memmove.o)
 .debug_loc     0x000000000000d2e6      0x185 /usr/lib/gcc/arm-none-eabi/6.3.1/../../../arm-none-eabi/lib/thumb/v7e-m/fpv4-sp/hard/libc_nano.a(lib_a-nano-reallocr.o)
 .debug_loc     0x000000000000d46b       0x78 /usr/lib/gcc/arm-none-eabi/6.3.1/../../../arm-none-eabi/lib/thumb/v7e-m/fpv4-sp/hard/libc_nano.a(lib_a-nano-msizer.o)
 .debug_loc     0x000000000000d4e3       0x38 /usr/lib/gcc/arm-none-eabi/6.3.1/../../../arm-none-eabi/lib/thumb/v7e-m/fpv4-sp/hard/libnosys.a(sbrk.o)

.debug_aranges  0x0000000000000000     0x1650
 .debug_aranges
                0x0000000000000000      0x260 build/stm32f7xx_hal_i2c.o
 .debug_aranges
                0x0000000000000260       0xa0 build/stm32f7xx_hal_flash.o
 .debug_aranges
                0x0000000000000300      0x118 build/stm32f7xx_hal_cortex.o
 .debug_aranges
                0x0000000000000418      0x190 build/stm32f7xx_hal_uart.o
 .debug_aranges
                0x00000000000005a8      0x100 build/stm32f7xx_hal.o
 .debug_aranges
                0x00000000000006a8      0x170 build/stm32f7xx_hal_tim_ex.o
 .debug_aranges
                0x0000000000000818       0x88 build/stm32f7xx_hal_rcc.o
 .debug_aranges
                0x00000000000008a0      0x1d8 build/stm32f7xx_hal_spi.o
 .debug_aranges
                0x0000000000000a78      0x368 build/stm32f7xx_hal_tim.o
 .debug_aranges
                0x0000000000000de0       0x80 build/stm32f7xx_hal_pwr_ex.o
 .debug_aranges
                0x0000000000000e60       0x58 build/stm32f7xx_hal_gpio.o
 .debug_aranges
                0x0000000000000eb8       0x90 build/stm32f7xx_hal_dma.o
 .debug_aranges
                0x0000000000000f48       0xa0 build/stm32f7xx_hal_flash_ex.o
 .debug_aranges
                0x0000000000000fe8       0x28 build/stm32f7xx_hal_i2c_ex.o
 .debug_aranges
                0x0000000000001010       0x50 build/stm32f7xx_hal_rcc_ex.o
 .debug_aranges
                0x0000000000001060       0xa0 build/main.o
 .debug_aranges
                0x0000000000001100       0x60 build/tim.o
 .debug_aranges
                0x0000000000001160       0x48 build/usart.o
 .debug_aranges
                0x00000000000011a8       0x20 build/gpio.o
 .debug_aranges
                0x00000000000011c8       0x48 build/i2c.o
 .debug_aranges
                0x0000000000001210       0x80 build/stm32f7xx_it.o
 .debug_aranges
                0x0000000000001290       0x28 build/system_stm32f7xx.o
 .debug_aranges
                0x00000000000012b8       0x30 build/spi.o
 .debug_aranges
                0x00000000000012e8       0x50 build/motor.o
 .debug_aranges
                0x0000000000001338       0x58 build/gps.o
 .debug_aranges
                0x0000000000001390       0x20 build/stm32f7xx_hal_msp.o
 .debug_aranges
                0x00000000000013b0       0x28 build/startup_stm32f746xx.o
 .debug_aranges
                0x00000000000013d8       0x20 /usr/lib/gcc/arm-none-eabi/6.3.1/thumb/v7e-m/fpv4-sp/hard/libgcc.a(_aeabi_uldivmod.o)
 .debug_aranges
                0x00000000000013f8       0x20 /usr/lib/gcc/arm-none-eabi/6.3.1/thumb/v7e-m/fpv4-sp/hard/libgcc.a(_udivmoddi4.o)
 .debug_aranges
                0x0000000000001418       0x20 /usr/lib/gcc/arm-none-eabi/6.3.1/thumb/v7e-m/fpv4-sp/hard/libgcc.a(_dvmd_tls.o)
 .debug_aranges
                0x0000000000001438       0x18 /usr/lib/gcc/arm-none-eabi/6.3.1/../../../arm-none-eabi/lib/thumb/v7e-m/fpv4-sp/hard/libc_nano.a(lib_a-impure.o)
 .debug_aranges
                0x0000000000001450       0x20 /usr/lib/gcc/arm-none-eabi/6.3.1/../../../arm-none-eabi/lib/thumb/v7e-m/fpv4-sp/hard/libc_nano.a(lib_a-init.o)
 .debug_aranges
                0x0000000000001470       0x20 /usr/lib/gcc/arm-none-eabi/6.3.1/../../../arm-none-eabi/lib/thumb/v7e-m/fpv4-sp/hard/libc_nano.a(lib_a-malloc.o)
 .debug_aranges
                0x0000000000001490       0x20 /usr/lib/gcc/arm-none-eabi/6.3.1/../../../arm-none-eabi/lib/thumb/v7e-m/fpv4-sp/hard/libc_nano.a(lib_a-memcpy.o)
 .debug_aranges
                0x00000000000014b0       0x20 /usr/lib/gcc/arm-none-eabi/6.3.1/../../../arm-none-eabi/lib/thumb/v7e-m/fpv4-sp/hard/libc_nano.a(lib_a-nano-freer.o)
 .debug_aranges
                0x00000000000014d0       0x20 /usr/lib/gcc/arm-none-eabi/6.3.1/../../../arm-none-eabi/lib/thumb/v7e-m/fpv4-sp/hard/libc_nano.a(lib_a-nano-mallocr.o)
 .debug_aranges
                0x00000000000014f0       0x20 /usr/lib/gcc/arm-none-eabi/6.3.1/../../../arm-none-eabi/lib/thumb/v7e-m/fpv4-sp/hard/libc_nano.a(lib_a-sbrkr.o)
 .debug_aranges
                0x0000000000001510       0x20 /usr/lib/gcc/arm-none-eabi/6.3.1/../../../arm-none-eabi/lib/thumb/v7e-m/fpv4-sp/hard/libc_nano.a(lib_a-strlen.o)
 .debug_aranges
                0x0000000000001530       0x20 /usr/lib/gcc/arm-none-eabi/6.3.1/../../../arm-none-eabi/lib/thumb/v7e-m/fpv4-sp/hard/libc_nano.a(lib_a-vsprintf.o)
 .debug_aranges
                0x0000000000001550       0x20 /usr/lib/gcc/arm-none-eabi/6.3.1/../../../arm-none-eabi/lib/thumb/v7e-m/fpv4-sp/hard/libc_nano.a(lib_a-nano-svfprintf.o)
 .debug_aranges
                0x0000000000001570       0x20 /usr/lib/gcc/arm-none-eabi/6.3.1/../../../arm-none-eabi/lib/thumb/v7e-m/fpv4-sp/hard/libc_nano.a(lib_a-nano-vfprintf_i.o)
 .debug_aranges
                0x0000000000001590       0x20 /usr/lib/gcc/arm-none-eabi/6.3.1/../../../arm-none-eabi/lib/thumb/v7e-m/fpv4-sp/hard/libc_nano.a(lib_a-reent.o)
 .debug_aranges
                0x00000000000015b0       0x20 /usr/lib/gcc/arm-none-eabi/6.3.1/../../../arm-none-eabi/lib/thumb/v7e-m/fpv4-sp/hard/libc_nano.a(lib_a-memchr.o)
 .debug_aranges
                0x00000000000015d0       0x20 /usr/lib/gcc/arm-none-eabi/6.3.1/../../../arm-none-eabi/lib/thumb/v7e-m/fpv4-sp/hard/libc_nano.a(lib_a-memmove.o)
 .debug_aranges
                0x00000000000015f0       0x20 /usr/lib/gcc/arm-none-eabi/6.3.1/../../../arm-none-eabi/lib/thumb/v7e-m/fpv4-sp/hard/libc_nano.a(lib_a-nano-reallocr.o)
 .debug_aranges
                0x0000000000001610       0x20 /usr/lib/gcc/arm-none-eabi/6.3.1/../../../arm-none-eabi/lib/thumb/v7e-m/fpv4-sp/hard/libc_nano.a(lib_a-nano-msizer.o)
 .debug_aranges
                0x0000000000001630       0x20 /usr/lib/gcc/arm-none-eabi/6.3.1/../../../arm-none-eabi/lib/thumb/v7e-m/fpv4-sp/hard/libnosys.a(sbrk.o)

.debug_ranges   0x0000000000000000     0x1428
 .debug_ranges  0x0000000000000000      0x250 build/stm32f7xx_hal_i2c.o
 .debug_ranges  0x0000000000000250       0x90 build/stm32f7xx_hal_flash.o
 .debug_ranges  0x00000000000002e0      0x108 build/stm32f7xx_hal_cortex.o
 .debug_ranges  0x00000000000003e8      0x180 build/stm32f7xx_hal_uart.o
 .debug_ranges  0x0000000000000568       0xf0 build/stm32f7xx_hal.o
 .debug_ranges  0x0000000000000658      0x160 build/stm32f7xx_hal_tim_ex.o
 .debug_ranges  0x00000000000007b8       0x78 build/stm32f7xx_hal_rcc.o
 .debug_ranges  0x0000000000000830      0x1c8 build/stm32f7xx_hal_spi.o
 .debug_ranges  0x00000000000009f8      0x358 build/stm32f7xx_hal_tim.o
 .debug_ranges  0x0000000000000d50       0x70 build/stm32f7xx_hal_pwr_ex.o
 .debug_ranges  0x0000000000000dc0       0x48 build/stm32f7xx_hal_gpio.o
 .debug_ranges  0x0000000000000e08       0x80 build/stm32f7xx_hal_dma.o
 .debug_ranges  0x0000000000000e88       0x90 build/stm32f7xx_hal_flash_ex.o
 .debug_ranges  0x0000000000000f18       0x18 build/stm32f7xx_hal_i2c_ex.o
 .debug_ranges  0x0000000000000f30       0x40 build/stm32f7xx_hal_rcc_ex.o
 .debug_ranges  0x0000000000000f70       0x90 build/main.o
 .debug_ranges  0x0000000000001000       0x50 build/tim.o
 .debug_ranges  0x0000000000001050       0x38 build/usart.o
 .debug_ranges  0x0000000000001088       0x10 build/gpio.o
 .debug_ranges  0x0000000000001098       0x38 build/i2c.o
 .debug_ranges  0x00000000000010d0       0x70 build/stm32f7xx_it.o
 .debug_ranges  0x0000000000001140       0x18 build/system_stm32f7xx.o
 .debug_ranges  0x0000000000001158       0x20 build/spi.o
 .debug_ranges  0x0000000000001178       0x40 build/motor.o
 .debug_ranges  0x00000000000011b8       0x48 build/gps.o
 .debug_ranges  0x0000000000001200       0x10 build/stm32f7xx_hal_msp.o
 .debug_ranges  0x0000000000001210       0x20 build/startup_stm32f746xx.o
 .debug_ranges  0x0000000000001230       0xd0 /usr/lib/gcc/arm-none-eabi/6.3.1/thumb/v7e-m/fpv4-sp/hard/libgcc.a(_udivmoddi4.o)
 .debug_ranges  0x0000000000001300       0x40 /usr/lib/gcc/arm-none-eabi/6.3.1/../../../arm-none-eabi/lib/thumb/v7e-m/fpv4-sp/hard/libc_nano.a(lib_a-nano-mallocr.o)
 .debug_ranges  0x0000000000001340       0x38 /usr/lib/gcc/arm-none-eabi/6.3.1/../../../arm-none-eabi/lib/thumb/v7e-m/fpv4-sp/hard/libc_nano.a(lib_a-nano-svfprintf.o)
 .debug_ranges  0x0000000000001378       0xb0 /usr/lib/gcc/arm-none-eabi/6.3.1/../../../arm-none-eabi/lib/thumb/v7e-m/fpv4-sp/hard/libc_nano.a(lib_a-nano-vfprintf_i.o)

.debug_line     0x0000000000000000     0xa9b5
 .debug_line    0x0000000000000000     0x1293 build/stm32f7xx_hal_i2c.o
 .debug_line    0x0000000000001293      0x410 build/stm32f7xx_hal_flash.o
 .debug_line    0x00000000000016a3      0x4ec build/stm32f7xx_hal_cortex.o
 .debug_line    0x0000000000001b8f      0xb2a build/stm32f7xx_hal_uart.o
 .debug_line    0x00000000000026b9      0x3ea build/stm32f7xx_hal.o
 .debug_line    0x0000000000002aa3      0x921 build/stm32f7xx_hal_tim_ex.o
 .debug_line    0x00000000000033c4      0x493 build/stm32f7xx_hal_rcc.o
 .debug_line    0x0000000000003857      0xc05 build/stm32f7xx_hal_spi.o
 .debug_line    0x000000000000445c     0x1405 build/stm32f7xx_hal_tim.o
 .debug_line    0x0000000000005861      0x323 build/stm32f7xx_hal_pwr_ex.o
 .debug_line    0x0000000000005b84      0x3e3 build/stm32f7xx_hal_gpio.o
 .debug_line    0x0000000000005f67      0x4ac build/stm32f7xx_hal_dma.o
 .debug_line    0x0000000000006413      0x40d build/stm32f7xx_hal_flash_ex.o
 .debug_line    0x0000000000006820      0x279 build/stm32f7xx_hal_i2c_ex.o
 .debug_line    0x0000000000006a99      0x3e9 build/stm32f7xx_hal_rcc_ex.o
 .debug_line    0x0000000000006e82      0x52f build/main.o
 .debug_line    0x00000000000073b1      0x324 build/tim.o
 .debug_line    0x00000000000076d5      0x2be build/usart.o
 .debug_line    0x0000000000007993      0x1bd build/gpio.o
 .debug_line    0x0000000000007b50      0x2d1 build/i2c.o
 .debug_line    0x0000000000007e21      0x2ff build/stm32f7xx_it.o
 .debug_line    0x0000000000008120      0x194 build/system_stm32f7xx.o
 .debug_line    0x00000000000082b4      0x224 build/spi.o
 .debug_line    0x00000000000084d8      0x2be build/motor.o
 .debug_line    0x0000000000008796      0x4a7 build/gps.o
 .debug_line    0x0000000000008c3d      0x170 build/stm32f7xx_hal_msp.o
 .debug_line    0x0000000000008dad       0x7c build/startup_stm32f746xx.o
 .debug_line    0x0000000000008e29       0x67 /usr/lib/gcc/arm-none-eabi/6.3.1/thumb/v7e-m/fpv4-sp/hard/libgcc.a(_aeabi_uldivmod.o)
 .debug_line    0x0000000000008e90      0x258 /usr/lib/gcc/arm-none-eabi/6.3.1/thumb/v7e-m/fpv4-sp/hard/libgcc.a(_udivmoddi4.o)
 .debug_line    0x00000000000090e8       0x67 /usr/lib/gcc/arm-none-eabi/6.3.1/thumb/v7e-m/fpv4-sp/hard/libgcc.a(_dvmd_tls.o)
 .debug_line    0x000000000000914f       0xef /usr/lib/gcc/arm-none-eabi/6.3.1/../../../arm-none-eabi/lib/thumb/v7e-m/fpv4-sp/hard/libc_nano.a(lib_a-impure.o)
 .debug_line    0x000000000000923e       0xbe /usr/lib/gcc/arm-none-eabi/6.3.1/../../../arm-none-eabi/lib/thumb/v7e-m/fpv4-sp/hard/libc_nano.a(lib_a-init.o)
 .debug_line    0x00000000000092fc      0x15a /usr/lib/gcc/arm-none-eabi/6.3.1/../../../arm-none-eabi/lib/thumb/v7e-m/fpv4-sp/hard/libc_nano.a(lib_a-malloc.o)
 .debug_line    0x0000000000009456       0xc1 /usr/lib/gcc/arm-none-eabi/6.3.1/../../../arm-none-eabi/lib/thumb/v7e-m/fpv4-sp/hard/libc_nano.a(lib_a-memcpy.o)
 .debug_line    0x0000000000009517      0x165 /usr/lib/gcc/arm-none-eabi/6.3.1/../../../arm-none-eabi/lib/thumb/v7e-m/fpv4-sp/hard/libc_nano.a(lib_a-nano-freer.o)
 .debug_line    0x000000000000967c      0x1a8 /usr/lib/gcc/arm-none-eabi/6.3.1/../../../arm-none-eabi/lib/thumb/v7e-m/fpv4-sp/hard/libc_nano.a(lib_a-nano-mallocr.o)
 .debug_line    0x0000000000009824      0x160 /usr/lib/gcc/arm-none-eabi/6.3.1/../../../arm-none-eabi/lib/thumb/v7e-m/fpv4-sp/hard/libc_nano.a(lib_a-sbrkr.o)
 .debug_line    0x0000000000009984       0xb2 /usr/lib/gcc/arm-none-eabi/6.3.1/../../../arm-none-eabi/lib/thumb/v7e-m/fpv4-sp/hard/libc_nano.a(lib_a-strlen.o)
 .debug_line    0x0000000000009a36      0x199 /usr/lib/gcc/arm-none-eabi/6.3.1/../../../arm-none-eabi/lib/thumb/v7e-m/fpv4-sp/hard/libc_nano.a(lib_a-vsprintf.o)
 .debug_line    0x0000000000009bcf      0x3a3 /usr/lib/gcc/arm-none-eabi/6.3.1/../../../arm-none-eabi/lib/thumb/v7e-m/fpv4-sp/hard/libc_nano.a(lib_a-nano-svfprintf.o)
 .debug_line    0x0000000000009f72      0x3a1 /usr/lib/gcc/arm-none-eabi/6.3.1/../../../arm-none-eabi/lib/thumb/v7e-m/fpv4-sp/hard/libc_nano.a(lib_a-nano-vfprintf_i.o)
 .debug_line    0x000000000000a313      0x182 /usr/lib/gcc/arm-none-eabi/6.3.1/../../../arm-none-eabi/lib/thumb/v7e-m/fpv4-sp/hard/libc_nano.a(lib_a-reent.o)
 .debug_line    0x000000000000a495       0xa7 /usr/lib/gcc/arm-none-eabi/6.3.1/../../../arm-none-eabi/lib/thumb/v7e-m/fpv4-sp/hard/libc_nano.a(lib_a-memchr.o)
 .debug_line    0x000000000000a53c      0x182 /usr/lib/gcc/arm-none-eabi/6.3.1/../../../arm-none-eabi/lib/thumb/v7e-m/fpv4-sp/hard/libc_nano.a(lib_a-memmove.o)
 .debug_line    0x000000000000a6be      0x181 /usr/lib/gcc/arm-none-eabi/6.3.1/../../../arm-none-eabi/lib/thumb/v7e-m/fpv4-sp/hard/libc_nano.a(lib_a-nano-reallocr.o)
 .debug_line    0x000000000000a83f      0x115 /usr/lib/gcc/arm-none-eabi/6.3.1/../../../arm-none-eabi/lib/thumb/v7e-m/fpv4-sp/hard/libc_nano.a(lib_a-nano-msizer.o)
 .debug_line    0x000000000000a954       0x61 /usr/lib/gcc/arm-none-eabi/6.3.1/../../../arm-none-eabi/lib/thumb/v7e-m/fpv4-sp/hard/libnosys.a(sbrk.o)

.debug_str      0x0000000000000000     0x7d3e
 .debug_str     0x0000000000000000     0x116d build/stm32f7xx_hal_i2c.o
                                       0x12c6 (size before relaxing)
 .debug_str     0x000000000000116d      0x2a4 build/stm32f7xx_hal_flash.o
                                        0x90c (size before relaxing)
 .debug_str     0x0000000000001411      0xac1 build/stm32f7xx_hal_cortex.o
                                       0x118b (size before relaxing)
 .debug_str     0x0000000000001ed2      0x878 build/stm32f7xx_hal_uart.o
                                       0x118f (size before relaxing)
 .debug_str     0x000000000000274a      0x33c build/stm32f7xx_hal.o
                                       0x1008 (size before relaxing)
 .debug_str     0x0000000000002a86      0x941 build/stm32f7xx_hal_tim_ex.o
                                       0x11bd (size before relaxing)
 .debug_str     0x00000000000033c7      0x332 build/stm32f7xx_hal_rcc.o
                                        0xaa2 (size before relaxing)
 .debug_str     0x00000000000036f9      0x6b1 build/stm32f7xx_hal_spi.o
                                        0xf98 (size before relaxing)
 .debug_str     0x0000000000003daa      0xb58 build/stm32f7xx_hal_tim.o
                                       0x1784 (size before relaxing)
 .debug_str     0x0000000000004902      0x201 build/stm32f7xx_hal_pwr_ex.o
                                        0xa4a (size before relaxing)
 .debug_str     0x0000000000004b03      0x140 build/stm32f7xx_hal_gpio.o
                                        0x8fb (size before relaxing)
 .debug_str     0x0000000000004c43      0x304 build/stm32f7xx_hal_dma.o
                                        0xb58 (size before relaxing)
 .debug_str     0x0000000000004f47      0x2a9 build/stm32f7xx_hal_flash_ex.o
                                        0x9cb (size before relaxing)
 .debug_str     0x00000000000051f0       0x73 build/stm32f7xx_hal_i2c_ex.o
                                        0xb6c (size before relaxing)
 .debug_str     0x0000000000005263      0x3b4 build/stm32f7xx_hal_rcc_ex.o
                                        0xae7 (size before relaxing)
 .debug_str     0x0000000000005617      0xa1b build/main.o
                                       0x25d1 (size before relaxing)
 .debug_str     0x0000000000006032       0x85 build/tim.o
                                       0x138d (size before relaxing)
 .debug_str     0x00000000000060b7       0x55 build/usart.o
                                       0x1252 (size before relaxing)
 .debug_str     0x000000000000610c       0x18 build/gpio.o
                                        0x774 (size before relaxing)
 .debug_str     0x0000000000006124       0x48 build/i2c.o
                                        0xcdc (size before relaxing)
 .debug_str     0x000000000000616c       0xc4 build/stm32f7xx_it.o
                                        0xfd6 (size before relaxing)
 .debug_str     0x0000000000006230       0x42 build/system_stm32f7xx.o
                                        0x828 (size before relaxing)
 .debug_str     0x0000000000006272       0x21 build/spi.o
                                       0x1190 (size before relaxing)
 .debug_str     0x0000000000006293       0x85 build/motor.o
                                        0xb27 (size before relaxing)
 .debug_str     0x0000000000006318      0x16e build/gps.o
                                        0xcbb (size before relaxing)
 .debug_str     0x0000000000006486       0x18 build/stm32f7xx_hal_msp.o
                                        0xb66 (size before relaxing)
 .debug_str     0x000000000000649e      0xc0d /usr/lib/gcc/arm-none-eabi/6.3.1/thumb/v7e-m/fpv4-sp/hard/libgcc.a(_udivmoddi4.o)
                                        0xcf4 (size before relaxing)
 .debug_str     0x00000000000070ab      0x1cb /usr/lib/gcc/arm-none-eabi/6.3.1/../../../arm-none-eabi/lib/thumb/v7e-m/fpv4-sp/hard/libc_nano.a(lib_a-impure.o)
                                        0x602 (size before relaxing)
 .debug_str     0x0000000000007276      0x107 /usr/lib/gcc/arm-none-eabi/6.3.1/../../../arm-none-eabi/lib/thumb/v7e-m/fpv4-sp/hard/libc_nano.a(lib_a-init.o)
                                        0x253 (size before relaxing)
 .debug_str     0x000000000000737d       0xcf /usr/lib/gcc/arm-none-eabi/6.3.1/../../../arm-none-eabi/lib/thumb/v7e-m/fpv4-sp/hard/libc_nano.a(lib_a-malloc.o)
                                        0x633 (size before relaxing)
 .debug_str     0x000000000000744c      0x11c /usr/lib/gcc/arm-none-eabi/6.3.1/../../../arm-none-eabi/lib/thumb/v7e-m/fpv4-sp/hard/libc_nano.a(lib_a-nano-freer.o)
                                        0x714 (size before relaxing)
 .debug_str     0x0000000000007568       0x32 /usr/lib/gcc/arm-none-eabi/6.3.1/../../../arm-none-eabi/lib/thumb/v7e-m/fpv4-sp/hard/libc_nano.a(lib_a-nano-mallocr.o)
                                        0x72b (size before relaxing)
 .debug_str     0x000000000000759a       0x70 /usr/lib/gcc/arm-none-eabi/6.3.1/../../../arm-none-eabi/lib/thumb/v7e-m/fpv4-sp/hard/libc_nano.a(lib_a-sbrkr.o)
                                        0x645 (size before relaxing)
 .debug_str     0x000000000000760a      0x1c3 /usr/lib/gcc/arm-none-eabi/6.3.1/../../../arm-none-eabi/lib/thumb/v7e-m/fpv4-sp/hard/libc_nano.a(lib_a-vsprintf.o)
                                        0x780 (size before relaxing)
 .debug_str     0x00000000000077cd      0x272 /usr/lib/gcc/arm-none-eabi/6.3.1/../../../arm-none-eabi/lib/thumb/v7e-m/fpv4-sp/hard/libc_nano.a(lib_a-nano-svfprintf.o)
                                        0x971 (size before relaxing)
 .debug_str     0x0000000000007a3f       0x90 /usr/lib/gcc/arm-none-eabi/6.3.1/../../../arm-none-eabi/lib/thumb/v7e-m/fpv4-sp/hard/libc_nano.a(lib_a-nano-vfprintf_i.o)
                                        0x910 (size before relaxing)
 .debug_str     0x0000000000007acf       0x61 /usr/lib/gcc/arm-none-eabi/6.3.1/../../../arm-none-eabi/lib/thumb/v7e-m/fpv4-sp/hard/libc_nano.a(lib_a-reent.o)
                                        0x63e (size before relaxing)
 .debug_str     0x0000000000007b30       0xd2 /usr/lib/gcc/arm-none-eabi/6.3.1/../../../arm-none-eabi/lib/thumb/v7e-m/fpv4-sp/hard/libc_nano.a(lib_a-memmove.o)
                                        0x639 (size before relaxing)
 .debug_str     0x0000000000007c02       0x23 /usr/lib/gcc/arm-none-eabi/6.3.1/../../../arm-none-eabi/lib/thumb/v7e-m/fpv4-sp/hard/libc_nano.a(lib_a-nano-reallocr.o)
                                        0x72f (size before relaxing)
 .debug_str     0x0000000000007c25        0xf /usr/lib/gcc/arm-none-eabi/6.3.1/../../../arm-none-eabi/lib/thumb/v7e-m/fpv4-sp/hard/libc_nano.a(lib_a-nano-msizer.o)
                                        0x70d (size before relaxing)