Archive member included to satisfy reference by file (symbol)

/usr/lib/gcc/arm-none-eabi/7.3.1/thumb/v7e-m/fpv4-sp/hard/libgcc.a(_arm_addsubdf3.o)
                              build/servo.o (__aeabi_dadd)
/usr/lib/gcc/arm-none-eabi/7.3.1/thumb/v7e-m/fpv4-sp/hard/libgcc.a(_arm_muldivdf3.o)
                              build/servo.o (__aeabi_dmul)
/usr/lib/gcc/arm-none-eabi/7.3.1/thumb/v7e-m/fpv4-sp/hard/libgcc.a(_arm_fixunsdfsi.o)
                              build/servo.o (__aeabi_d2uiz)
/usr/lib/gcc/arm-none-eabi/7.3.1/thumb/v7e-m/fpv4-sp/hard/libgcc.a(_aeabi_uldivmod.o)
                              build/stm32f7xx_hal_rcc.o (__aeabi_uldivmod)
/usr/lib/gcc/arm-none-eabi/7.3.1/thumb/v7e-m/fpv4-sp/hard/libgcc.a(_udivmoddi4.o)
                              /usr/lib/gcc/arm-none-eabi/7.3.1/thumb/v7e-m/fpv4-sp/hard/libgcc.a(_aeabi_uldivmod.o) (__udivmoddi4)
/usr/lib/gcc/arm-none-eabi/7.3.1/thumb/v7e-m/fpv4-sp/hard/libgcc.a(_dvmd_tls.o)
                              /usr/lib/gcc/arm-none-eabi/7.3.1/thumb/v7e-m/fpv4-sp/hard/libgcc.a(_aeabi_uldivmod.o) (__aeabi_ldiv0)
/usr/lib/gcc/arm-none-eabi/7.3.1/../../../arm-none-eabi/lib/thumb/v7e-m/fpv4-sp/hard/libc_nano.a(lib_a-atexit.o)
                              /usr/lib/gcc/arm-none-eabi/7.3.1/../../../arm-none-eabi/lib/thumb/v7e-m/fpv4-sp/hard/crt0.o (atexit)
/usr/lib/gcc/arm-none-eabi/7.3.1/../../../arm-none-eabi/lib/thumb/v7e-m/fpv4-sp/hard/libc_nano.a(lib_a-exit.o)
                              /usr/lib/gcc/arm-none-eabi/7.3.1/../../../arm-none-eabi/lib/thumb/v7e-m/fpv4-sp/hard/crt0.o (exit)
/usr/lib/gcc/arm-none-eabi/7.3.1/../../../arm-none-eabi/lib/thumb/v7e-m/fpv4-sp/hard/libc_nano.a(lib_a-fini.o)
                              /usr/lib/gcc/arm-none-eabi/7.3.1/../../../arm-none-eabi/lib/thumb/v7e-m/fpv4-sp/hard/crt0.o (__libc_fini_array)
/usr/lib/gcc/arm-none-eabi/7.3.1/../../../arm-none-eabi/lib/thumb/v7e-m/fpv4-sp/hard/libc_nano.a(lib_a-impure.o)
                              /usr/lib/gcc/arm-none-eabi/7.3.1/../../../arm-none-eabi/lib/thumb/v7e-m/fpv4-sp/hard/libc_nano.a(lib_a-exit.o) (_global_impure_ptr)
/usr/lib/gcc/arm-none-eabi/7.3.1/../../../arm-none-eabi/lib/thumb/v7e-m/fpv4-sp/hard/libc_nano.a(lib_a-init.o)
                              /usr/lib/gcc/arm-none-eabi/7.3.1/../../../arm-none-eabi/lib/thumb/v7e-m/fpv4-sp/hard/crt0.o (__libc_init_array)
/usr/lib/gcc/arm-none-eabi/7.3.1/../../../arm-none-eabi/lib/thumb/v7e-m/fpv4-sp/hard/libc_nano.a(lib_a-malloc.o)
                              build/freertos.o (malloc)
/usr/lib/gcc/arm-none-eabi/7.3.1/../../../arm-none-eabi/lib/thumb/v7e-m/fpv4-sp/hard/libc_nano.a(lib_a-memcpy.o)
                              build/queue.o (memcpy)
/usr/lib/gcc/arm-none-eabi/7.3.1/../../../arm-none-eabi/lib/thumb/v7e-m/fpv4-sp/hard/libc_nano.a(lib_a-memset.o)
                              /usr/lib/gcc/arm-none-eabi/7.3.1/../../../arm-none-eabi/lib/thumb/v7e-m/fpv4-sp/hard/crt0.o (memset)
/usr/lib/gcc/arm-none-eabi/7.3.1/../../../arm-none-eabi/lib/thumb/v7e-m/fpv4-sp/hard/libc_nano.a(lib_a-nano-freer.o)
                              /usr/lib/gcc/arm-none-eabi/7.3.1/../../../arm-none-eabi/lib/thumb/v7e-m/fpv4-sp/hard/libc_nano.a(lib_a-malloc.o) (_free_r)
/usr/lib/gcc/arm-none-eabi/7.3.1/../../../arm-none-eabi/lib/thumb/v7e-m/fpv4-sp/hard/libc_nano.a(lib_a-nano-mallocr.o)
                              /usr/lib/gcc/arm-none-eabi/7.3.1/../../../arm-none-eabi/lib/thumb/v7e-m/fpv4-sp/hard/libc_nano.a(lib_a-malloc.o) (_malloc_r)
/usr/lib/gcc/arm-none-eabi/7.3.1/../../../arm-none-eabi/lib/thumb/v7e-m/fpv4-sp/hard/libc_nano.a(lib_a-sbrkr.o)
                              /usr/lib/gcc/arm-none-eabi/7.3.1/../../../arm-none-eabi/lib/thumb/v7e-m/fpv4-sp/hard/libc_nano.a(lib_a-nano-mallocr.o) (_sbrk_r)
/usr/lib/gcc/arm-none-eabi/7.3.1/../../../arm-none-eabi/lib/thumb/v7e-m/fpv4-sp/hard/libc_nano.a(lib_a-strlen.o)
                              build/freertos.o (strlen)
/usr/lib/gcc/arm-none-eabi/7.3.1/../../../arm-none-eabi/lib/thumb/v7e-m/fpv4-sp/hard/libc_nano.a(lib_a-vsprintf.o)
                              build/freertos.o (vsprintf)
/usr/lib/gcc/arm-none-eabi/7.3.1/../../../arm-none-eabi/lib/thumb/v7e-m/fpv4-sp/hard/libc_nano.a(lib_a-__atexit.o)
                              /usr/lib/gcc/arm-none-eabi/7.3.1/../../../arm-none-eabi/lib/thumb/v7e-m/fpv4-sp/hard/libc_nano.a(lib_a-atexit.o) (__register_exitproc)
/usr/lib/gcc/arm-none-eabi/7.3.1/../../../arm-none-eabi/lib/thumb/v7e-m/fpv4-sp/hard/libc_nano.a(lib_a-__call_atexit.o)
                              /usr/lib/gcc/arm-none-eabi/7.3.1/../../../arm-none-eabi/lib/thumb/v7e-m/fpv4-sp/hard/libc_nano.a(lib_a-__atexit.o) (__call_exitprocs)
/usr/lib/gcc/arm-none-eabi/7.3.1/../../../arm-none-eabi/lib/thumb/v7e-m/fpv4-sp/hard/libc_nano.a(lib_a-mlock.o)
                              /usr/lib/gcc/arm-none-eabi/7.3.1/../../../arm-none-eabi/lib/thumb/v7e-m/fpv4-sp/hard/libc_nano.a(lib_a-nano-freer.o) (__malloc_lock)
[...]
Memory Configuration

Name             Origin             Length             Attributes
RAM              0x00000000200000c0 0x000000000004ff40 xrw
BOOTLOADER       0x0000000008000000 0x0000000000010000 xr
FIRMWARE         0x0000000008010000 0x0000000000030000 xr
*default*        0x0000000000000000 0xffffffffffffffff

Linker script and memory map

LOAD /usr/lib/gcc/arm-none-eabi/7.3.1/thumb/v7e-m/fpv4-sp/hard/crti.o
LOAD /usr/lib/gcc/arm-none-eabi/7.3.1/thumb/v7e-m/fpv4-sp/hard/crtbegin.o
LOAD /usr/lib/gcc/arm-none-eabi/7.3.1/../../../arm-none-eabi/lib/thumb/v7e-m/fpv4-sp/hard/crt0.o
LOAD build/stm32f7xx_hal_i2c.o
LOAD build/stm32f7xx_hal_flash.o
LOAD build/stm32f7xx_hal_eth.o
LOAD build/stm32f7xx_hal_rtc_ex.o
LOAD build/stm32f7xx_hal_cortex.o
LOAD build/stm32f7xx_hal_uart.o
LOAD build/stm32f7xx_hal.o
LOAD build/stm32f7xx_hal_tim_ex.o
LOAD build/stm32f7xx_hal_dma_ex.o
LOAD build/stm32f7xx_hal_rtc.o
LOAD build/stm32f7xx_hal_rcc.o
LOAD build/stm32f7xx_hal_spi.o
LOAD build/stm32f7xx_hal_tim.o
LOAD build/stm32f7xx_hal_pwr.o
LOAD build/stm32f7xx_hal_pwr_ex.o
LOAD build/stm32f7xx_hal_gpio.o
LOAD build/stm32f7xx_hal_dma.o
LOAD build/stm32f7xx_hal_flash_ex.o
LOAD build/stm32f7xx_hal_i2c_ex.o
LOAD build/stm32f7xx_hal_rcc_ex.o
LOAD build/list.o
LOAD build/croutine.o
LOAD build/event_groups.o
LOAD build/queue.o
LOAD build/timers.o
LOAD build/tasks.o
LOAD build/heap_4.o
LOAD build/port.o
LOAD build/cmsis_os.o
LOAD build/main.o
LOAD build/tim.o
LOAD build/usart.o
LOAD build/gpio.o
LOAD build/rtc.o
LOAD build/i2c.o
LOAD build/stm32f7xx_it.o
LOAD build/gps.o
LOAD build/motor.o
LOAD build/servo.o
LOAD build/sensor.o
LOAD build/eth.o
LOAD build/system_stm32f7xx.o
LOAD build/spi.o
LOAD build/stm32f7xx_hal_msp.o
LOAD build/stm32f7xx_hal_timebase_TIM.o
LOAD build/sfp.o
LOAD build/flash.o
LOAD build/gpsops.o
LOAD build/spiops.o
LOAD build/sensorops.o
LOAD build/motorops.o
LOAD build/freertos.o
LOAD build/startup_stm32f746xx.o
START GROUP
LOAD /usr/lib/gcc/arm-none-eabi/7.3.1/thumb/v7e-m/fpv4-sp/hard/libgcc.a
LOAD /usr/lib/gcc/arm-none-eabi/7.3.1/../../../arm-none-eabi/lib/thumb/v7e-m/fpv4-sp/hard/libc_nano.a
END GROUP
START GROUP
LOAD /usr/lib/gcc/arm-none-eabi/7.3.1/thumb/v7e-m/fpv4-sp/hard/libgcc.a
LOAD /usr/lib/gcc/arm-none-eabi/7.3.1/../../../arm-none-eabi/lib/thumb/v7e-m/fpv4-sp/hard/libc_nano.a
LOAD /usr/lib/gcc/arm-none-eabi/7.3.1/../../../arm-none-eabi/lib/thumb/v7e-m/fpv4-sp/hard/libnosys.a
END GROUP
START GROUP
LOAD /usr/lib/gcc/arm-none-eabi/7.3.1/thumb/v7e-m/fpv4-sp/hard/libgcc.a
LOAD /usr/lib/gcc/arm-none-eabi/7.3.1/../../../arm-none-eabi/lib/thumb/v7e-m/fpv4-sp/hard/libc_nano.a
LOAD /usr/lib/gcc/arm-none-eabi/7.3.1/../../../arm-none-eabi/lib/thumb/v7e-m/fpv4-sp/hard/libnosys.a
END GROUP
LOAD /usr/lib/gcc/arm-none-eabi/7.3.1/thumb/v7e-m/fpv4-sp/hard/crtend.o
LOAD /usr/lib/gcc/arm-none-eabi/7.3.1/thumb/v7e-m/fpv4-sp/hard/crtn.o
                0x0000000020050000                _estack = 0x20050000
                0x0000000000000200                _Min_Heap_Size = 0x200
                0x0000000000000400                _Min_Stack_Size = 0x400
                0x0000000008010000                _main_app_start_address = 0x8010000

.isr_vector     0x0000000008010000      0x1c8
                0x0000000008010000                . = ALIGN (0x4)
 *(.isr_vector)
 .isr_vector    0x0000000008010000      0x1c8 build/startup_stm32f746xx.o
                0x0000000008010000                g_pfnVectors
                0x00000000080101c8                . = ALIGN (0x4)

.text           0x0000000008010200     0xb658
                0x0000000008010200                . = ALIGN (0x4)
 *(.text)
 .text          0x0000000008010200       0x88 /usr/lib/gcc/arm-none-eabi/7.3.1/thumb/v7e-m/fpv4-sp/hard/crtbegin.o
 .text          0x0000000008010288      0x378 /usr/lib/gcc/arm-none-eabi/7.3.1/thumb/v7e-m/fpv4-sp/hard/libgcc.a(_arm_addsubdf3.o)
                0x0000000008010288                __aeabi_drsub
                0x0000000008010290                __aeabi_dsub
                0x0000000008010290                __subdf3
                0x0000000008010294                __adddf3
                0x0000000008010294                __aeabi_dadd
                0x000000000801050c                __aeabi_ui2d
                0x000000000801050c                __floatunsidf
                0x000000000801052c                __floatsidf
                0x000000000801052c                __aeabi_i2d
                0x0000000008010550                __extendsfdf2
                0x0000000008010550                __aeabi_f2d
                0x0000000008010594                __aeabi_ul2d
                0x0000000008010594                __floatundidf
                0x00000000080105a4                __floatdidf
                0x00000000080105a4                __aeabi_l2d
 .text          0x0000000008010600      0x424 /usr/lib/gcc/arm-none-eabi/7.3.1/thumb/v7e-m/fpv4-sp/hard/libgcc.a(_arm_muldivdf3.o)
                0x0000000008010600                __aeabi_dmul
                0x0000000008010600                __muldf3
                0x0000000008010854                __aeabi_ddiv
                0x0000000008010854                __divdf3
 .text          0x0000000008010a24       0x40 /usr/lib/gcc/arm-none-eabi/7.3.1/thumb/v7e-m/fpv4-sp/hard/libgcc.a(_arm_fixunsdfsi.o)
                0x0000000008010a24                __fixunsdfsi
                0x0000000008010a24                __aeabi_d2uiz
 .text          0x0000000008010a64       0x30 /usr/lib/gcc/arm-none-eabi/7.3.1/thumb/v7e-m/fpv4-sp/hard/libgcc.a(_aeabi_uldivmod.o)
                0x0000000008010a64                __aeabi_uldivmod
 .text          0x0000000008010a94      0x2cc /usr/lib/gcc/arm-none-eabi/7.3.1/thumb/v7e-m/fpv4-sp/hard/libgcc.a(_udivmoddi4.o)
                0x0000000008010a94                __udivmoddi4
 .text          0x0000000008010d60        0x4 /usr/lib/gcc/arm-none-eabi/7.3.1/thumb/v7e-m/fpv4-sp/hard/libgcc.a(_dvmd_tls.o)
                0x0000000008010d60                __aeabi_ldiv0
                0x0000000008010d60                __aeabi_idiv0
 .text          0x0000000008010d64       0x48 /usr/lib/gcc/arm-none-eabi/7.3.1/../../../arm-none-eabi/lib/thumb/v7e-m/fpv4-sp/hard/libc_nano.a(lib_a-init.o)
                0x0000000008010d64                __libc_init_array
 .text          0x0000000008010dac       0x20 /usr/lib/gcc/arm-none-eabi/7.3.1/../../../arm-none-eabi/lib/thumb/v7e-m/fpv4-sp/hard/libc_nano.a(lib_a-malloc.o)
                0x0000000008010dac                malloc
                0x0000000008010dbc                free
 .text          0x0000000008010dcc      0x134 /usr/lib/gcc/arm-none-eabi/7.3.1/../../../arm-none-eabi/lib/thumb/v7e-m/fpv4-sp/hard/libc_nano.a(lib_a-memcpy.o)
                0x0000000008010dcc                memcpy
 .text          0x0000000008010f00       0xa8 /usr/lib/gcc/arm-none-eabi/7.3.1/../../../arm-none-eabi/lib/thumb/v7e-m/fpv4-sp/hard/libc_nano.a(lib_a-nano-freer.o)
                0x0000000008010f00                _free_r
 .text          0x0000000008010fa8       0xc8 /usr/lib/gcc/arm-none-eabi/7.3.1/../../../arm-none-eabi/lib/thumb/v7e-m/fpv4-sp/hard/libc_nano.a(lib_a-nano-mallocr.o)
                0x0000000008010fa8                _malloc_r
 .text          0x0000000008011070       0x24 /usr/lib/gcc/arm-none-eabi/7.3.1/../../../arm-none-eabi/lib/thumb/v7e-m/fpv4-sp/hard/libc_nano.a(lib_a-sbrkr.o)
                0x0000000008011070                _sbrk_r
 *fill*         0x0000000008011094       0x2c 
 .text          0x00000000080110c0       0xdc /usr/lib/gcc/arm-none-eabi/7.3.1/../../../arm-none-eabi/lib/thumb/v7e-m/fpv4-sp/hard/libc_nano.a(lib_a-strlen.o)
                0x00000000080110c0                strlen
 .text          0x000000000801119c       0x40 /usr/lib/gcc/arm-none-eabi/7.3.1/../../../arm-none-eabi/lib/thumb/v7e-m/fpv4-sp/hard/libc_nano.a(lib_a-vsprintf.o)
                0x000000000801119c                _vsiprintf_r
                0x000000000801119c                _vsprintf_r
                0x00000000080111c4                vsprintf
                0x00000000080111c4                vsiprintf
 .text          0x00000000080111dc        0x8 /usr/lib/gcc/arm-none-eabi/7.3.1/../../../arm-none-eabi/lib/thumb/v7e-m/fpv4-sp/hard/libc_nano.a(lib_a-mlock.o)
                0x00000000080111dc                __malloc_lock
                0x00000000080111e0                __malloc_unlock
 .text          0x00000000080111e4      0x430 /usr/lib/gcc/arm-none-eabi/7.3.1/../../../arm-none-eabi/lib/thumb/v7e-m/fpv4-sp/hard/libc_nano.a(lib_a-nano-svfprintf.o)
                0x00000000080111e4                __ssputs_r
                0x00000000080112a4                __ssprint_r
                0x0000000008011398                _svfprintf_r
                0x0000000008011398                _svfiprintf_r
 .text          0x0000000008011614      0x3a0 /usr/lib/gcc/arm-none-eabi/7.3.1/../../../arm-none-eabi/lib/thumb/v7e-m/fpv4-sp/hard/libc_nano.a(lib_a-nano-vfprintf_i.o)
                0x0000000008011614                _printf_common
                0x0000000008011730                _printf_i
 *fill*         0x00000000080119b4        0xc 
 .text          0x00000000080119c0       0xa0 /usr/lib/gcc/arm-none-eabi/7.3.1/../../../arm-none-eabi/lib/thumb/v7e-m/fpv4-sp/hard/libc_nano.a(lib_a-memchr.o)
                0x00000000080119c0                memchr
 .text          0x0000000008011a60       0xc8 /usr/lib/gcc/arm-none-eabi/7.3.1/../../../arm-none-eabi/lib/thumb/v7e-m/fpv4-sp/hard/libc_nano.a(lib_a-memmove.o)
                0x0000000008011a60                memmove
 .text          0x0000000008011b28       0x4c /usr/lib/gcc/arm-none-eabi/7.3.1/../../../arm-none-eabi/lib/thumb/v7e-m/fpv4-sp/hard/libc_nano.a(lib_a-nano-reallocr.o)
                0x0000000008011b28                _realloc_r
 .text          0x0000000008011b74       0x10 /usr/lib/gcc/arm-none-eabi/7.3.1/../../../arm-none-eabi/lib/thumb/v7e-m/fpv4-sp/hard/libc_nano.a(lib_a-nano-msizer.o)
                0x0000000008011b74                _malloc_usable_size_r
 .text          0x0000000008011b84       0x1c /usr/lib/gcc/arm-none-eabi/7.3.1/../../../arm-none-eabi/lib/thumb/v7e-m/fpv4-sp/hard/libnosys.a(sbrk.o)
                0x0000000008011b84                _sbrk
 *(.text*)
 .text.HAL_I2C_Init
                0x0000000008011ba0      0x120 build/stm32f7xx_hal_i2c.o
                0x0000000008011ba0                HAL_I2C_Init
 .text.HAL_I2C_Master_Transmit
                0x0000000008011cc0      0x200 build/stm32f7xx_hal_i2c.o
                0x0000000008011cc0                HAL_I2C_Master_Transmit
 .text.HAL_I2C_Master_Receive
                0x0000000008011ec0      0x204 build/stm32f7xx_hal_i2c.o
                0x0000000008011ec0                HAL_I2C_Master_Receive
 .text.I2C_Flush_TXDR
                0x00000000080120c4       0x48 build/stm32f7xx_hal_i2c.o
 .text.I2C_WaitOnFlagUntilTimeout
                0x000000000801210c       0x74 build/stm32f7xx_hal_i2c.o
 .text.I2C_WaitOnTXISFlagUntilTimeout
                0x0000000008012180       0x80 build/stm32f7xx_hal_i2c.o
 .text.I2C_WaitOnSTOPFlagUntilTimeout
                0x0000000008012200       0x78 build/stm32f7xx_hal_i2c.o
 .text.I2C_WaitOnRXNEFlagUntilTimeout
                0x0000000008012278       0xd8 build/stm32f7xx_hal_i2c.o
 .text.I2C_IsAcknowledgeFailed
                0x0000000008012350       0xbc build/stm32f7xx_hal_i2c.o
 .text.I2C_TransferConfig
                0x000000000801240c       0x5c build/stm32f7xx_hal_i2c.o
 .text.NVIC_SetPriorityGrouping
                0x0000000008012468       0x48 build/stm32f7xx_hal_cortex.o
 .text.NVIC_GetPriorityGrouping
                0x00000000080124b0       0x1c build/stm32f7xx_hal_cortex.o
 .text.NVIC_EnableIRQ
                0x00000000080124cc       0x34 build/stm32f7xx_hal_cortex.o
 .text.NVIC_SetPriority
                0x0000000008012500       0x54 build/stm32f7xx_hal_cortex.o
 .text.NVIC_EncodePriority
                0x0000000008012554       0x66 build/stm32f7xx_hal_cortex.o
 *fill*         0x00000000080125ba        0x2 
 .text.SysTick_Config
                0x00000000080125bc       0x44 build/stm32f7xx_hal_cortex.o
 .text.HAL_NVIC_SetPriorityGrouping
                0x0000000008012600       0x16 build/stm32f7xx_hal_cortex.o
                0x0000000008012600                HAL_NVIC_SetPriorityGrouping
 .text.HAL_NVIC_SetPriority
                0x0000000008012616       0x38 build/stm32f7xx_hal_cortex.o
                0x0000000008012616                HAL_NVIC_SetPriority
 .text.HAL_NVIC_EnableIRQ
                0x000000000801264e       0x1c build/stm32f7xx_hal_cortex.o
                0x000000000801264e                HAL_NVIC_EnableIRQ
 .text.HAL_SYSTICK_Config
                0x000000000801266a       0x18 build/stm32f7xx_hal_cortex.o
                0x000000000801266a                HAL_SYSTICK_Config
 *fill*         0x0000000008012682        0x2 
 .text.HAL_SYSTICK_CLKSourceConfig
                0x0000000008012684       0x38 build/stm32f7xx_hal_cortex.o
                0x0000000008012684                HAL_SYSTICK_CLKSourceConfig
 .text.HAL_UART_Init
                0x00000000080126bc       0xa2 build/stm32f7xx_hal_uart.o
                0x00000000080126bc                HAL_UART_Init
 .text.HAL_UART_Transmit
                0x000000000801275e      0x118 build/stm32f7xx_hal_uart.o
                0x000000000801275e                HAL_UART_Transmit
 .text.HAL_UART_Receive_IT
                0x0000000008012876      0x10e build/stm32f7xx_hal_uart.o
                0x0000000008012876                HAL_UART_Receive_IT
 .text.HAL_UART_IRQHandler
                0x0000000008012984      0x20c build/stm32f7xx_hal_uart.o
                0x0000000008012984                HAL_UART_IRQHandler
 .text.UART_WaitOnFlagUntilTimeout
                0x0000000008012b90       0x94 build/stm32f7xx_hal_uart.o
                0x0000000008012b90                UART_WaitOnFlagUntilTimeout
 .text.UART_DMAAbortOnError
                0x0000000008012c24       0x2c build/stm32f7xx_hal_uart.o
 .text.HAL_UART_TxCpltCallback
                0x0000000008012c50       0x14 build/stm32f7xx_hal_uart.o
                0x0000000008012c50                HAL_UART_TxCpltCallback
 .text.HAL_UART_RxCpltCallback
                0x0000000008012c64       0x14 build/stm32f7xx_hal_uart.o
                0x0000000008012c64                HAL_UART_RxCpltCallback
 .text.HAL_UART_ErrorCallback
                0x0000000008012c78       0x14 build/stm32f7xx_hal_uart.o
                0x0000000008012c78                HAL_UART_ErrorCallback
 .text.UART_Transmit_IT
                0x0000000008012c8c       0xae build/stm32f7xx_hal_uart.o
 .text.UART_EndTransmit_IT
                0x0000000008012d3a       0x30 build/stm32f7xx_hal_uart.o
 .text.UART_Receive_IT
                0x0000000008012d6a       0xd6 build/stm32f7xx_hal_uart.o
 .text.UART_EndRxTransfer
                0x0000000008012e40       0x3c build/stm32f7xx_hal_uart.o
 .text.UART_SetConfig
                0x0000000008012e7c      0x4e0 build/stm32f7xx_hal_uart.o
                0x0000000008012e7c                UART_SetConfig
 .text.UART_AdvFeatureConfig
                0x000000000801335c      0x144 build/stm32f7xx_hal_uart.o
                0x000000000801335c                UART_AdvFeatureConfig
 .text.UART_CheckIdleState
                0x00000000080134a0       0x66 build/stm32f7xx_hal_uart.o
                0x00000000080134a0                UART_CheckIdleState
 .text.HAL_Init
                0x0000000008013506       0x1a build/stm32f7xx_hal.o
                0x0000000008013506                HAL_Init
 .text.HAL_IncTick
                0x0000000008013520       0x28 build/stm32f7xx_hal.o
                0x0000000008013520                HAL_IncTick
 .text.HAL_GetTick
                0x0000000008013548       0x18 build/stm32f7xx_hal.o
                0x0000000008013548                HAL_GetTick
 .text.HAL_Delay
                0x0000000008013560       0x44 build/stm32f7xx_hal.o
                0x0000000008013560                HAL_Delay
 .text.HAL_TIMEx_MasterConfigSynchronization
                0x00000000080135a4       0xa8 build/stm32f7xx_hal_tim_ex.o
                0x00000000080135a4                HAL_TIMEx_MasterConfigSynchronization
 .text.HAL_TIMEx_CommutationCallback
                0x000000000801364c       0x14 build/stm32f7xx_hal_tim_ex.o
                0x000000000801364c                HAL_TIMEx_CommutationCallback
 .text.HAL_TIMEx_BreakCallback
                0x0000000008013660       0x14 build/stm32f7xx_hal_tim_ex.o
                0x0000000008013660                HAL_TIMEx_BreakCallback
 .text.HAL_TIM_PWM_ConfigChannel
                0x0000000008013674      0x230 build/stm32f7xx_hal_tim_ex.o
                0x0000000008013674                HAL_TIM_PWM_ConfigChannel
 .text.TIM_OC5_SetConfig
                0x00000000080138a4       0xb0 build/stm32f7xx_hal_tim_ex.o
 .text.TIM_OC6_SetConfig
                0x0000000008013954       0xb4 build/stm32f7xx_hal_tim_ex.o
 .text.HAL_RCC_OscConfig
                0x0000000008013a08      0x4e0 build/stm32f7xx_hal_rcc.o
                0x0000000008013a08                HAL_RCC_OscConfig
 .text.HAL_RCC_ClockConfig
                0x0000000008013ee8      0x1d0 build/stm32f7xx_hal_rcc.o
                0x0000000008013ee8                HAL_RCC_ClockConfig
 .text.HAL_RCC_GetSysClockFreq
                0x00000000080140b8      0x1b0 build/stm32f7xx_hal_rcc.o
                0x00000000080140b8                HAL_RCC_GetSysClockFreq
 .text.HAL_RCC_GetHCLKFreq
                0x0000000008014268       0x18 build/stm32f7xx_hal_rcc.o
                0x0000000008014268                HAL_RCC_GetHCLKFreq
 .text.HAL_RCC_GetPCLK1Freq
                0x0000000008014280       0x28 build/stm32f7xx_hal_rcc.o
                0x0000000008014280                HAL_RCC_GetPCLK1Freq
 .text.HAL_RCC_GetPCLK2Freq
                0x00000000080142a8       0x28 build/stm32f7xx_hal_rcc.o
                0x00000000080142a8                HAL_RCC_GetPCLK2Freq
 .text.HAL_RCC_GetClockConfig
                0x00000000080142d0       0x64 build/stm32f7xx_hal_rcc.o
                0x00000000080142d0                HAL_RCC_GetClockConfig
 .text.HAL_SPI_Init
                0x0000000008014334      0x124 build/stm32f7xx_hal_spi.o
                0x0000000008014334                HAL_SPI_Init
 .text.HAL_SPI_TransmitReceive_IT
                0x0000000008014458      0x170 build/stm32f7xx_hal_spi.o
                0x0000000008014458                HAL_SPI_TransmitReceive_IT
 .text.HAL_SPI_IRQHandler
                0x00000000080145c8      0x1b0 build/stm32f7xx_hal_spi.o
                0x00000000080145c8                HAL_SPI_IRQHandler
 .text.HAL_SPI_RxCpltCallback
                0x0000000008014778       0x14 build/stm32f7xx_hal_spi.o
                0x0000000008014778                HAL_SPI_RxCpltCallback
 .text.HAL_SPI_TxRxCpltCallback
                0x000000000801478c       0x14 build/stm32f7xx_hal_spi.o
                0x000000000801478c                HAL_SPI_TxRxCpltCallback
 .text.HAL_SPI_ErrorCallback
                0x00000000080147a0       0x14 build/stm32f7xx_hal_spi.o
                0x00000000080147a0                HAL_SPI_ErrorCallback
 .text.HAL_SPI_GetState
                0x00000000080147b4       0x1c build/stm32f7xx_hal_spi.o
                0x00000000080147b4                HAL_SPI_GetState
 .text.SPI_DMAAbortOnError
                0x00000000080147d0       0x2a build/stm32f7xx_hal_spi.o
 .text.SPI_2linesRxISR_8BIT
                0x00000000080147fa       0xba build/stm32f7xx_hal_spi.o
 .text.SPI_2linesTxISR_8BIT
                0x00000000080148b4       0x8e build/stm32f7xx_hal_spi.o
 .text.SPI_2linesRxISR_16BIT
                0x0000000008014942       0x66 build/stm32f7xx_hal_spi.o
 .text.SPI_2linesTxISR_16BIT
                0x00000000080149a8       0x60 build/stm32f7xx_hal_spi.o
 .text.SPI_WaitFlagStateUntilTimeout
                0x0000000008014a08       0xc6 build/stm32f7xx_hal_spi.o
 .text.SPI_WaitFifoStateUntilTimeout
                0x0000000008014ace       0xe2 build/stm32f7xx_hal_spi.o
 .text.SPI_EndRxTxTransaction
                0x0000000008014bb0       0x8c build/stm32f7xx_hal_spi.o
 .text.SPI_CloseRxTx_ISR
                0x0000000008014c3c       0x88 build/stm32f7xx_hal_spi.o
 .text.HAL_TIM_Base_Init
                0x0000000008014cc4       0x56 build/stm32f7xx_hal_tim.o
                0x0000000008014cc4                HAL_TIM_Base_Init
 .text.HAL_TIM_Base_Start_IT
                0x0000000008014d1a       0x36 build/stm32f7xx_hal_tim.o
                0x0000000008014d1a                HAL_TIM_Base_Start_IT
 .text.HAL_TIM_PWM_Init
                0x0000000008014d50       0x56 build/stm32f7xx_hal_tim.o
                0x0000000008014d50                HAL_TIM_PWM_Init
 *fill*         0x0000000008014da6        0x2 
 .text.HAL_TIM_PWM_Start
                0x0000000008014da8       0x68 build/stm32f7xx_hal_tim.o
                0x0000000008014da8                HAL_TIM_PWM_Start
 .text.HAL_TIM_PWM_Stop
                0x0000000008014e10       0xb0 build/stm32f7xx_hal_tim.o
                0x0000000008014e10                HAL_TIM_PWM_Stop
 .text.HAL_TIM_IRQHandler
                0x0000000008014ec0      0x23e build/stm32f7xx_hal_tim.o
                0x0000000008014ec0                HAL_TIM_IRQHandler
 *fill*         0x00000000080150fe        0x2 
 .text.HAL_TIM_ConfigClockSource
                0x0000000008015100      0x1c0 build/stm32f7xx_hal_tim.o
                0x0000000008015100                HAL_TIM_ConfigClockSource
 .text.HAL_TIM_OC_DelayElapsedCallback
                0x00000000080152c0       0x14 build/stm32f7xx_hal_tim.o
                0x00000000080152c0                HAL_TIM_OC_DelayElapsedCallback
 .text.HAL_TIM_IC_CaptureCallback
                0x00000000080152d4       0x14 build/stm32f7xx_hal_tim.o
                0x00000000080152d4                HAL_TIM_IC_CaptureCallback
 .text.HAL_TIM_PWM_PulseFinishedCallback
                0x00000000080152e8       0x14 build/stm32f7xx_hal_tim.o
                0x00000000080152e8                HAL_TIM_PWM_PulseFinishedCallback
 .text.HAL_TIM_TriggerCallback
                0x00000000080152fc       0x14 build/stm32f7xx_hal_tim.o
                0x00000000080152fc                HAL_TIM_TriggerCallback
 .text.TIM_Base_SetConfig
                0x0000000008015310      0x160 build/stm32f7xx_hal_tim.o
                0x0000000008015310                TIM_Base_SetConfig
 .text.TIM_OC1_SetConfig
                0x0000000008015470       0xec build/stm32f7xx_hal_tim.o
                0x0000000008015470                TIM_OC1_SetConfig
 .text.TIM_OC2_SetConfig
                0x000000000801555c       0xf4 build/stm32f7xx_hal_tim.o
                0x000000000801555c                TIM_OC2_SetConfig
 .text.TIM_OC3_SetConfig
                0x0000000008015650       0xf4 build/stm32f7xx_hal_tim.o
                0x0000000008015650                TIM_OC3_SetConfig
 .text.TIM_OC4_SetConfig
                0x0000000008015744       0xc4 build/stm32f7xx_hal_tim.o
                0x0000000008015744                TIM_OC4_SetConfig
 .text.TIM_TI1_ConfigInputStage
                0x0000000008015808       0x66 build/stm32f7xx_hal_tim.o
 .text.TIM_TI2_ConfigInputStage
                0x000000000801586e       0x68 build/stm32f7xx_hal_tim.o
 .text.TIM_ITRx_SetConfig
                0x00000000080158d6       0x40 build/stm32f7xx_hal_tim.o
 .text.TIM_ETR_SetConfig
                0x0000000008015916       0x44 build/stm32f7xx_hal_tim.o
                0x0000000008015916                TIM_ETR_SetConfig
 .text.TIM_CCxChannelCmd
                0x000000000801595a       0x46 build/stm32f7xx_hal_tim.o
                0x000000000801595a                TIM_CCxChannelCmd
 .text.HAL_PWREx_EnableOverDrive
                0x00000000080159a0       0xa0 build/stm32f7xx_hal_pwr_ex.o
                0x00000000080159a0                HAL_PWREx_EnableOverDrive
 .text.HAL_GPIO_Init
                0x0000000008015a40      0x354 build/stm32f7xx_hal_gpio.o
                0x0000000008015a40                HAL_GPIO_Init
 .text.HAL_GPIO_ReadPin
                0x0000000008015d94       0x30 build/stm32f7xx_hal_gpio.o
                0x0000000008015d94                HAL_GPIO_ReadPin
 .text.HAL_GPIO_WritePin
                0x0000000008015dc4       0x32 build/stm32f7xx_hal_gpio.o
                0x0000000008015dc4                HAL_GPIO_WritePin
 .text.HAL_GPIO_TogglePin
                0x0000000008015df6       0x24 build/stm32f7xx_hal_gpio.o
                0x0000000008015df6                HAL_GPIO_TogglePin
 .text.HAL_DMA_Abort_IT
                0x0000000008015e1a       0x44 build/stm32f7xx_hal_dma.o
                0x0000000008015e1a                HAL_DMA_Abort_IT
 .text.HAL_I2CEx_ConfigAnalogFilter
                0x0000000008015e5e       0x96 build/stm32f7xx_hal_i2c_ex.o
                0x0000000008015e5e                HAL_I2CEx_ConfigAnalogFilter
 .text.HAL_I2CEx_ConfigDigitalFilter
                0x0000000008015ef4       0x9c build/stm32f7xx_hal_i2c_ex.o
                0x0000000008015ef4                HAL_I2CEx_ConfigDigitalFilter
 .text.HAL_RCCEx_PeriphCLKConfig
                0x0000000008015f90      0x7dc build/stm32f7xx_hal_rcc_ex.o
                0x0000000008015f90                HAL_RCCEx_PeriphCLKConfig
 .text.vListInitialise
                0x000000000801676c       0x40 build/list.o
                0x000000000801676c                vListInitialise
 .text.vListInitialiseItem
                0x00000000080167ac       0x1a build/list.o
                0x00000000080167ac                vListInitialiseItem
 .text.vListInsertEnd
                0x00000000080167c6       0x48 build/list.o
                0x00000000080167c6                vListInsertEnd
 .text.vListInsert
                0x000000000801680e       0x72 build/list.o
                0x000000000801680e                vListInsert
 .text.uxListRemove
                0x0000000008016880       0x54 build/list.o
                0x0000000008016880                uxListRemove
 .text.xQueueGenericReset
                0x00000000080168d4       0xd4 build/queue.o
                0x00000000080168d4                xQueueGenericReset
 .text.xQueueGenericCreate
                0x00000000080169a8       0x76 build/queue.o
                0x00000000080169a8                xQueueGenericCreate
 .text.prvInitialiseNewQueue
                0x0000000008016a1e       0x3e build/queue.o
 .text.prvInitialiseMutex
                0x0000000008016a5c       0x34 build/queue.o
 .text.xQueueCreateMutex
                0x0000000008016a90       0x30 build/queue.o
                0x0000000008016a90                xQueueCreateMutex
 .text.xQueueGenericSend
                0x0000000008016ac0      0x204 build/queue.o
                0x0000000008016ac0                xQueueGenericSend
 .text.xQueueGiveFromISR
                0x0000000008016cc4      0x122 build/queue.o
                0x0000000008016cc4                xQueueGiveFromISR
 *fill*         0x0000000008016de6        0x2 
 .text.xQueueGenericReceive
                0x0000000008016de8      0x230 build/queue.o
                0x0000000008016de8                xQueueGenericReceive
 .text.prvCopyDataToQueue
                0x0000000008017018       0xd4 build/queue.o
 .text.prvCopyDataFromQueue
                0x00000000080170ec       0x4c build/queue.o
 .text.prvUnlockQueue
                0x0000000008017138       0xa4 build/queue.o
 .text.prvIsQueueEmpty
                0x00000000080171dc       0x2c build/queue.o
 .text.prvIsQueueFull
                0x0000000008017208       0x30 build/queue.o
 .text.xTaskCreate
                0x0000000008017238       0x82 build/tasks.o
                0x0000000008017238                xTaskCreate
 .text.prvInitialiseNewTask
                0x00000000080172ba      0x100 build/tasks.o
 *fill*         0x00000000080173ba        0x2 
 .text.prvAddNewTaskToReadyList
                0x00000000080173bc       0xd4 build/tasks.o
 .text.vTaskDelay
                0x0000000008017490       0x6c build/tasks.o
                0x0000000008017490                vTaskDelay
 .text.vTaskStartScheduler
                0x00000000080174fc       0x94 build/tasks.o
                0x00000000080174fc                vTaskStartScheduler
 .text.vTaskSuspendAll
                0x0000000008017590       0x1c build/tasks.o
                0x0000000008017590                vTaskSuspendAll
 .text.xTaskResumeAll
                0x00000000080175ac      0x13c build/tasks.o
                0x00000000080175ac                xTaskResumeAll
 .text.xTaskIncrementTick
                0x00000000080176e8      0x17c build/tasks.o
                0x00000000080176e8                xTaskIncrementTick
 .text.vTaskSwitchContext
                0x0000000008017864       0xb8 build/tasks.o
                0x0000000008017864                vTaskSwitchContext
 .text.vTaskPlaceOnEventList
                0x000000000801791c       0x4c build/tasks.o
                0x000000000801791c                vTaskPlaceOnEventList
 .text.xTaskRemoveFromEventList
                0x0000000008017968       0xc8 build/tasks.o
                0x0000000008017968                xTaskRemoveFromEventList
 .text.vTaskSetTimeOutState
                0x0000000008017a30       0x4c build/tasks.o
                0x0000000008017a30                vTaskSetTimeOutState
 .text.xTaskCheckForTimeOut
                0x0000000008017a7c       0xc4 build/tasks.o
                0x0000000008017a7c                xTaskCheckForTimeOut
 .text.vTaskMissedYield
                0x0000000008017b40       0x18 build/tasks.o
                0x0000000008017b40                vTaskMissedYield
 .text.prvIdleTask
                0x0000000008017b58       0x30 build/tasks.o
 .text.prvInitialiseTaskLists
                0x0000000008017b88       0x80 build/tasks.o
 .text.prvCheckTasksWaitingTermination
                0x0000000008017c08       0x78 build/tasks.o
 .text.prvDeleteTCB
                0x0000000008017c80       0x20 build/tasks.o
 .text.prvResetNextTaskUnblockTime
                0x0000000008017ca0       0x4c build/tasks.o
 .text.xTaskGetSchedulerState
                0x0000000008017cec       0x3c build/tasks.o
                0x0000000008017cec                xTaskGetSchedulerState
 .text.vTaskPriorityInherit
                0x0000000008017d28       0xec build/tasks.o
                0x0000000008017d28                vTaskPriorityInherit
 .text.xTaskPriorityDisinherit
                0x0000000008017e14      0x110 build/tasks.o
                0x0000000008017e14                xTaskPriorityDisinherit
 .text.pvTaskIncrementMutexHeldCount
                0x0000000008017f24       0x28 build/tasks.o
                0x0000000008017f24                pvTaskIncrementMutexHeldCount
 .text.prvAddCurrentTaskToDelayedList
                0x0000000008017f4c       0xcc build/tasks.o
 .text.pvPortMalloc
                0x0000000008018018      0x190 build/heap_4.o
                0x0000000008018018                pvPortMalloc
 .text.vPortFree
                0x00000000080181a8       0xb8 build/heap_4.o
                0x00000000080181a8                vPortFree
 .text.prvHeapInit
                0x0000000008018260       0xc4 build/heap_4.o
 .text.prvInsertBlockIntoFreeList
                0x0000000008018324       0xb4 build/heap_4.o
 .text.pxPortInitialiseStack
                0x00000000080183d8       0x68 build/port.o
                0x00000000080183d8                pxPortInitialiseStack
 .text.prvTaskExitError
                0x0000000008018440       0x44 build/port.o
 *fill*         0x0000000008018484        0xc 
 .text.SVC_Handler
                0x0000000008018490       0x28 build/port.o
                0x0000000008018490                SVC_Handler
 .text.prvPortStartFirstTask
                0x00000000080184b8       0x20 build/port.o
 .text.xPortStartScheduler
                0x00000000080184d8       0xd0 build/port.o
                0x00000000080184d8                xPortStartScheduler
 .text.vPortEnterCritical
                0x00000000080185a8       0x64 build/port.o
                0x00000000080185a8                vPortEnterCritical
 .text.vPortExitCritical
                0x000000000801860c       0x54 build/port.o
                0x000000000801860c                vPortExitCritical
 .text.PendSV_Handler
                0x0000000008018660       0x68 build/port.o
                0x0000000008018660                PendSV_Handler
 .text.xPortSysTickHandler
                0x00000000080186c8       0x44 build/port.o
                0x00000000080186c8                xPortSysTickHandler
 .text.vPortSetupTimerInterrupt
                0x000000000801870c       0x38 build/port.o
                0x000000000801870c                vPortSetupTimerInterrupt
 .text.vPortEnableVFP
                0x0000000008018744       0x14 build/port.o
 .text.vPortValidateInterruptPriority
                0x0000000008018758       0x84 build/port.o
                0x0000000008018758                vPortValidateInterruptPriority
 .text.makeFreeRtosPriority
                0x00000000080187dc       0x30 build/cmsis_os.o
 .text.osKernelStart
                0x000000000801880c        0xe build/cmsis_os.o
                0x000000000801880c                osKernelStart
 .text.osThreadCreate
                0x000000000801881a       0x4e build/cmsis_os.o
                0x000000000801881a                osThreadCreate
 .text.osDelay  0x0000000008018868       0x28 build/cmsis_os.o
                0x0000000008018868                osDelay
 .text.osMutexCreate
                0x0000000008018890       0x18 build/cmsis_os.o
                0x0000000008018890                osMutexCreate
 .text.osSemaphoreCreate
                0x00000000080188a8       0x3c build/cmsis_os.o
                0x00000000080188a8                osSemaphoreCreate
 .text.osSystickHandler
                0x00000000080188e4       0x16 build/cmsis_os.o
                0x00000000080188e4                osSystickHandler
 *fill*         0x00000000080188fa        0x2 
 .text.main     0x00000000080188fc       0x44 build/main.o
                0x00000000080188fc                main
 .text.SystemClock_Config
                0x0000000008018940      0x15c build/main.o
                0x0000000008018940                SystemClock_Config
 .text.HAL_TIM_PeriodElapsedCallback
                0x0000000008018a9c       0x24 build/main.o
                0x0000000008018a9c                HAL_TIM_PeriodElapsedCallback
 .text._Error_Handler
                0x0000000008018ac0        0xc build/main.o
                0x0000000008018ac0                _Error_Handler
 .text.MX_TIM2_Init
                0x0000000008018acc       0x94 build/tim.o
                0x0000000008018acc                MX_TIM2_Init
 .text.MX_TIM3_Init
                0x0000000008018b60       0xc4 build/tim.o
                0x0000000008018b60                MX_TIM3_Init
 .text.HAL_TIM_Base_MspInit
                0x0000000008018c24       0x98 build/tim.o
                0x0000000008018c24                HAL_TIM_Base_MspInit
 .text.HAL_TIM_PWM_MspInit
                0x0000000008018cbc       0x40 build/tim.o
                0x0000000008018cbc                HAL_TIM_PWM_MspInit
 .text.HAL_TIM_MspPostInit
                0x0000000008018cfc       0xac build/tim.o
                0x0000000008018cfc                HAL_TIM_MspPostInit
 .text.MX_UART4_Init
                0x0000000008018da8       0x68 build/usart.o
                0x0000000008018da8                MX_UART4_Init
 .text.MX_USART1_UART_Init
                0x0000000008018e10       0x68 build/usart.o
                0x0000000008018e10                MX_USART1_UART_Init
 .text.HAL_UART_MspInit
                0x0000000008018e78      0x15c build/usart.o
                0x0000000008018e78                HAL_UART_MspInit
 .text.MX_GPIO_Init
                0x0000000008018fd4      0x224 build/gpio.o
                0x0000000008018fd4                MX_GPIO_Init
 .text.MX_I2C2_Init
                0x00000000080191f8       0x90 build/i2c.o
                0x00000000080191f8                MX_I2C2_Init
 .text.MX_I2C4_Init
                0x0000000008019288       0x90 build/i2c.o
                0x0000000008019288                MX_I2C4_Init
 .text.HAL_I2C_MspInit
                0x0000000008019318      0x16c build/i2c.o
                0x0000000008019318                HAL_I2C_MspInit
 .text.NMI_Handler
                0x0000000008019484        0xe build/stm32f7xx_it.o
                0x0000000008019484                NMI_Handler
 .text.HardFault_Handler
                0x0000000008019492        0x6 build/stm32f7xx_it.o
                0x0000000008019492                HardFault_Handler
 .text.MemManage_Handler
                0x0000000008019498        0x6 build/stm32f7xx_it.o
                0x0000000008019498                MemManage_Handler
 .text.BusFault_Handler
                0x000000000801949e        0x6 build/stm32f7xx_it.o
                0x000000000801949e                BusFault_Handler
 .text.UsageFault_Handler
                0x00000000080194a4        0x6 build/stm32f7xx_it.o
                0x00000000080194a4                UsageFault_Handler
 .text.DebugMon_Handler
                0x00000000080194aa        0xe build/stm32f7xx_it.o
                0x00000000080194aa                DebugMon_Handler
 .text.SysTick_Handler
                0x00000000080194b8        0xc build/stm32f7xx_it.o
                0x00000000080194b8                SysTick_Handler
 .text.TIM2_IRQHandler
                0x00000000080194c4       0x14 build/stm32f7xx_it.o
                0x00000000080194c4                TIM2_IRQHandler
 .text.TIM4_IRQHandler
                0x00000000080194d8       0x14 build/stm32f7xx_it.o
                0x00000000080194d8                TIM4_IRQHandler
 .text.getGPRMC
                0x00000000080194ec      0x220 build/gps.o
                0x00000000080194ec                getGPRMC
 .text.gpsInit  0x000000000801970c       0x84 build/gps.o
                0x000000000801970c                gpsInit
 .text.receiveGpsData
                0x0000000008019790       0x34 build/gps.o
                0x0000000008019790                receiveGpsData
 .text.enableGps
                0x00000000080197c4       0x38 build/gps.o
                0x00000000080197c4                enableGps
 .text.checkGpsData
                0x00000000080197fc       0x24 build/gps.o
                0x00000000080197fc                checkGpsData
 .text.motor1Drive
                0x0000000008019820      0x298 build/motor.o
                0x0000000008019820                motor1Drive
 .text.motor2Drive
                0x0000000008019ab8      0x294 build/motor.o
                0x0000000008019ab8                motor2Drive
 .text.sensorInit
                0x0000000008019d4c        0xc build/sensor.o
                0x0000000008019d4c                sensorInit
 .text.readAllSensors
                0x0000000008019d58       0x40 build/sensor.o
                0x0000000008019d58                readAllSensors
 .text.readPressure
                0x0000000008019d98       0xd8 build/sensor.o
                0x0000000008019d98                readPressure
 .text.readAltitude
                0x0000000008019e70      0x114 build/sensor.o
                0x0000000008019e70                readAltitude
 .text.readWheather
                0x0000000008019f84       0xc4 build/sensor.o
                0x0000000008019f84                readWheather
 .text.readTemperature
                0x000000000801a048      0x110 build/sensor.o
                0x000000000801a048                readTemperature
 .text.readCompass
                0x000000000801a158       0xc0 build/sensor.o
                0x000000000801a158                readCompass
 .text.WakeUpSensor
                0x000000000801a218       0x7c build/sensor.o
                0x000000000801a218                WakeUpSensor
 .text.calibrateCompass
                0x000000000801a294       0x58 build/sensor.o
                0x000000000801a294                calibrateCompass
 .text.SystemInit
                0x000000000801a2ec       0x6c build/system_stm32f7xx.o
                0x000000000801a2ec                SystemInit
 .text.MX_SPI1_Init
                0x000000000801a358       0x78 build/spi.o
                0x000000000801a358                MX_SPI1_Init
 .text.HAL_SPI_MspInit
                0x000000000801a3d0       0x70 build/spi.o
                0x000000000801a3d0                HAL_SPI_MspInit
 .text.HAL_MspInit
                0x000000000801a440       0x62 build/stm32f7xx_hal_msp.o
                0x000000000801a440                HAL_MspInit
 *fill*         0x000000000801a4a2        0x2 
 .text.HAL_InitTick
                0x000000000801a4a4       0xb0 build/stm32f7xx_hal_timebase_TIM.o
                0x000000000801a4a4                HAL_InitTick
 .text.UART4_IRQHandler
                0x000000000801a554       0x24 build/gpsops.o
                0x000000000801a554                UART4_IRQHandler
 .text.gpsOps   0x000000000801a578       0xc8 build/gpsops.o
                0x000000000801a578                gpsOps
 .text.SPI1_IRQHandler
                0x000000000801a640       0x24 build/spiops.o
                0x000000000801a640                SPI1_IRQHandler
 .text.spiComOps
                0x000000000801a664       0xc4 build/spiops.o
                0x000000000801a664                spiComOps
 .text.checkIfControlData
                0x000000000801a728       0x38 build/spiops.o
                0x000000000801a728                checkIfControlData
 .text.putControlDataResponse
                0x000000000801a760        0xc build/spiops.o
                0x000000000801a760                putControlDataResponse
 .text.putEnvironmentData
                0x000000000801a76c      0x35c build/spiops.o
                0x000000000801a76c                putEnvironmentData
 .text.processControlData
                0x000000000801aac8      0x13c build/spiops.o
                0x000000000801aac8                processControlData
 .text.recieveControlData
                0x000000000801ac04      0x440 build/spiops.o
                0x000000000801ac04                recieveControlData
 .text.sensorOps
                0x000000000801b044       0x9c build/sensorops.o
                0x000000000801b044                sensorOps
 .text.motorOps
                0x000000000801b0e0       0x7c build/motorops.o
                0x000000000801b0e0                motorOps
 .text.driveStepMotorswithDirection
                0x000000000801b15c      0x100 build/motorops.o
                0x000000000801b15c                driveStepMotorswithDirection
 *fill*         0x000000000801b25c        0x4 
 .text.driveServoMotors
                0x000000000801b260      0x134 build/motorops.o
                0x000000000801b260                driveServoMotors
 .text.getInitialPositions
                0x000000000801b394       0x74 build/motorops.o
                0x000000000801b394                getInitialPositions
 .text.putMotorInformationstoEnvironmentData
                0x000000000801b408       0xb8 build/motorops.o
                0x000000000801b408                putMotorInformationstoEnvironmentData
 .text.driveStepMotorswithPosition
                0x000000000801b4c0       0xf4 build/motorops.o
                0x000000000801b4c0                driveStepMotorswithPosition
 .text.vprint   0x000000000801b5b4       0x48 build/freertos.o
                0x000000000801b5b4                vprint
 .text.mprintf  0x000000000801b5fc       0x44 build/freertos.o
                0x000000000801b5fc                mprintf
 .text.MX_FREERTOS_Init
                0x000000000801b640      0x1ac build/freertos.o
                0x000000000801b640                MX_FREERTOS_Init
 .text.Reset_Handler
                0x000000000801b7ec       0x50 build/startup_stm32f746xx.o
                0x000000000801b7ec                Reset_Handler
 .text.Default_Handler
                0x000000000801b83c        0x2 build/startup_stm32f746xx.o
                0x000000000801b83c                RTC_Alarm_IRQHandler
                0x000000000801b83c                EXTI2_IRQHandler
                0x000000000801b83c                TIM8_CC_IRQHandler
                0x000000000801b83c                UART8_IRQHandler
                0x000000000801b83c                SPI4_IRQHandler
                0x000000000801b83c                TIM1_CC_IRQHandler
                0x000000000801b83c                DMA2_Stream5_IRQHandler
                0x000000000801b83c                DMA1_Stream5_IRQHandler
                0x000000000801b83c                PVD_IRQHandler
                0x000000000801b83c                TAMP_STAMP_IRQHandler
                0x000000000801b83c                CAN2_RX1_IRQHandler
                0x000000000801b83c                EXTI3_IRQHandler
                0x000000000801b83c                TIM8_TRG_COM_TIM14_IRQHandler
                0x000000000801b83c                TIM1_UP_TIM10_IRQHandler
                0x000000000801b83c                TIM8_UP_TIM13_IRQHandler
                0x000000000801b83c                I2C3_ER_IRQHandler
                0x000000000801b83c                EXTI0_IRQHandler
                0x000000000801b83c                I2C2_EV_IRQHandler
                0x000000000801b83c                DMA1_Stream2_IRQHandler
                0x000000000801b83c                CAN1_RX0_IRQHandler
                0x000000000801b83c                FPU_IRQHandler
                0x000000000801b83c                OTG_HS_WKUP_IRQHandler
                0x000000000801b83c                LTDC_ER_IRQHandler
                0x000000000801b83c                CAN2_SCE_IRQHandler
                0x000000000801b83c                DMA2_Stream2_IRQHandler
                0x000000000801b83c                TIM6_DAC_IRQHandler
                0x000000000801b83c                TIM1_BRK_TIM9_IRQHandler
                0x000000000801b83c                DCMI_IRQHandler
                0x000000000801b83c                CAN2_RX0_IRQHandler
                0x000000000801b83c                DMA2_Stream3_IRQHandler
                0x000000000801b83c                SAI2_IRQHandler
                0x000000000801b83c                USART6_IRQHandler
                0x000000000801b83c                USART3_IRQHandler
                0x000000000801b83c                CAN1_RX1_IRQHandler
                0x000000000801b83c                UART5_IRQHandler
                0x000000000801b83c                DMA2_Stream0_IRQHandler
                0x000000000801b83c                QUADSPI_IRQHandler
                0x000000000801b83c                I2C1_EV_IRQHandler
                0x000000000801b83c                DMA1_Stream6_IRQHandler
                0x000000000801b83c                DMA1_Stream1_IRQHandler
                0x000000000801b83c                TIM3_IRQHandler
                0x000000000801b83c                RCC_IRQHandler
                0x000000000801b83c                TIM8_BRK_TIM12_IRQHandler
                0x000000000801b83c                Default_Handler
                0x000000000801b83c                CEC_IRQHandler
                0x000000000801b83c                EXTI15_10_IRQHandler
                0x000000000801b83c                ADC_IRQHandler
                0x000000000801b83c                DMA1_Stream7_IRQHandler
                0x000000000801b83c                SPI5_IRQHandler
                0x000000000801b83c                TIM7_IRQHandler
                0x000000000801b83c                SDMMC1_IRQHandler
                0x000000000801b83c                CAN2_TX_IRQHandler
                0x000000000801b83c                TIM5_IRQHandler
                0x000000000801b83c                DMA2_Stream7_IRQHandler
                0x000000000801b83c                I2C3_EV_IRQHandler
                0x000000000801b83c                EXTI9_5_IRQHandler
                0x000000000801b83c                RTC_WKUP_IRQHandler
                0x000000000801b83c                LTDC_IRQHandler
                0x000000000801b83c                ETH_WKUP_IRQHandler
                0x000000000801b83c                SPDIF_RX_IRQHandler
                0x000000000801b83c                SPI2_IRQHandler
                0x000000000801b83c                OTG_HS_EP1_IN_IRQHandler
                0x000000000801b83c                DMA1_Stream0_IRQHandler
                0x000000000801b83c                CAN1_TX_IRQHandler
                0x000000000801b83c                EXTI4_IRQHandler
                0x000000000801b83c                RNG_IRQHandler
                0x000000000801b83c                ETH_IRQHandler
                0x000000000801b83c                OTG_HS_EP1_OUT_IRQHandler
                0x000000000801b83c                WWDG_IRQHandler
                0x000000000801b83c                SPI6_IRQHandler
                0x000000000801b83c                I2C4_EV_IRQHandler
                0x000000000801b83c                OTG_FS_WKUP_IRQHandler
                0x000000000801b83c                TIM1_TRG_COM_TIM11_IRQHandler
                0x000000000801b83c                OTG_HS_IRQHandler
                0x000000000801b83c                DMA2D_IRQHandler
                0x000000000801b83c                EXTI1_IRQHandler
                0x000000000801b83c                UART7_IRQHandler
                0x000000000801b83c                USART2_IRQHandler
                0x000000000801b83c                I2C2_ER_IRQHandler
                0x000000000801b83c                DMA2_Stream1_IRQHandler
                0x000000000801b83c                CAN1_SCE_IRQHandler
                0x000000000801b83c                FLASH_IRQHandler
                0x000000000801b83c                DMA2_Stream4_IRQHandler
                0x000000000801b83c                USART1_IRQHandler
                0x000000000801b83c                OTG_FS_IRQHandler
                0x000000000801b83c                SPI3_IRQHandler
                0x000000000801b83c                DMA1_Stream4_IRQHandler
                0x000000000801b83c                I2C1_ER_IRQHandler
                0x000000000801b83c                FMC_IRQHandler
                0x000000000801b83c                LPTIM1_IRQHandler
                0x000000000801b83c                I2C4_ER_IRQHandler
                0x000000000801b83c                DMA2_Stream6_IRQHandler
                0x000000000801b83c                SAI1_IRQHandler
                0x000000000801b83c                DMA1_Stream3_IRQHandler
 *(.glue_7)
 .glue_7        0x000000000801b83e        0x0 linker stubs
 *(.glue_7t)
 .glue_7t       0x000000000801b83e        0x0 linker stubs
 *(.eh_frame)
 *fill*         0x000000000801b83e        0x2 
 .eh_frame      0x000000000801b840        0x0 /usr/lib/gcc/arm-none-eabi/7.3.1/thumb/v7e-m/fpv4-sp/hard/crtbegin.o
 *(.init)
 .init          0x000000000801b840        0x4 /usr/lib/gcc/arm-none-eabi/7.3.1/thumb/v7e-m/fpv4-sp/hard/crti.o
                0x000000000801b840                _init
 .init          0x000000000801b844        0x8 /usr/lib/gcc/arm-none-eabi/7.3.1/thumb/v7e-m/fpv4-sp/hard/crtn.o
 *(.fini)
 .fini          0x000000000801b84c        0x4 /usr/lib/gcc/arm-none-eabi/7.3.1/thumb/v7e-m/fpv4-sp/hard/crti.o
                0x000000000801b84c                _fini
 .fini          0x000000000801b850        0x8 /usr/lib/gcc/arm-none-eabi/7.3.1/thumb/v7e-m/fpv4-sp/hard/crtn.o
                0x000000000801b858                . = ALIGN (0x4)
                0x000000000801b858                _etext = .

.vfp11_veneer   0x000000000801b858        0x0
 .vfp11_veneer  0x000000000801b858        0x0 linker stubs

.v4_bx          0x000000000801b858        0x0
 .v4_bx         0x000000000801b858        0x0 linker stubs

.iplt           0x000000000801b858        0x0
 .iplt          0x000000000801b858        0x0 /usr/lib/gcc/arm-none-eabi/7.3.1/thumb/v7e-m/fpv4-sp/hard/crtbegin.o

.rodata         0x000000000801b858      0x3a8
                0x000000000801b858                . = ALIGN (0x4)
 *(.rodata)
 .rodata        0x000000000801b858        0x5 build/tasks.o
 *fill*         0x000000000801b85d        0x3 
 .rodata        0x000000000801b860        0xb build/main.o
 *fill*         0x000000000801b86b        0x1 
 .rodata        0x000000000801b86c        0xa build/tim.o
 *fill*         0x000000000801b876        0x2 
 .rodata        0x000000000801b878        0xc build/usart.o
 .rodata        0x000000000801b884        0xa build/i2c.o
 *fill*         0x000000000801b88e        0x2 
 .rodata        0x000000000801b890       0x16 build/gps.o
 *fill*         0x000000000801b8a6        0x2 
 .rodata        0x000000000801b8a8      0x1fa build/sensor.o
 *fill*         0x000000000801baa2        0x2 
 .rodata        0x000000000801baa4        0xa build/spi.o
 *fill*         0x000000000801baae        0x2 
 .rodata        0x000000000801bab0       0x1c build/gpsops.o
 .rodata        0x000000000801bacc       0x10 build/spiops.o
 .rodata        0x000000000801badc       0x2b build/sensorops.o
 *fill*         0x000000000801bb07        0x1 
 .rodata        0x000000000801bb08        0xb build/motorops.o
 *fill*         0x000000000801bb13        0x1 
 .rodata        0x000000000801bb14       0x88 build/freertos.o
 *(.rodata*)
 .rodata.gprmc_header.9977
                0x000000000801bb9c        0x6 build/gps.o
 .rodata.WAKEUP_COMMAND
                0x000000000801bba2        0x1 build/sensor.o
                0x000000000801bba2                WAKEUP_COMMAND
 .rodata.WHEATHER_COMMAND
                0x000000000801bba3        0x1 build/sensor.o
                0x000000000801bba3                WHEATHER_COMMAND
 .rodata.COMPASS_CALIBRATION_COMMAND
                0x000000000801bba4        0x1 build/sensor.o
                0x000000000801bba4                COMPASS_CALIBRATION_COMMAND
 .rodata.PRESS_WRITE_COMMAND
                0x000000000801bba5        0x1 build/sensor.o
                0x000000000801bba5                PRESS_WRITE_COMMAND
 .rodata.TEMPERATURE_WRITE_COMMAND
                0x000000000801bba6        0x1 build/sensor.o
                0x000000000801bba6                TEMPERATURE_WRITE_COMMAND
 .rodata.ALTITUDE_WRITE_COMMAND
                0x000000000801bba7        0x1 build/sensor.o
                0x000000000801bba7                ALTITUDE_WRITE_COMMAND
 .rodata.COMPASS_WRITE_COMMAND
                0x000000000801bba8        0x1 build/sensor.o
                0x000000000801bba8                COMPASS_WRITE_COMMAND
 *fill*         0x000000000801bba9        0x3 
 .rodata.AHBPrescTable
                0x000000000801bbac       0x10 build/system_stm32f7xx.o
                0x000000000801bbac                AHBPrescTable
 .rodata.APBPrescTable
                0x000000000801bbbc        0x8 build/system_stm32f7xx.o
                0x000000000801bbbc                APBPrescTable
 .rodata.str1.4
                0x000000000801bbc4       0x13 /usr/lib/gcc/arm-none-eabi/7.3.1/../../../arm-none-eabi/lib/thumb/v7e-m/fpv4-sp/hard/libc_nano.a(lib_a-nano-svfprintf.o)
 *fill*         0x000000000801bbd7        0x1 
 .rodata.str1.4
                0x000000000801bbd8       0x28 /usr/lib/gcc/arm-none-eabi/7.3.1/../../../arm-none-eabi/lib/thumb/v7e-m/fpv4-sp/hard/libc_nano.a(lib_a-nano-vfprintf_i.o)
                                         0x25 (size before relaxing)
                0x000000000801bc00                . = ALIGN (0x4)

.ARM.extab
 *(.ARM.extab* .gnu.linkonce.armextab.*)

.ARM            0x000000000801bc00        0x8
                0x000000000801bc00                __exidx_start = .
 *(.ARM.exidx*)
 .ARM.exidx     0x000000000801bc00        0x8 /usr/lib/gcc/arm-none-eabi/7.3.1/thumb/v7e-m/fpv4-sp/hard/libgcc.a(_udivmoddi4.o)
                0x000000000801bc08                __exidx_end = .

.rel.dyn        0x000000000801bc08        0x0
 .rel.iplt      0x000000000801bc08        0x0 /usr/lib/gcc/arm-none-eabi/7.3.1/thumb/v7e-m/fpv4-sp/hard/crtbegin.o

.preinit_array  0x000000000801bc08        0x0
                0x000000000801bc08                PROVIDE (__preinit_array_start = .)
 *(.preinit_array*)
                0x000000000801bc08                PROVIDE (__preinit_array_end = .)

.init_array     0x000000000801bc08        0x4
                0x000000000801bc08                PROVIDE (__init_array_start = .)
 *(SORT_BY_NAME(.init_array.*))
 *(.init_array*)
 .init_array    0x000000000801bc08        0x4 /usr/lib/gcc/arm-none-eabi/7.3.1/thumb/v7e-m/fpv4-sp/hard/crtbegin.o
                0x000000000801bc0c                PROVIDE (__init_array_end = .)

.fini_array     0x000000000801bc0c        0x4
                0x000000000801bc0c                PROVIDE (__fini_array_start = .)
 *(SORT_BY_NAME(.fini_array.*))
 *(.fini_array*)
 .fini_array    0x000000000801bc0c        0x4 /usr/lib/gcc/arm-none-eabi/7.3.1/thumb/v7e-m/fpv4-sp/hard/crtbegin.o
                0x000000000801bc10                PROVIDE (__fini_array_end = .)
                0x000000000801bc10                _sidata = LOADADDR (.data)

.data           0x00000000200000c0       0x8c load address 0x000000000801bc10
                0x00000000200000c0                . = ALIGN (0x4)
                0x00000000200000c0                _sdata = .
 *(.data)
 .data          0x00000000200000c0       0x64 /usr/lib/gcc/arm-none-eabi/7.3.1/../../../arm-none-eabi/lib/thumb/v7e-m/fpv4-sp/hard/libc_nano.a(lib_a-impure.o)
                0x00000000200000c0                _impure_ptr
 *(.data*)
 .data.uwTickFreq
                0x0000000020000124        0x1 build/stm32f7xx_hal.o
                0x0000000020000124                uwTickFreq
 *fill*         0x0000000020000125        0x3 
 .data.uxCriticalNesting
                0x0000000020000128        0x4 build/port.o
 .data.gprmc_status
                0x000000002000012c        0x2 build/gps.o
                0x000000002000012c                gprmc_status
 .data.gprmc_enable
                0x000000002000012e        0x2 build/gps.o
                0x000000002000012e                gprmc_enable
 .data.gpgga_enable
                0x0000000020000130        0x2 build/gps.o
                0x0000000020000130                gpgga_enable
 .data.gpgsa_enable
                0x0000000020000132        0x2 build/gps.o
                0x0000000020000132                gpgsa_enable
 .data.gpgll_enable
                0x0000000020000134        0x2 build/gps.o
                0x0000000020000134                gpgll_enable
 *fill*         0x0000000020000136        0x2 
 .data.phase.9717
                0x0000000020000138        0x4 build/motor.o
 .data.phase.9721
                0x000000002000013c        0x4 build/motor.o
 .data.pressure_ready
                0x0000000020000140        0x1 build/sensor.o
                0x0000000020000140                pressure_ready
 .data.altitude_ready
                0x0000000020000141        0x1 build/sensor.o
                0x0000000020000141                altitude_ready
 .data.wheather_ready
                0x0000000020000142        0x1 build/sensor.o
                0x0000000020000142                wheather_ready
 .data.temperature_ready
                0x0000000020000143        0x1 build/sensor.o
                0x0000000020000143                temperature_ready
 .data.compass_ready
                0x0000000020000144        0x1 build/sensor.o
                0x0000000020000144                compass_ready
 *fill*         0x0000000020000145        0x3 
 .data.SystemCoreClock
                0x0000000020000148        0x4 build/system_stm32f7xx.o
                0x0000000020000148                SystemCoreClock
                0x000000002000014c                . = ALIGN (0x4)
                0x000000002000014c                _edata = .

.tm_clone_table
                0x000000002000014c        0x0 load address 0x000000000801bc9c
 .tm_clone_table
                0x000000002000014c        0x0 /usr/lib/gcc/arm-none-eabi/7.3.1/thumb/v7e-m/fpv4-sp/hard/crtbegin.o
 .tm_clone_table
                0x000000002000014c        0x0 /usr/lib/gcc/arm-none-eabi/7.3.1/thumb/v7e-m/fpv4-sp/hard/crtend.o

.igot.plt       0x000000002000014c        0x0 load address 0x000000000801bc9c
 .igot.plt      0x000000002000014c        0x0 /usr/lib/gcc/arm-none-eabi/7.3.1/thumb/v7e-m/fpv4-sp/hard/crtbegin.o
                0x000000002000014c                . = ALIGN (0x4)

.bss            0x000000002000014c     0x44e0 load address 0x000000000801bc9c
                0x000000002000014c                _sbss = .
                0x000000002000014c                __bss_start__ = _sbss
 *(.bss)
 .bss           0x000000002000014c       0x1c /usr/lib/gcc/arm-none-eabi/7.3.1/thumb/v7e-m/fpv4-sp/hard/crtbegin.o
 .bss           0x0000000020000168        0x8 /usr/lib/gcc/arm-none-eabi/7.3.1/../../../arm-none-eabi/lib/thumb/v7e-m/fpv4-sp/hard/libc_nano.a(lib_a-nano-mallocr.o)
                0x0000000020000168                __malloc_free_list
                0x000000002000016c                __malloc_sbrk_start
 .bss           0x0000000020000170        0x4 /usr/lib/gcc/arm-none-eabi/7.3.1/../../../arm-none-eabi/lib/thumb/v7e-m/fpv4-sp/hard/libnosys.a(sbrk.o)
 *(.bss*)
 .bss.pxCurrentTCB
                0x0000000020000174        0x4 build/tasks.o
                0x0000000020000174                pxCurrentTCB
 .bss.pxReadyTasksLists
                0x0000000020000178       0x8c build/tasks.o
 .bss.xDelayedTaskList1
                0x0000000020000204       0x14 build/tasks.o
 .bss.xDelayedTaskList2
                0x0000000020000218       0x14 build/tasks.o
 .bss.pxDelayedTaskList
                0x000000002000022c        0x4 build/tasks.o
 .bss.pxOverflowDelayedTaskList
                0x0000000020000230        0x4 build/tasks.o
 .bss.xPendingReadyList
                0x0000000020000234       0x14 build/tasks.o
 .bss.xTasksWaitingTermination
                0x0000000020000248       0x14 build/tasks.o
 .bss.uxDeletedTasksWaitingCleanUp
                0x000000002000025c        0x4 build/tasks.o
 .bss.xSuspendedTaskList
                0x0000000020000260       0x14 build/tasks.o
 .bss.uxCurrentNumberOfTasks
                0x0000000020000274        0x4 build/tasks.o
 .bss.xTickCount
                0x0000000020000278        0x4 build/tasks.o
 .bss.uxTopReadyPriority
                0x000000002000027c        0x4 build/tasks.o
 .bss.xSchedulerRunning
                0x0000000020000280        0x4 build/tasks.o
 .bss.uxPendedTicks
                0x0000000020000284        0x4 build/tasks.o
 .bss.xYieldPending
                0x0000000020000288        0x4 build/tasks.o
 .bss.xNumOfOverflows
                0x000000002000028c        0x4 build/tasks.o
 .bss.uxTaskNumber
                0x0000000020000290        0x4 build/tasks.o
 .bss.xNextTaskUnblockTime
                0x0000000020000294        0x4 build/tasks.o
 .bss.xIdleTaskHandle
                0x0000000020000298        0x4 build/tasks.o
 .bss.uxSchedulerSuspended
                0x000000002000029c        0x4 build/tasks.o
 .bss.ucHeap    0x00000000200002a0     0x3c00 build/heap_4.o
 .bss.xStart    0x0000000020003ea0        0x8 build/heap_4.o
 .bss.pxEnd     0x0000000020003ea8        0x4 build/heap_4.o
 .bss.xFreeBytesRemaining
                0x0000000020003eac        0x4 build/heap_4.o
 .bss.xMinimumEverFreeBytesRemaining
                0x0000000020003eb0        0x4 build/heap_4.o
 .bss.xBlockAllocatedBit
                0x0000000020003eb4        0x4 build/heap_4.o
 .bss.ucMaxSysCallPriority
                0x0000000020003eb8        0x1 build/port.o
 *fill*         0x0000000020003eb9        0x3 
 .bss.ulMaxPRIGROUPValue
                0x0000000020003ebc        0x4 build/port.o
 .bss.gprmc_index.9979
                0x0000000020003ec0        0x4 build/gps.o
 .bss.gprmc_buffer.9978
                0x0000000020003ec4       0x64 build/gps.o
 .bss.speed     0x0000000020003f28        0x4 build/motorops.o
                0x0000000020003f28                speed
 .bss.step1_desired_step
                0x0000000020003f2c        0x4 build/motorops.o
                0x0000000020003f2c                step1_desired_step
 .bss.step2_desired_step
                0x0000000020003f30        0x4 build/motorops.o
                0x0000000020003f30                step2_desired_step
 .bss.servo2_degree.10975
                0x0000000020003f34        0x4 build/motorops.o
 .bss.counter2.10974
                0x0000000020003f38        0x4 build/motorops.o
 .bss.servo1_degree.10976
                0x0000000020003f3c        0x4 build/motorops.o
 .bss.counter1.10973
                0x0000000020003f40        0x4 build/motorops.o
 *(COMMON)
 COMMON         0x0000000020003f44        0x4 build/stm32f7xx_hal.o
                0x0000000020003f44                uwTick
 COMMON         0x0000000020003f48      0x248 build/main.o
                0x0000000020003f48                motor2
                0x0000000020003f5c                setting_enable
                0x0000000020003f60                uartSemaphoreHandle
                0x0000000020003f64                SpiCheckData
                0x0000000020003f68                sensorThreadHandle
                0x0000000020003f6c                SpiRxData
                0x0000000020003f70                EnvironmentData
                0x0000000020003f74                gpsData
                0x0000000020004114                servo1
                0x0000000020004124                sensorValues
                0x0000000020004138                UpdateFile
                0x000000002000413c                calibration
                0x0000000020004140                rx_buf
                0x0000000020004144                motor1
                0x0000000020004158                SensorCalibrationNeeded
                0x000000002000415c                uartMutexHandle
                0x0000000020004160                ControlData
                0x0000000020004164                spiMutexHandle
                0x0000000020004168                spiComThreadHandle
                0x000000002000416c                spiSemaphoreHandle
                0x0000000020004170                motorThreadHandle
                0x0000000020004174                controlMutexHandle
                0x0000000020004178                servo2
                0x0000000020004188                SpiTxData
                0x000000002000418c                gpsThreadHandle
 COMMON         0x0000000020004190      0x100 build/tim.o
                0x0000000020004190                htim3
                0x00000000200041d0                htim13
                0x0000000020004210                htim2
                0x0000000020004250                htim14
 COMMON         0x0000000020004290      0x1c0 build/usart.o
                0x0000000020004290                huart7
                0x0000000020004300                huart1
                0x0000000020004370                huart8
                0x00000000200043e0                huart4
 COMMON         0x0000000020004450      0x130 build/i2c.o
                0x0000000020004450                hi2c3
                0x000000002000449c                hi2c4
                0x00000000200044e8                hi2c1
                0x0000000020004534                hi2c2
 COMMON         0x0000000020004580        0x1 build/gps.o
                0x0000000020004580                rx_data
 *fill*         0x0000000020004581        0x3 
 COMMON         0x0000000020004584       0x64 build/spi.o
                0x0000000020004584                hspi1
 COMMON         0x00000000200045e8       0x40 build/stm32f7xx_hal_timebase_TIM.o
                0x00000000200045e8                htim4
 COMMON         0x0000000020004628        0x4 /usr/lib/gcc/arm-none-eabi/7.3.1/../../../arm-none-eabi/lib/thumb/v7e-m/fpv4-sp/hard/libc_nano.a(lib_a-reent.o)
                0x0000000020004628                errno
                0x000000002000462c                . = ALIGN (0x4)
                0x000000002000462c                _ebss = .
                0x000000002000462c                __bss_end__ = _ebss

._user_heap_stack
                0x000000002000462c      0x604 load address 0x000000000801bc9c
                0x0000000020004630                . = ALIGN (0x8)
 *fill*         0x000000002000462c        0x4 
                0x0000000020004630                PROVIDE (end = .)
                [!provide]                        PROVIDE (_end = .)
                0x0000000020004830                . = (. + _Min_Heap_Size)
 *fill*         0x0000000020004630      0x200 
                0x0000000020004c30                . = (. + _Min_Stack_Size)
 *fill*         0x0000000020004830      0x400 
                0x0000000020004c30                . = ALIGN (0x8)

/DISCARD/
 libc.a(*)
 libm.a(*)
 libgcc.a(*)

.ARM.attributes
                0x0000000000000000       0x30
 *(.ARM.attributes)
 .ARM.attributes
                0x0000000000000000       0x22 /usr/lib/gcc/arm-none-eabi/7.3.1/thumb/v7e-m/fpv4-sp/hard/crti.o
 .ARM.attributes
                0x0000000000000022       0x34 /usr/lib/gcc/arm-none-eabi/7.3.1/thumb/v7e-m/fpv4-sp/hard/crtbegin.o
 .ARM.attributes
                0x0000000000000056       0x39 build/stm32f7xx_hal_i2c.o
 .ARM.attributes
                0x000000000000008f       0x39 build/stm32f7xx_hal_cortex.o
 .ARM.attributes
                0x00000000000000c8       0x39 build/stm32f7xx_hal_uart.o
 .ARM.attributes
                0x0000000000000101       0x39 build/stm32f7xx_hal.o
 .ARM.attributes
                0x000000000000013a       0x39 build/stm32f7xx_hal_tim_ex.o
 .ARM.attributes
                0x0000000000000173       0x39 build/stm32f7xx_hal_rcc.o
 .ARM.attributes
                0x00000000000001ac       0x39 build/stm32f7xx_hal_spi.o
 .ARM.attributes
                0x00000000000001e5       0x39 build/stm32f7xx_hal_tim.o
 .ARM.attributes
                0x000000000000021e       0x39 build/stm32f7xx_hal_pwr_ex.o
 .ARM.attributes
                0x0000000000000257       0x39 build/stm32f7xx_hal_gpio.o
 .ARM.attributes
                0x0000000000000290       0x39 build/stm32f7xx_hal_dma.o
 .ARM.attributes
                0x00000000000002c9       0x39 build/stm32f7xx_hal_i2c_ex.o
 .ARM.attributes
                0x0000000000000302       0x39 build/stm32f7xx_hal_rcc_ex.o
 .ARM.attributes
                0x000000000000033b       0x39 build/list.o
 .ARM.attributes
                0x0000000000000374       0x39 build/queue.o
 .ARM.attributes
                0x00000000000003ad       0x39 build/tasks.o
 .ARM.attributes
                0x00000000000003e6       0x39 build/heap_4.o
 .ARM.attributes
                0x000000000000041f       0x39 build/port.o
 .ARM.attributes
                0x0000000000000458       0x39 build/cmsis_os.o
 .ARM.attributes
                0x0000000000000491       0x39 build/main.o
 .ARM.attributes
                0x00000000000004ca       0x39 build/tim.o
 .ARM.attributes
                0x0000000000000503       0x39 build/usart.o
 .ARM.attributes
                0x000000000000053c       0x39 build/gpio.o
 .ARM.attributes
                0x0000000000000575       0x39 build/i2c.o
 .ARM.attributes
                0x00000000000005ae       0x39 build/stm32f7xx_it.o
 .ARM.attributes
                0x00000000000005e7       0x39 build/gps.o
 .ARM.attributes
                0x0000000000000620       0x39 build/motor.o
 .ARM.attributes
                0x0000000000000659       0x39 build/sensor.o
 .ARM.attributes
                0x0000000000000692       0x39 build/system_stm32f7xx.o
 .ARM.attributes
                0x00000000000006cb       0x39 build/spi.o
 .ARM.attributes
                0x0000000000000704       0x39 build/stm32f7xx_hal_msp.o
 .ARM.attributes
                0x000000000000073d       0x39 build/stm32f7xx_hal_timebase_TIM.o
 .ARM.attributes
                0x0000000000000776       0x39 build/gpsops.o
 .ARM.attributes
                0x00000000000007af       0x39 build/spiops.o
 .ARM.attributes
                0x00000000000007e8       0x39 build/sensorops.o
 .ARM.attributes
                0x0000000000000821       0x39 build/motorops.o
 .ARM.attributes
                0x000000000000085a       0x39 build/freertos.o
 .ARM.attributes
                0x0000000000000893       0x21 build/startup_stm32f746xx.o
 .ARM.attributes
                0x00000000000008b4       0x22 /usr/lib/gcc/arm-none-eabi/7.3.1/thumb/v7e-m/fpv4-sp/hard/libgcc.a(_arm_addsubdf3.o)
 .ARM.attributes
                0x00000000000008d6       0x22 /usr/lib/gcc/arm-none-eabi/7.3.1/thumb/v7e-m/fpv4-sp/hard/libgcc.a(_arm_muldivdf3.o)
 .ARM.attributes
                0x00000000000008f8       0x22 /usr/lib/gcc/arm-none-eabi/7.3.1/thumb/v7e-m/fpv4-sp/hard/libgcc.a(_arm_fixunsdfsi.o)
 .ARM.attributes
                0x000000000000091a       0x22 /usr/lib/gcc/arm-none-eabi/7.3.1/thumb/v7e-m/fpv4-sp/hard/libgcc.a(_aeabi_uldivmod.o)
 .ARM.attributes
                0x000000000000093c       0x34 /usr/lib/gcc/arm-none-eabi/7.3.1/thumb/v7e-m/fpv4-sp/hard/libgcc.a(_udivmoddi4.o)
 .ARM.attributes
                0x0000000000000970       0x22 /usr/lib/gcc/arm-none-eabi/7.3.1/thumb/v7e-m/fpv4-sp/hard/libgcc.a(_dvmd_tls.o)
 .ARM.attributes
                0x0000000000000992       0x34 /usr/lib/gcc/arm-none-eabi/7.3.1/../../../arm-none-eabi/lib/thumb/v7e-m/fpv4-sp/hard/libc_nano.a(lib_a-impure.o)
 .ARM.attributes
                0x00000000000009c6       0x34 /usr/lib/gcc/arm-none-eabi/7.3.1/../../../arm-none-eabi/lib/thumb/v7e-m/fpv4-sp/hard/libc_nano.a(lib_a-init.o)
 .ARM.attributes
                0x00000000000009fa       0x34 /usr/lib/gcc/arm-none-eabi/7.3.1/../../../arm-none-eabi/lib/thumb/v7e-m/fpv4-sp/hard/libc_nano.a(lib_a-malloc.o)
 .ARM.attributes
                0x0000000000000a2e       0x20 /usr/lib/gcc/arm-none-eabi/7.3.1/../../../arm-none-eabi/lib/thumb/v7e-m/fpv4-sp/hard/libc_nano.a(lib_a-memcpy.o)
 .ARM.attributes
                0x0000000000000a4e       0x34 /usr/lib/gcc/arm-none-eabi/7.3.1/../../../arm-none-eabi/lib/thumb/v7e-m/fpv4-sp/hard/libc_nano.a(lib_a-nano-freer.o)
 .ARM.attributes
                0x0000000000000a82       0x34 /usr/lib/gcc/arm-none-eabi/7.3.1/../../../arm-none-eabi/lib/thumb/v7e-m/fpv4-sp/hard/libc_nano.a(lib_a-nano-mallocr.o)
 .ARM.attributes
                0x0000000000000ab6       0x34 /usr/lib/gcc/arm-none-eabi/7.3.1/../../../arm-none-eabi/lib/thumb/v7e-m/fpv4-sp/hard/libc_nano.a(lib_a-sbrkr.o)
 .ARM.attributes
                0x0000000000000aea       0x20 /usr/lib/gcc/arm-none-eabi/7.3.1/../../../arm-none-eabi/lib/thumb/v7e-m/fpv4-sp/hard/libc_nano.a(lib_a-strlen.o)
 .ARM.attributes
                0x0000000000000b0a       0x34 /usr/lib/gcc/arm-none-eabi/7.3.1/../../../arm-none-eabi/lib/thumb/v7e-m/fpv4-sp/hard/libc_nano.a(lib_a-vsprintf.o)
 .ARM.attributes
                0x0000000000000b3e       0x34 /usr/lib/gcc/arm-none-eabi/7.3.1/../../../arm-none-eabi/lib/thumb/v7e-m/fpv4-sp/hard/libc_nano.a(lib_a-mlock.o)
 .ARM.attributes
                0x0000000000000b72       0x34 /usr/lib/gcc/arm-none-eabi/7.3.1/../../../arm-none-eabi/lib/thumb/v7e-m/fpv4-sp/hard/libc_nano.a(lib_a-nano-svfprintf.o)
 .ARM.attributes
                0x0000000000000ba6       0x34 /usr/lib/gcc/arm-none-eabi/7.3.1/../../../arm-none-eabi/lib/thumb/v7e-m/fpv4-sp/hard/libc_nano.a(lib_a-nano-vfprintf_i.o)
 .ARM.attributes
                0x0000000000000bda       0x34 /usr/lib/gcc/arm-none-eabi/7.3.1/../../../arm-none-eabi/lib/thumb/v7e-m/fpv4-sp/hard/libc_nano.a(lib_a-reent.o)
 .ARM.attributes
                0x0000000000000c0e       0x20 /usr/lib/gcc/arm-none-eabi/7.3.1/../../../arm-none-eabi/lib/thumb/v7e-m/fpv4-sp/hard/libc_nano.a(lib_a-memchr.o)
 .ARM.attributes
                0x0000000000000c2e       0x34 /usr/lib/gcc/arm-none-eabi/7.3.1/../../../arm-none-eabi/lib/thumb/v7e-m/fpv4-sp/hard/libc_nano.a(lib_a-memmove.o)
 .ARM.attributes
                0x0000000000000c62       0x34 /usr/lib/gcc/arm-none-eabi/7.3.1/../../../arm-none-eabi/lib/thumb/v7e-m/fpv4-sp/hard/libc_nano.a(lib_a-nano-reallocr.o)
 .ARM.attributes
                0x0000000000000c96       0x34 /usr/lib/gcc/arm-none-eabi/7.3.1/../../../arm-none-eabi/lib/thumb/v7e-m/fpv4-sp/hard/libc_nano.a(lib_a-nano-msizer.o)
 .ARM.attributes
                0x0000000000000cca       0x34 /usr/lib/gcc/arm-none-eabi/7.3.1/../../../arm-none-eabi/lib/thumb/v7e-m/fpv4-sp/hard/libnosys.a(sbrk.o)
 .ARM.attributes
                0x0000000000000cfe       0x34 /usr/lib/gcc/arm-none-eabi/7.3.1/thumb/v7e-m/fpv4-sp/hard/crtend.o
 .ARM.attributes
                0x0000000000000d32       0x22 /usr/lib/gcc/arm-none-eabi/7.3.1/thumb/v7e-m/fpv4-sp/hard/crtn.o
OUTPUT(build/stm32f746_rtos.elf elf32-littlearm)

.comment        0x0000000000000000       0xae
 .comment       0x0000000000000000       0x57 /usr/lib/gcc/arm-none-eabi/7.3.1/thumb/v7e-m/fpv4-sp/hard/crtbegin.o
                                         0x58 (size before relaxing)
 .comment       0x0000000000000057       0x58 build/stm32f7xx_hal_i2c.o
 .comment       0x0000000000000057       0x58 build/stm32f7xx_hal_cortex.o
 .comment       0x0000000000000057       0x58 build/stm32f7xx_hal_uart.o
 .comment       0x0000000000000057       0x58 build/stm32f7xx_hal.o
 .comment       0x0000000000000057       0x58 build/stm32f7xx_hal_tim_ex.o
 .comment       0x0000000000000057       0x58 build/stm32f7xx_hal_rcc.o
 .comment       0x0000000000000057       0x58 build/stm32f7xx_hal_spi.o
 .comment       0x0000000000000057       0x58 build/stm32f7xx_hal_tim.o
 .comment       0x0000000000000057       0x58 build/stm32f7xx_hal_pwr_ex.o
 .comment       0x0000000000000057       0x58 build/stm32f7xx_hal_gpio.o
 .comment       0x0000000000000057       0x58 build/stm32f7xx_hal_dma.o
 .comment       0x0000000000000057       0x58 build/stm32f7xx_hal_i2c_ex.o
 .comment       0x0000000000000057       0x58 build/stm32f7xx_hal_rcc_ex.o
 .comment       0x0000000000000057       0x58 build/list.o
 .comment       0x0000000000000057       0x58 build/queue.o
 .comment       0x0000000000000057       0x58 build/tasks.o
 .comment       0x0000000000000057       0x58 build/heap_4.o
 .comment       0x0000000000000057       0x58 build/port.o
 .comment       0x0000000000000057       0x58 build/cmsis_os.o
 .comment       0x0000000000000057       0x58 build/main.o
 .comment       0x0000000000000057       0x58 build/tim.o
 .comment       0x0000000000000057       0x58 build/usart.o
 .comment       0x0000000000000057       0x58 build/gpio.o
 .comment       0x0000000000000057       0x58 build/i2c.o
 .comment       0x0000000000000057       0x58 build/stm32f7xx_it.o
 .comment       0x0000000000000057       0x58 build/gps.o
 .comment       0x0000000000000057       0x58 build/motor.o
 .comment       0x0000000000000057       0x58 build/sensor.o
 .comment       0x0000000000000057       0x58 build/system_stm32f7xx.o
 .comment       0x0000000000000057       0x58 build/spi.o
 .comment       0x0000000000000057       0x58 build/stm32f7xx_hal_msp.o
 .comment       0x0000000000000057       0x58 build/stm32f7xx_hal_timebase_TIM.o
 .comment       0x0000000000000057       0x58 build/gpsops.o
 .comment       0x0000000000000057       0x58 build/spiops.o
 .comment       0x0000000000000057       0x58 build/sensorops.o
 .comment       0x0000000000000057       0x58 build/motorops.o
 .comment       0x0000000000000057       0x58 build/freertos.o
 .comment       0x0000000000000057       0x58 /usr/lib/gcc/arm-none-eabi/7.3.1/thumb/v7e-m/fpv4-sp/hard/libgcc.a(_udivmoddi4.o)
 .comment       0x0000000000000057       0x57 /usr/lib/gcc/arm-none-eabi/7.3.1/../../../arm-none-eabi/lib/thumb/v7e-m/fpv4-sp/hard/libc_nano.a(lib_a-impure.o)
                                         0x58 (size before relaxing)
 .comment       0x00000000000000ae       0x58 /usr/lib/gcc/arm-none-eabi/7.3.1/../../../arm-none-eabi/lib/thumb/v7e-m/fpv4-sp/hard/libc_nano.a(lib_a-init.o)
 .comment       0x00000000000000ae       0x58 /usr/lib/gcc/arm-none-eabi/7.3.1/../../../arm-none-eabi/lib/thumb/v7e-m/fpv4-sp/hard/libc_nano.a(lib_a-malloc.o)
 .comment       0x00000000000000ae       0x58 /usr/lib/gcc/arm-none-eabi/7.3.1/../../../arm-none-eabi/lib/thumb/v7e-m/fpv4-sp/hard/libc_nano.a(lib_a-nano-freer.o)
 .comment       0x00000000000000ae       0x58 /usr/lib/gcc/arm-none-eabi/7.3.1/../../../arm-none-eabi/lib/thumb/v7e-m/fpv4-sp/hard/libc_nano.a(lib_a-nano-mallocr.o)
 .comment       0x00000000000000ae       0x58 /usr/lib/gcc/arm-none-eabi/7.3.1/../../../arm-none-eabi/lib/thumb/v7e-m/fpv4-sp/hard/libc_nano.a(lib_a-sbrkr.o)
 .comment       0x00000000000000ae       0x58 /usr/lib/gcc/arm-none-eabi/7.3.1/../../../arm-none-eabi/lib/thumb/v7e-m/fpv4-sp/hard/libc_nano.a(lib_a-vsprintf.o)
 .comment       0x00000000000000ae       0x58 /usr/lib/gcc/arm-none-eabi/7.3.1/../../../arm-none-eabi/lib/thumb/v7e-m/fpv4-sp/hard/libc_nano.a(lib_a-mlock.o)
 .comment       0x00000000000000ae       0x58 /usr/lib/gcc/arm-none-eabi/7.3.1/../../../arm-none-eabi/lib/thumb/v7e-m/fpv4-sp/hard/libc_nano.a(lib_a-nano-svfprintf.o)
 .comment       0x00000000000000ae       0x58 /usr/lib/gcc/arm-none-eabi/7.3.1/../../../arm-none-eabi/lib/thumb/v7e-m/fpv4-sp/hard/libc_nano.a(lib_a-nano-vfprintf_i.o)
 .comment       0x00000000000000ae       0x58 /usr/lib/gcc/arm-none-eabi/7.3.1/../../../arm-none-eabi/lib/thumb/v7e-m/fpv4-sp/hard/libc_nano.a(lib_a-reent.o)
 .comment       0x00000000000000ae       0x58 /usr/lib/gcc/arm-none-eabi/7.3.1/../../../arm-none-eabi/lib/thumb/v7e-m/fpv4-sp/hard/libc_nano.a(lib_a-memmove.o)
 .comment       0x00000000000000ae       0x58 /usr/lib/gcc/arm-none-eabi/7.3.1/../../../arm-none-eabi/lib/thumb/v7e-m/fpv4-sp/hard/libc_nano.a(lib_a-nano-reallocr.o)
 .comment       0x00000000000000ae       0x58 /usr/lib/gcc/arm-none-eabi/7.3.1/../../../arm-none-eabi/lib/thumb/v7e-m/fpv4-sp/hard/libc_nano.a(lib_a-nano-msizer.o)
 .comment       0x00000000000000ae       0x58 /usr/lib/gcc/arm-none-eabi/7.3.1/../../../arm-none-eabi/lib/thumb/v7e-m/fpv4-sp/hard/libnosys.a(sbrk.o)
 .comment       0x00000000000000ae       0x58 /usr/lib/gcc/arm-none-eabi/7.3.1/thumb/v7e-m/fpv4-sp/hard/crtend.o

.debug_info     0x0000000000000000    0x43aa8
 .debug_info    0x0000000000000000     0x269e build/stm32f7xx_hal_i2c.o
 .debug_info    0x000000000000269e     0x1a15 build/stm32f7xx_hal_cortex.o
 .debug_info    0x00000000000040b3     0x1df5 build/stm32f7xx_hal_uart.o
 .debug_info    0x0000000000005ea8     0x137a build/stm32f7xx_hal.o
 .debug_info    0x0000000000007222     0x1d18 build/stm32f7xx_hal_tim_ex.o
 .debug_info    0x0000000000008f3a     0x1277 build/stm32f7xx_hal_rcc.o
 .debug_info    0x000000000000a1b1     0x201b build/stm32f7xx_hal_spi.o
 .debug_info    0x000000000000c1cc     0x2e06 build/stm32f7xx_hal_tim.o
 .debug_info    0x000000000000efd2     0x1324 build/stm32f7xx_hal_pwr_ex.o
 .debug_info    0x00000000000102f6     0x10f7 build/stm32f7xx_hal_gpio.o
 .debug_info    0x00000000000113ed     0x127a build/stm32f7xx_hal_dma.o
 .debug_info    0x0000000000012667     0x103f build/stm32f7xx_hal_i2c_ex.o
 .debug_info    0x00000000000136a6     0x10ea build/stm32f7xx_hal_rcc_ex.o
 .debug_info    0x0000000000014790      0xc4b build/list.o
 .debug_info    0x00000000000153db     0x1b97 build/queue.o
 .debug_info    0x0000000000016f72     0x2315 build/tasks.o
 .debug_info    0x0000000000019287      0xd56 build/heap_4.o
 .debug_info    0x0000000000019fdd      0xe4b build/port.o
 .debug_info    0x000000000001ae28     0x1d7d build/cmsis_os.o
 .debug_info    0x000000000001cba5     0x3866 build/main.o
 .debug_info    0x000000000002040b     0x18ba build/tim.o
 .debug_info    0x0000000000021cc5     0x1726 build/usart.o
 .debug_info    0x00000000000233eb      0xe40 build/gpio.o
 .debug_info    0x000000000002422b     0x1474 build/i2c.o
 .debug_info    0x000000000002569f     0x166d build/stm32f7xx_it.o
 .debug_info    0x0000000000026d0c     0x154b build/gps.o
 .debug_info    0x0000000000028257     0x1237 build/motor.o
 .debug_info    0x000000000002948e     0x176d build/sensor.o
 .debug_info    0x000000000002abfb     0x109b build/system_stm32f7xx.o
 .debug_info    0x000000000002bc96     0x15e3 build/spi.o
 .debug_info    0x000000000002d279      0xc8a build/stm32f7xx_hal_msp.o
 .debug_info    0x000000000002df03     0x155d build/stm32f7xx_hal_timebase_TIM.o
 .debug_info    0x000000000002f460     0x1db2 build/gpsops.o
 .debug_info    0x0000000000031212     0x1e44 build/spiops.o
 .debug_info    0x0000000000033056     0x1cc2 build/sensorops.o
 .debug_info    0x0000000000034d18     0x1e8a build/motorops.o
 .debug_info    0x0000000000036ba2     0x1f22 build/freertos.o
 .debug_info    0x0000000000038ac4       0x22 build/startup_stm32f746xx.o
 .debug_info    0x0000000000038ae6       0x26 /usr/lib/gcc/arm-none-eabi/7.3.1/thumb/v7e-m/fpv4-sp/hard/libgcc.a(_arm_addsubdf3.o)
 .debug_info    0x0000000000038b0c       0x26 /usr/lib/gcc/arm-none-eabi/7.3.1/thumb/v7e-m/fpv4-sp/hard/libgcc.a(_arm_muldivdf3.o)
 .debug_info    0x0000000000038b32       0x26 /usr/lib/gcc/arm-none-eabi/7.3.1/thumb/v7e-m/fpv4-sp/hard/libgcc.a(_arm_fixunsdfsi.o)
 .debug_info    0x0000000000038b58       0x26 /usr/lib/gcc/arm-none-eabi/7.3.1/thumb/v7e-m/fpv4-sp/hard/libgcc.a(_aeabi_uldivmod.o)
 .debug_info    0x0000000000038b7e      0xd0b /usr/lib/gcc/arm-none-eabi/7.3.1/thumb/v7e-m/fpv4-sp/hard/libgcc.a(_udivmoddi4.o)
 .debug_info    0x0000000000039889       0x26 /usr/lib/gcc/arm-none-eabi/7.3.1/thumb/v7e-m/fpv4-sp/hard/libgcc.a(_dvmd_tls.o)
 .debug_info    0x00000000000398af      0x8a4 /usr/lib/gcc/arm-none-eabi/7.3.1/../../../arm-none-eabi/lib/thumb/v7e-m/fpv4-sp/hard/libc_nano.a(lib_a-impure.o)
 .debug_info    0x000000000003a153      0x109 /usr/lib/gcc/arm-none-eabi/7.3.1/../../../arm-none-eabi/lib/thumb/v7e-m/fpv4-sp/hard/libc_nano.a(lib_a-init.o)
 .debug_info    0x000000000003a25c      0x921 /usr/lib/gcc/arm-none-eabi/7.3.1/../../../arm-none-eabi/lib/thumb/v7e-m/fpv4-sp/hard/libc_nano.a(lib_a-malloc.o)
 .debug_info    0x000000000003ab7d       0xe1 /usr/lib/gcc/arm-none-eabi/7.3.1/../../../arm-none-eabi/lib/thumb/v7e-m/fpv4-sp/hard/libc_nano.a(lib_a-memcpy.o)
 .debug_info    0x000000000003ac5e      0xac1 /usr/lib/gcc/arm-none-eabi/7.3.1/../../../arm-none-eabi/lib/thumb/v7e-m/fpv4-sp/hard/libc_nano.a(lib_a-nano-freer.o)
 .debug_info    0x000000000003b71f      0xb75 /usr/lib/gcc/arm-none-eabi/7.3.1/../../../arm-none-eabi/lib/thumb/v7e-m/fpv4-sp/hard/libc_nano.a(lib_a-nano-mallocr.o)
 .debug_info    0x000000000003c294      0x95a /usr/lib/gcc/arm-none-eabi/7.3.1/../../../arm-none-eabi/lib/thumb/v7e-m/fpv4-sp/hard/libc_nano.a(lib_a-sbrkr.o)
 .debug_info    0x000000000003cbee       0xe0 /usr/lib/gcc/arm-none-eabi/7.3.1/../../../arm-none-eabi/lib/thumb/v7e-m/fpv4-sp/hard/libc_nano.a(lib_a-strlen.o)
 .debug_info    0x000000000003ccce      0xba0 /usr/lib/gcc/arm-none-eabi/7.3.1/../../../arm-none-eabi/lib/thumb/v7e-m/fpv4-sp/hard/libc_nano.a(lib_a-vsprintf.o)
 .debug_info    0x000000000003d86e      0x8d7 /usr/lib/gcc/arm-none-eabi/7.3.1/../../../arm-none-eabi/lib/thumb/v7e-m/fpv4-sp/hard/libc_nano.a(lib_a-mlock.o)
 .debug_info    0x000000000003e145     0x1651 /usr/lib/gcc/arm-none-eabi/7.3.1/../../../arm-none-eabi/lib/thumb/v7e-m/fpv4-sp/hard/libc_nano.a(lib_a-nano-svfprintf.o)
 .debug_info    0x000000000003f796     0x142c /usr/lib/gcc/arm-none-eabi/7.3.1/../../../arm-none-eabi/lib/thumb/v7e-m/fpv4-sp/hard/libc_nano.a(lib_a-nano-vfprintf_i.o)
 .debug_info    0x0000000000040bc2      0xa90 /usr/lib/gcc/arm-none-eabi/7.3.1/../../../arm-none-eabi/lib/thumb/v7e-m/fpv4-sp/hard/libc_nano.a(lib_a-reent.o)
 .debug_info    0x0000000000041652       0xda /usr/lib/gcc/arm-none-eabi/7.3.1/../../../arm-none-eabi/lib/thumb/v7e-m/fpv4-sp/hard/libc_nano.a(lib_a-memchr.o)
 .debug_info    0x000000000004172c      0xe2c /usr/lib/gcc/arm-none-eabi/7.3.1/../../../arm-none-eabi/lib/thumb/v7e-m/fpv4-sp/hard/libc_nano.a(lib_a-memmove.o)
 .debug_info    0x0000000000042558      0xac6 /usr/lib/gcc/arm-none-eabi/7.3.1/../../../arm-none-eabi/lib/thumb/v7e-m/fpv4-sp/hard/libc_nano.a(lib_a-nano-reallocr.o)
 .debug_info    0x000000000004301e      0x9fa /usr/lib/gcc/arm-none-eabi/7.3.1/../../../arm-none-eabi/lib/thumb/v7e-m/fpv4-sp/hard/libc_nano.a(lib_a-nano-msizer.o)
 .debug_info    0x0000000000043a18       0x90 /usr/lib/gcc/arm-none-eabi/7.3.1/../../../arm-none-eabi/lib/thumb/v7e-m/fpv4-sp/hard/libnosys.a(sbrk.o)

.debug_abbrev   0x0000000000000000     0x79d1
 .debug_abbrev  0x0000000000000000      0x2c3 build/stm32f7xx_hal_i2c.o
 .debug_abbrev  0x00000000000002c3      0x371 build/stm32f7xx_hal_cortex.o
 .debug_abbrev  0x0000000000000634      0x2d2 build/stm32f7xx_hal_uart.o
 .debug_abbrev  0x0000000000000906      0x2a0 build/stm32f7xx_hal.o
 .debug_abbrev  0x0000000000000ba6      0x2a8 build/stm32f7xx_hal_tim_ex.o
 .debug_abbrev  0x0000000000000e4e      0x2bb build/stm32f7xx_hal_rcc.o
 .debug_abbrev  0x0000000000001109      0x2b2 build/stm32f7xx_hal_spi.o
 .debug_abbrev  0x00000000000013bb      0x2a0 build/stm32f7xx_hal_tim.o
 .debug_abbrev  0x000000000000165b      0x29a build/stm32f7xx_hal_pwr_ex.o
 .debug_abbrev  0x00000000000018f5      0x26a build/stm32f7xx_hal_gpio.o
 .debug_abbrev  0x0000000000001b5f      0x2a4 build/stm32f7xx_hal_dma.o
 .debug_abbrev  0x0000000000001e03      0x1f7 build/stm32f7xx_hal_i2c_ex.o
 .debug_abbrev  0x0000000000001ffa      0x25d build/stm32f7xx_hal_rcc_ex.o
 .debug_abbrev  0x0000000000002257      0x1e6 build/list.o
 .debug_abbrev  0x000000000000243d      0x2ee build/queue.o
 .debug_abbrev  0x000000000000272b      0x36d build/tasks.o
 .debug_abbrev  0x0000000000002a98      0x2bc build/heap_4.o
 .debug_abbrev  0x0000000000002d54      0x2e6 build/port.o
 .debug_abbrev  0x000000000000303a      0x390 build/cmsis_os.o
 .debug_abbrev  0x00000000000033ca      0x264 build/main.o
 .debug_abbrev  0x000000000000362e      0x29a build/tim.o
 .debug_abbrev  0x00000000000038c8      0x21d build/usart.o
 .debug_abbrev  0x0000000000003ae5      0x1de build/gpio.o
 .debug_abbrev  0x0000000000003cc3      0x24c build/i2c.o
 .debug_abbrev  0x0000000000003f0f      0x1e4 build/stm32f7xx_it.o
 .debug_abbrev  0x00000000000040f3      0x2cf build/gps.o
 .debug_abbrev  0x00000000000043c2      0x213 build/motor.o
 .debug_abbrev  0x00000000000045d5      0x2bd build/sensor.o
 .debug_abbrev  0x0000000000004892      0x1f3 build/system_stm32f7xx.o
 .debug_abbrev  0x0000000000004a85      0x212 build/spi.o
 .debug_abbrev  0x0000000000004c97      0x1b5 build/stm32f7xx_hal_msp.o
 .debug_abbrev  0x0000000000004e4c      0x227 build/stm32f7xx_hal_timebase_TIM.o
 .debug_abbrev  0x0000000000005073      0x232 build/gpsops.o
 .debug_abbrev  0x00000000000052a5      0x2ac build/spiops.o
 .debug_abbrev  0x0000000000005551      0x1f1 build/sensorops.o
 .debug_abbrev  0x0000000000005742      0x244 build/motorops.o
 .debug_abbrev  0x0000000000005986      0x233 build/freertos.o
 .debug_abbrev  0x0000000000005bb9       0x12 build/startup_stm32f746xx.o
 .debug_abbrev  0x0000000000005bcb       0x14 /usr/lib/gcc/arm-none-eabi/7.3.1/thumb/v7e-m/fpv4-sp/hard/libgcc.a(_arm_addsubdf3.o)
 .debug_abbrev  0x0000000000005bdf       0x14 /usr/lib/gcc/arm-none-eabi/7.3.1/thumb/v7e-m/fpv4-sp/hard/libgcc.a(_arm_muldivdf3.o)
 .debug_abbrev  0x0000000000005bf3       0x14 /usr/lib/gcc/arm-none-eabi/7.3.1/thumb/v7e-m/fpv4-sp/hard/libgcc.a(_arm_fixunsdfsi.o)
 .debug_abbrev  0x0000000000005c07       0x14 /usr/lib/gcc/arm-none-eabi/7.3.1/thumb/v7e-m/fpv4-sp/hard/libgcc.a(_aeabi_uldivmod.o)
 .debug_abbrev  0x0000000000005c1b      0x199 /usr/lib/gcc/arm-none-eabi/7.3.1/thumb/v7e-m/fpv4-sp/hard/libgcc.a(_udivmoddi4.o)
 .debug_abbrev  0x0000000000005db4       0x14 /usr/lib/gcc/arm-none-eabi/7.3.1/thumb/v7e-m/fpv4-sp/hard/libgcc.a(_dvmd_tls.o)
 .debug_abbrev  0x0000000000005dc8      0x15c /usr/lib/gcc/arm-none-eabi/7.3.1/../../../arm-none-eabi/lib/thumb/v7e-m/fpv4-sp/hard/libc_nano.a(lib_a-impure.o)
 .debug_abbrev  0x0000000000005f24       0xba /usr/lib/gcc/arm-none-eabi/7.3.1/../../../arm-none-eabi/lib/thumb/v7e-m/fpv4-sp/hard/libc_nano.a(lib_a-init.o)
 .debug_abbrev  0x0000000000005fde      0x1c9 /usr/lib/gcc/arm-none-eabi/7.3.1/../../../arm-none-eabi/lib/thumb/v7e-m/fpv4-sp/hard/libc_nano.a(lib_a-malloc.o)
 .debug_abbrev  0x00000000000061a7       0x14 /usr/lib/gcc/arm-none-eabi/7.3.1/../../../arm-none-eabi/lib/thumb/v7e-m/fpv4-sp/hard/libc_nano.a(lib_a-memcpy.o)
 .debug_abbrev  0x00000000000061bb      0x244 /usr/lib/gcc/arm-none-eabi/7.3.1/../../../arm-none-eabi/lib/thumb/v7e-m/fpv4-sp/hard/libc_nano.a(lib_a-nano-freer.o)
 .debug_abbrev  0x00000000000063ff      0x27f /usr/lib/gcc/arm-none-eabi/7.3.1/../../../arm-none-eabi/lib/thumb/v7e-m/fpv4-sp/hard/libc_nano.a(lib_a-nano-mallocr.o)
 .debug_abbrev  0x000000000000667e      0x1df /usr/lib/gcc/arm-none-eabi/7.3.1/../../../arm-none-eabi/lib/thumb/v7e-m/fpv4-sp/hard/libc_nano.a(lib_a-sbrkr.o)
 .debug_abbrev  0x000000000000685d       0x14 /usr/lib/gcc/arm-none-eabi/7.3.1/../../../arm-none-eabi/lib/thumb/v7e-m/fpv4-sp/hard/libc_nano.a(lib_a-strlen.o)
 .debug_abbrev  0x0000000000006871      0x21c /usr/lib/gcc/arm-none-eabi/7.3.1/../../../arm-none-eabi/lib/thumb/v7e-m/fpv4-sp/hard/libc_nano.a(lib_a-vsprintf.o)
 .debug_abbrev  0x0000000000006a8d      0x1a1 /usr/lib/gcc/arm-none-eabi/7.3.1/../../../arm-none-eabi/lib/thumb/v7e-m/fpv4-sp/hard/libc_nano.a(lib_a-mlock.o)
 .debug_abbrev  0x0000000000006c2e      0x2cc /usr/lib/gcc/arm-none-eabi/7.3.1/../../../arm-none-eabi/lib/thumb/v7e-m/fpv4-sp/hard/libc_nano.a(lib_a-nano-svfprintf.o)
 .debug_abbrev  0x0000000000006efa      0x28b /usr/lib/gcc/arm-none-eabi/7.3.1/../../../arm-none-eabi/lib/thumb/v7e-m/fpv4-sp/hard/libc_nano.a(lib_a-nano-vfprintf_i.o)
 .debug_abbrev  0x0000000000007185      0x24c /usr/lib/gcc/arm-none-eabi/7.3.1/../../../arm-none-eabi/lib/thumb/v7e-m/fpv4-sp/hard/libc_nano.a(lib_a-reent.o)
 .debug_abbrev  0x00000000000073d1       0x14 /usr/lib/gcc/arm-none-eabi/7.3.1/../../../arm-none-eabi/lib/thumb/v7e-m/fpv4-sp/hard/libc_nano.a(lib_a-memchr.o)
 .debug_abbrev  0x00000000000073e5      0x1ad /usr/lib/gcc/arm-none-eabi/7.3.1/../../../arm-none-eabi/lib/thumb/v7e-m/fpv4-sp/hard/libc_nano.a(lib_a-memmove.o)
 .debug_abbrev  0x0000000000007592      0x1f9 /usr/lib/gcc/arm-none-eabi/7.3.1/../../../arm-none-eabi/lib/thumb/v7e-m/fpv4-sp/hard/libc_nano.a(lib_a-nano-reallocr.o)
 .debug_abbrev  0x000000000000778b      0x1b4 /usr/lib/gcc/arm-none-eabi/7.3.1/../../../arm-none-eabi/lib/thumb/v7e-m/fpv4-sp/hard/libc_nano.a(lib_a-nano-msizer.o)
 .debug_abbrev  0x000000000000793f       0x92 /usr/lib/gcc/arm-none-eabi/7.3.1/../../../arm-none-eabi/lib/thumb/v7e-m/fpv4-sp/hard/libnosys.a(sbrk.o)

.debug_loc      0x0000000000000000     0xfe67
 .debug_loc     0x0000000000000000     0x17cc build/stm32f7xx_hal_i2c.o
 .debug_loc     0x00000000000017cc      0x9f4 build/stm32f7xx_hal_cortex.o