Archive member included to satisfy reference by file (symbol)

/usr/lib/gcc/arm-none-eabi/6.3.1/thumb/v7e-m/fpv4-sp/hard/libgcc.a(_aeabi_uldivmod.o)
                              build/stm32f7xx_hal_rcc.o (__aeabi_uldivmod)
/usr/lib/gcc/arm-none-eabi/6.3.1/thumb/v7e-m/fpv4-sp/hard/libgcc.a(_udivmoddi4.o)
                              /usr/lib/gcc/arm-none-eabi/6.3.1/thumb/v7e-m/fpv4-sp/hard/libgcc.a(_aeabi_uldivmod.o) (__udivmoddi4)
/usr/lib/gcc/arm-none-eabi/6.3.1/thumb/v7e-m/fpv4-sp/hard/libgcc.a(_dvmd_tls.o)
                              /usr/lib/gcc/arm-none-eabi/6.3.1/thumb/v7e-m/fpv4-sp/hard/libgcc.a(_aeabi_uldivmod.o) (__aeabi_ldiv0)
/usr/lib/gcc/arm-none-eabi/6.3.1/../../../arm-none-eabi/lib/thumb/v7e-m/fpv4-sp/hard/libc_nano.a(lib_a-atexit.o)
                              /usr/lib/gcc/arm-none-eabi/6.3.1/../../../arm-none-eabi/lib/thumb/v7e-m/fpv4-sp/hard/crt0.o (atexit)
/usr/lib/gcc/arm-none-eabi/6.3.1/../../../arm-none-eabi/lib/thumb/v7e-m/fpv4-sp/hard/libc_nano.a(lib_a-exit.o)
                              /usr/lib/gcc/arm-none-eabi/6.3.1/../../../arm-none-eabi/lib/thumb/v7e-m/fpv4-sp/hard/crt0.o (exit)
/usr/lib/gcc/arm-none-eabi/6.3.1/../../../arm-none-eabi/lib/thumb/v7e-m/fpv4-sp/hard/libc_nano.a(lib_a-fini.o)
                              /usr/lib/gcc/arm-none-eabi/6.3.1/../../../arm-none-eabi/lib/thumb/v7e-m/fpv4-sp/hard/crt0.o (__libc_fini_array)
/usr/lib/gcc/arm-none-eabi/6.3.1/../../../arm-none-eabi/lib/thumb/v7e-m/fpv4-sp/hard/libc_nano.a(lib_a-impure.o)
                              /usr/lib/gcc/arm-none-eabi/6.3.1/../../../arm-none-eabi/lib/thumb/v7e-m/fpv4-sp/hard/libc_nano.a(lib_a-exit.o) (_global_impure_ptr)
/usr/lib/gcc/arm-none-eabi/6.3.1/../../../arm-none-eabi/lib/thumb/v7e-m/fpv4-sp/hard/libc_nano.a(lib_a-init.o)
                              /usr/lib/gcc/arm-none-eabi/6.3.1/../../../arm-none-eabi/lib/thumb/v7e-m/fpv4-sp/hard/crt0.o (__libc_init_array)
/usr/lib/gcc/arm-none-eabi/6.3.1/../../../arm-none-eabi/lib/thumb/v7e-m/fpv4-sp/hard/libc_nano.a(lib_a-malloc.o)
                              build/freertos.o (malloc)
/usr/lib/gcc/arm-none-eabi/6.3.1/../../../arm-none-eabi/lib/thumb/v7e-m/fpv4-sp/hard/libc_nano.a(lib_a-memcpy.o)
                              build/queue.o (memcpy)
/usr/lib/gcc/arm-none-eabi/6.3.1/../../../arm-none-eabi/lib/thumb/v7e-m/fpv4-sp/hard/libc_nano.a(lib_a-memset.o)
                              /usr/lib/gcc/arm-none-eabi/6.3.1/../../../arm-none-eabi/lib/thumb/v7e-m/fpv4-sp/hard/crt0.o (memset)
/usr/lib/gcc/arm-none-eabi/6.3.1/../../../arm-none-eabi/lib/thumb/v7e-m/fpv4-sp/hard/libc_nano.a(lib_a-nano-freer.o)
                              /usr/lib/gcc/arm-none-eabi/6.3.1/../../../arm-none-eabi/lib/thumb/v7e-m/fpv4-sp/hard/libc_nano.a(lib_a-malloc.o) (_free_r)
/usr/lib/gcc/arm-none-eabi/6.3.1/../../../arm-none-eabi/lib/thumb/v7e-m/fpv4-sp/hard/libc_nano.a(lib_a-nano-mallocr.o)
                              /usr/lib/gcc/arm-none-eabi/6.3.1/../../../arm-none-eabi/lib/thumb/v7e-m/fpv4-sp/hard/libc_nano.a(lib_a-malloc.o) (_malloc_r)
/usr/lib/gcc/arm-none-eabi/6.3.1/../../../arm-none-eabi/lib/thumb/v7e-m/fpv4-sp/hard/libc_nano.a(lib_a-sbrkr.o)
                              /usr/lib/gcc/arm-none-eabi/6.3.1/../../../arm-none-eabi/lib/thumb/v7e-m/fpv4-sp/hard/libc_nano.a(lib_a-nano-mallocr.o) (_sbrk_r)
/usr/lib/gcc/arm-none-eabi/6.3.1/../../../arm-none-eabi/lib/thumb/v7e-m/fpv4-sp/hard/libc_nano.a(lib_a-strlen.o)
                              build/freertos.o (strlen)
/usr/lib/gcc/arm-none-eabi/6.3.1/../../../arm-none-eabi/lib/thumb/v7e-m/fpv4-sp/hard/libc_nano.a(lib_a-vsprintf.o)
                              build/freertos.o (vsprintf)
/usr/lib/gcc/arm-none-eabi/6.3.1/../../../arm-none-eabi/lib/thumb/v7e-m/fpv4-sp/hard/libc_nano.a(lib_a-__atexit.o)
                              /usr/lib/gcc/arm-none-eabi/6.3.1/../../../arm-none-eabi/lib/thumb/v7e-m/fpv4-sp/hard/libc_nano.a(lib_a-atexit.o) (__register_exitproc)
/usr/lib/gcc/arm-none-eabi/6.3.1/../../../arm-none-eabi/lib/thumb/v7e-m/fpv4-sp/hard/libc_nano.a(lib_a-__call_atexit.o)
                              /usr/lib/gcc/arm-none-eabi/6.3.1/../../../arm-none-eabi/lib/thumb/v7e-m/fpv4-sp/hard/libc_nano.a(lib_a-__atexit.o) (__call_exitprocs)
/usr/lib/gcc/arm-none-eabi/6.3.1/../../../arm-none-eabi/lib/thumb/v7e-m/fpv4-sp/hard/libc_nano.a(lib_a-nano-svfprintf.o)
                              /usr/lib/gcc/arm-none-eabi/6.3.1/../../../arm-none-eabi/lib/thumb/v7e-m/fpv4-sp/hard/libc_nano.a(lib_a-vsprintf.o) (_svfprintf_r)
/usr/lib/gcc/arm-none-eabi/6.3.1/../../../arm-none-eabi/lib/thumb/v7e-m/fpv4-sp/hard/libc_nano.a(lib_a-nano-vfprintf_i.o)
                              /usr/lib/gcc/arm-none-eabi/6.3.1/../../../arm-none-eabi/lib/thumb/v7e-m/fpv4-sp/hard/libc_nano.a(lib_a-nano-svfprintf.o) (_printf_i)
/usr/lib/gcc/arm-none-eabi/6.3.1/../../../arm-none-eabi/lib/thumb/v7e-m/fpv4-sp/hard/libc_nano.a(lib_a-reent.o)
[...]
Memory Configuration

Name             Origin             Length             Attributes
RAM              0x00000000200000c0 0x000000000004ff40 xrw
BOOTLOADER       0x0000000008000000 0x0000000000010000 xr
FIRMWARE         0x0000000008010000 0x0000000000030000 xr
*default*        0x0000000000000000 0xffffffffffffffff

Linker script and memory map

LOAD /usr/lib/gcc/arm-none-eabi/6.3.1/thumb/v7e-m/fpv4-sp/hard/crti.o
LOAD /usr/lib/gcc/arm-none-eabi/6.3.1/thumb/v7e-m/fpv4-sp/hard/crtbegin.o
LOAD /usr/lib/gcc/arm-none-eabi/6.3.1/../../../arm-none-eabi/lib/thumb/v7e-m/fpv4-sp/hard/crt0.o
LOAD build/stm32f7xx_hal_i2c.o
LOAD build/stm32f7xx_hal_flash.o
LOAD build/stm32f7xx_hal_eth.o
LOAD build/stm32f7xx_hal_rtc_ex.o
LOAD build/stm32f7xx_hal_cortex.o
LOAD build/stm32f7xx_hal_uart.o
LOAD build/stm32f7xx_hal.o
LOAD build/stm32f7xx_hal_tim_ex.o
LOAD build/stm32f7xx_hal_dma_ex.o
LOAD build/stm32f7xx_hal_rtc.o
LOAD build/stm32f7xx_hal_rcc.o
LOAD build/stm32f7xx_hal_spi.o
LOAD build/stm32f7xx_hal_tim.o
LOAD build/stm32f7xx_hal_pwr.o
LOAD build/stm32f7xx_hal_pwr_ex.o
LOAD build/stm32f7xx_hal_gpio.o
LOAD build/stm32f7xx_hal_dma.o
LOAD build/stm32f7xx_hal_flash_ex.o
LOAD build/stm32f7xx_hal_i2c_ex.o
LOAD build/stm32f7xx_hal_rcc_ex.o
LOAD build/list.o
LOAD build/croutine.o
LOAD build/event_groups.o
LOAD build/queue.o
LOAD build/timers.o
LOAD build/tasks.o
LOAD build/heap_4.o
LOAD build/port.o
LOAD build/cmsis_os.o
LOAD build/main.o
LOAD build/tim.o
LOAD build/usart.o
LOAD build/gpio.o
LOAD build/rtc.o
LOAD build/i2c.o
LOAD build/stm32f7xx_it.o
LOAD build/gps.o
LOAD build/motor.o
LOAD build/sensor.o
LOAD build/eth.o
LOAD build/system_stm32f7xx.o
LOAD build/spi.o
LOAD build/stm32f7xx_hal_msp.o
LOAD build/stm32f7xx_hal_timebase_TIM.o
LOAD build/sfp.o
LOAD build/freertos.o
LOAD build/startup_stm32f746xx.o
START GROUP
LOAD /usr/lib/gcc/arm-none-eabi/6.3.1/thumb/v7e-m/fpv4-sp/hard/libgcc.a
LOAD /usr/lib/gcc/arm-none-eabi/6.3.1/../../../arm-none-eabi/lib/thumb/v7e-m/fpv4-sp/hard/libc_nano.a
END GROUP
START GROUP
LOAD /usr/lib/gcc/arm-none-eabi/6.3.1/thumb/v7e-m/fpv4-sp/hard/libgcc.a
LOAD /usr/lib/gcc/arm-none-eabi/6.3.1/../../../arm-none-eabi/lib/thumb/v7e-m/fpv4-sp/hard/libc_nano.a
LOAD /usr/lib/gcc/arm-none-eabi/6.3.1/../../../arm-none-eabi/lib/thumb/v7e-m/fpv4-sp/hard/libnosys.a
END GROUP
START GROUP
LOAD /usr/lib/gcc/arm-none-eabi/6.3.1/thumb/v7e-m/fpv4-sp/hard/libgcc.a
LOAD /usr/lib/gcc/arm-none-eabi/6.3.1/../../../arm-none-eabi/lib/thumb/v7e-m/fpv4-sp/hard/libc_nano.a
LOAD /usr/lib/gcc/arm-none-eabi/6.3.1/../../../arm-none-eabi/lib/thumb/v7e-m/fpv4-sp/hard/libnosys.a
END GROUP
LOAD /usr/lib/gcc/arm-none-eabi/6.3.1/thumb/v7e-m/fpv4-sp/hard/crtend.o
LOAD /usr/lib/gcc/arm-none-eabi/6.3.1/thumb/v7e-m/fpv4-sp/hard/crtn.o
                0x0000000020050000                _estack = 0x20050000
                0x0000000000000200                _Min_Heap_Size = 0x200
                0x0000000000000400                _Min_Stack_Size = 0x400
                0x0000000008010000                _main_app_start_address = 0x8010000

.isr_vector     0x0000000008010000      0x1c8
                0x0000000008010000                . = ALIGN (0x4)
 *(.isr_vector)
 .isr_vector    0x0000000008010000      0x1c8 build/startup_stm32f746xx.o
                0x0000000008010000                g_pfnVectors
                0x00000000080101c8                . = ALIGN (0x4)

.text           0x0000000008010200     0xa558
                0x0000000008010200                . = ALIGN (0x4)
 *(.text)
 .text          0x0000000008010200       0xa4 /usr/lib/gcc/arm-none-eabi/6.3.1/thumb/v7e-m/fpv4-sp/hard/crtbegin.o
 .text          0x00000000080102a4       0x30 /usr/lib/gcc/arm-none-eabi/6.3.1/thumb/v7e-m/fpv4-sp/hard/libgcc.a(_aeabi_uldivmod.o)
                0x00000000080102a4                __aeabi_uldivmod
 .text          0x00000000080102d4      0x2dc /usr/lib/gcc/arm-none-eabi/6.3.1/thumb/v7e-m/fpv4-sp/hard/libgcc.a(_udivmoddi4.o)
                0x00000000080102d4                __udivmoddi4
 .text          0x00000000080105b0        0x4 /usr/lib/gcc/arm-none-eabi/6.3.1/thumb/v7e-m/fpv4-sp/hard/libgcc.a(_dvmd_tls.o)
                0x00000000080105b0                __aeabi_ldiv0
                0x00000000080105b0                __aeabi_idiv0
 .text          0x00000000080105b4       0x50 /usr/lib/gcc/arm-none-eabi/6.3.1/../../../arm-none-eabi/lib/thumb/v7e-m/fpv4-sp/hard/libc_nano.a(lib_a-init.o)
                0x00000000080105b4                __libc_init_array
 .text          0x0000000008010604       0x20 /usr/lib/gcc/arm-none-eabi/6.3.1/../../../arm-none-eabi/lib/thumb/v7e-m/fpv4-sp/hard/libc_nano.a(lib_a-malloc.o)
                0x0000000008010604                malloc
                0x0000000008010614                free
 .text          0x0000000008010624      0x134 /usr/lib/gcc/arm-none-eabi/6.3.1/../../../arm-none-eabi/lib/thumb/v7e-m/fpv4-sp/hard/libc_nano.a(lib_a-memcpy.o)
                0x0000000008010624                memcpy
 .text          0x0000000008010758       0x90 /usr/lib/gcc/arm-none-eabi/6.3.1/../../../arm-none-eabi/lib/thumb/v7e-m/fpv4-sp/hard/libc_nano.a(lib_a-nano-freer.o)
                0x0000000008010758                _free_r
 .text          0x00000000080107e8       0xbc /usr/lib/gcc/arm-none-eabi/6.3.1/../../../arm-none-eabi/lib/thumb/v7e-m/fpv4-sp/hard/libc_nano.a(lib_a-nano-mallocr.o)
                0x00000000080107e8                _malloc_r
 .text          0x00000000080108a4       0x24 /usr/lib/gcc/arm-none-eabi/6.3.1/../../../arm-none-eabi/lib/thumb/v7e-m/fpv4-sp/hard/libc_nano.a(lib_a-sbrkr.o)
                0x00000000080108a4                _sbrk_r
 *fill*         0x00000000080108c8       0x38 
 .text          0x0000000008010900       0xdc /usr/lib/gcc/arm-none-eabi/6.3.1/../../../arm-none-eabi/lib/thumb/v7e-m/fpv4-sp/hard/libc_nano.a(lib_a-strlen.o)
                0x0000000008010900                strlen
 .text          0x00000000080109dc       0x4c /usr/lib/gcc/arm-none-eabi/6.3.1/../../../arm-none-eabi/lib/thumb/v7e-m/fpv4-sp/hard/libc_nano.a(lib_a-vsprintf.o)
                0x00000000080109dc                _vsiprintf_r
                0x00000000080109dc                _vsprintf_r
                0x0000000008010a10                vsprintf
                0x0000000008010a10                vsiprintf
 .text          0x0000000008010a28      0x3ec /usr/lib/gcc/arm-none-eabi/6.3.1/../../../arm-none-eabi/lib/thumb/v7e-m/fpv4-sp/hard/libc_nano.a(lib_a-nano-svfprintf.o)
                0x0000000008010a28                __ssputs_r
                0x0000000008010aec                __ssprint_r
                0x0000000008010be8                _svfprintf_r
                0x0000000008010be8                _svfiprintf_r
 .text          0x0000000008010e14      0x3d4 /usr/lib/gcc/arm-none-eabi/6.3.1/../../../arm-none-eabi/lib/thumb/v7e-m/fpv4-sp/hard/libc_nano.a(lib_a-nano-vfprintf_i.o)
                0x0000000008010e14                _printf_common
                0x0000000008010f48                _printf_i
 *fill*         0x00000000080111e8        0x8 
 .text          0x00000000080111f0       0xa0 /usr/lib/gcc/arm-none-eabi/6.3.1/../../../arm-none-eabi/lib/thumb/v7e-m/fpv4-sp/hard/libc_nano.a(lib_a-memchr.o)
                0x00000000080111f0                memchr
 .text          0x0000000008011290       0xc8 /usr/lib/gcc/arm-none-eabi/6.3.1/../../../arm-none-eabi/lib/thumb/v7e-m/fpv4-sp/hard/libc_nano.a(lib_a-memmove.o)
                0x0000000008011290                memmove
 .text          0x0000000008011358       0x50 /usr/lib/gcc/arm-none-eabi/6.3.1/../../../arm-none-eabi/lib/thumb/v7e-m/fpv4-sp/hard/libc_nano.a(lib_a-nano-reallocr.o)
                0x0000000008011358                _realloc_r
 .text          0x00000000080113a8       0x14 /usr/lib/gcc/arm-none-eabi/6.3.1/../../../arm-none-eabi/lib/thumb/v7e-m/fpv4-sp/hard/libc_nano.a(lib_a-nano-msizer.o)
                0x00000000080113a8                _malloc_usable_size_r
 .text          0x00000000080113bc       0x1c /usr/lib/gcc/arm-none-eabi/6.3.1/../../../arm-none-eabi/lib/thumb/v7e-m/fpv4-sp/hard/libnosys.a(sbrk.o)
                0x00000000080113bc                _sbrk
 *(.text*)
 .text.HAL_I2C_Init
                0x00000000080113d8      0x11c build/stm32f7xx_hal_i2c.o
                0x00000000080113d8                HAL_I2C_Init
 .text.HAL_I2C_Master_Transmit
                0x00000000080114f4      0x200 build/stm32f7xx_hal_i2c.o
                0x00000000080114f4                HAL_I2C_Master_Transmit
 .text.HAL_I2C_Master_Receive
                0x00000000080116f4      0x204 build/stm32f7xx_hal_i2c.o
                0x00000000080116f4                HAL_I2C_Master_Receive
 .text.I2C_Flush_TXDR
                0x00000000080118f8       0x48 build/stm32f7xx_hal_i2c.o
 .text.I2C_WaitOnFlagUntilTimeout
                0x0000000008011940       0x74 build/stm32f7xx_hal_i2c.o
 .text.I2C_WaitOnTXISFlagUntilTimeout
                0x00000000080119b4       0x80 build/stm32f7xx_hal_i2c.o
 .text.I2C_WaitOnSTOPFlagUntilTimeout
                0x0000000008011a34       0x78 build/stm32f7xx_hal_i2c.o
 .text.I2C_WaitOnRXNEFlagUntilTimeout
                0x0000000008011aac       0xd8 build/stm32f7xx_hal_i2c.o
 .text.I2C_IsAcknowledgeFailed
                0x0000000008011b84       0xbc build/stm32f7xx_hal_i2c.o
 .text.I2C_TransferConfig
                0x0000000008011c40       0x58 build/stm32f7xx_hal_i2c.o
 .text.HAL_FLASH_Program
                0x0000000008011c98       0xb8 build/stm32f7xx_hal_flash.o
                0x0000000008011c98                HAL_FLASH_Program
 .text.HAL_FLASH_Unlock
                0x0000000008011d50       0x44 build/stm32f7xx_hal_flash.o
                0x0000000008011d50                HAL_FLASH_Unlock
 .text.HAL_FLASH_Lock
                0x0000000008011d94       0x20 build/stm32f7xx_hal_flash.o
                0x0000000008011d94                HAL_FLASH_Lock
 .text.FLASH_WaitForLastOperation
                0x0000000008011db4       0x80 build/stm32f7xx_hal_flash.o
                0x0000000008011db4                FLASH_WaitForLastOperation
 .text.FLASH_Program_DoubleWord
                0x0000000008011e34       0x5c build/stm32f7xx_hal_flash.o
 .text.FLASH_Program_Word
                0x0000000008011e90       0x48 build/stm32f7xx_hal_flash.o
 .text.FLASH_Program_HalfWord
                0x0000000008011ed8       0x4c build/stm32f7xx_hal_flash.o
 .text.FLASH_Program_Byte
                0x0000000008011f24       0x48 build/stm32f7xx_hal_flash.o
 .text.FLASH_SetErrorCode
                0x0000000008011f6c       0x94 build/stm32f7xx_hal_flash.o
 .text.NVIC_SetPriorityGrouping
                0x0000000008012000       0x48 build/stm32f7xx_hal_cortex.o
 .text.NVIC_GetPriorityGrouping
                0x0000000008012048       0x1c build/stm32f7xx_hal_cortex.o
 .text.NVIC_EnableIRQ
                0x0000000008012064       0x34 build/stm32f7xx_hal_cortex.o
 .text.NVIC_SetPriority
                0x0000000008012098       0x54 build/stm32f7xx_hal_cortex.o
 .text.NVIC_EncodePriority
                0x00000000080120ec       0x62 build/stm32f7xx_hal_cortex.o
 *fill*         0x000000000801214e        0x2 
 .text.SysTick_Config
                0x0000000008012150       0x44 build/stm32f7xx_hal_cortex.o
 .text.HAL_NVIC_SetPriorityGrouping
                0x0000000008012194       0x16 build/stm32f7xx_hal_cortex.o
                0x0000000008012194                HAL_NVIC_SetPriorityGrouping
 .text.HAL_NVIC_SetPriority
                0x00000000080121aa       0x38 build/stm32f7xx_hal_cortex.o
                0x00000000080121aa                HAL_NVIC_SetPriority
 .text.HAL_NVIC_EnableIRQ
                0x00000000080121e2       0x1c build/stm32f7xx_hal_cortex.o
                0x00000000080121e2                HAL_NVIC_EnableIRQ
 .text.HAL_SYSTICK_Config
                0x00000000080121fe       0x18 build/stm32f7xx_hal_cortex.o
                0x00000000080121fe                HAL_SYSTICK_Config
 *fill*         0x0000000008012216        0x2 
 .text.HAL_SYSTICK_CLKSourceConfig
                0x0000000008012218       0x38 build/stm32f7xx_hal_cortex.o
                0x0000000008012218                HAL_SYSTICK_CLKSourceConfig
 .text.HAL_UART_Init
                0x0000000008012250       0xa2 build/stm32f7xx_hal_uart.o
                0x0000000008012250                HAL_UART_Init
 .text.HAL_UART_Transmit
                0x00000000080122f2      0x116 build/stm32f7xx_hal_uart.o
                0x00000000080122f2                HAL_UART_Transmit
 .text.HAL_UART_Receive_IT
                0x0000000008012408      0x10e build/stm32f7xx_hal_uart.o
                0x0000000008012408                HAL_UART_Receive_IT
 *fill*         0x0000000008012516        0x2 
 .text.HAL_UART_IRQHandler
                0x0000000008012518      0x20c build/stm32f7xx_hal_uart.o
                0x0000000008012518                HAL_UART_IRQHandler
 .text.UART_WaitOnFlagUntilTimeout
                0x0000000008012724       0x94 build/stm32f7xx_hal_uart.o
                0x0000000008012724                UART_WaitOnFlagUntilTimeout
 .text.UART_DMAAbortOnError
                0x00000000080127b8       0x2c build/stm32f7xx_hal_uart.o
 .text.HAL_UART_TxCpltCallback
                0x00000000080127e4       0x14 build/stm32f7xx_hal_uart.o
                0x00000000080127e4                HAL_UART_TxCpltCallback
 .text.HAL_UART_RxCpltCallback
                0x00000000080127f8       0x14 build/stm32f7xx_hal_uart.o
                0x00000000080127f8                HAL_UART_RxCpltCallback
 .text.HAL_UART_ErrorCallback
                0x000000000801280c       0x14 build/stm32f7xx_hal_uart.o
                0x000000000801280c                HAL_UART_ErrorCallback
 .text.UART_Transmit_IT
                0x0000000008012820       0xac build/stm32f7xx_hal_uart.o
 .text.UART_EndTransmit_IT
                0x00000000080128cc       0x30 build/stm32f7xx_hal_uart.o
 .text.UART_Receive_IT
                0x00000000080128fc       0xd6 build/stm32f7xx_hal_uart.o
 .text.UART_EndRxTransfer
                0x00000000080129d2       0x3c build/stm32f7xx_hal_uart.o
 *fill*         0x0000000008012a0e        0x2 
 .text.UART_SetConfig
                0x0000000008012a10      0x4dc build/stm32f7xx_hal_uart.o
                0x0000000008012a10                UART_SetConfig
 .text.UART_AdvFeatureConfig
                0x0000000008012eec      0x144 build/stm32f7xx_hal_uart.o
                0x0000000008012eec                UART_AdvFeatureConfig
 .text.UART_CheckIdleState
                0x0000000008013030       0x66 build/stm32f7xx_hal_uart.o
                0x0000000008013030                UART_CheckIdleState
 .text.HAL_Init
                0x0000000008013096       0x1a build/stm32f7xx_hal.o
                0x0000000008013096                HAL_Init
 .text.HAL_IncTick
                0x00000000080130b0       0x28 build/stm32f7xx_hal.o
                0x00000000080130b0                HAL_IncTick
 .text.HAL_GetTick
                0x00000000080130d8       0x18 build/stm32f7xx_hal.o
                0x00000000080130d8                HAL_GetTick
 .text.HAL_Delay
                0x00000000080130f0       0x44 build/stm32f7xx_hal.o
                0x00000000080130f0                HAL_Delay
 .text.HAL_TIMEx_MasterConfigSynchronization
                0x0000000008013134       0xa8 build/stm32f7xx_hal_tim_ex.o
                0x0000000008013134                HAL_TIMEx_MasterConfigSynchronization
 .text.HAL_TIMEx_CommutationCallback
                0x00000000080131dc       0x14 build/stm32f7xx_hal_tim_ex.o
                0x00000000080131dc                HAL_TIMEx_CommutationCallback
 .text.HAL_TIMEx_BreakCallback
                0x00000000080131f0       0x14 build/stm32f7xx_hal_tim_ex.o
                0x00000000080131f0                HAL_TIMEx_BreakCallback
 .text.HAL_TIM_PWM_ConfigChannel
                0x0000000008013204      0x230 build/stm32f7xx_hal_tim_ex.o
                0x0000000008013204                HAL_TIM_PWM_ConfigChannel
 .text.TIM_OC5_SetConfig
                0x0000000008013434       0xb0 build/stm32f7xx_hal_tim_ex.o
 .text.TIM_OC6_SetConfig
                0x00000000080134e4       0xb4 build/stm32f7xx_hal_tim_ex.o
 .text.HAL_RCC_OscConfig
                0x0000000008013598      0x4e0 build/stm32f7xx_hal_rcc.o
                0x0000000008013598                HAL_RCC_OscConfig
 .text.HAL_RCC_ClockConfig
                0x0000000008013a78      0x1d0 build/stm32f7xx_hal_rcc.o
                0x0000000008013a78                HAL_RCC_ClockConfig
 .text.HAL_RCC_GetSysClockFreq
                0x0000000008013c48      0x1b0 build/stm32f7xx_hal_rcc.o
                0x0000000008013c48                HAL_RCC_GetSysClockFreq
 .text.HAL_RCC_GetHCLKFreq
                0x0000000008013df8       0x18 build/stm32f7xx_hal_rcc.o
                0x0000000008013df8                HAL_RCC_GetHCLKFreq
 .text.HAL_RCC_GetPCLK1Freq
                0x0000000008013e10       0x28 build/stm32f7xx_hal_rcc.o
                0x0000000008013e10                HAL_RCC_GetPCLK1Freq
 .text.HAL_RCC_GetPCLK2Freq
                0x0000000008013e38       0x28 build/stm32f7xx_hal_rcc.o
                0x0000000008013e38                HAL_RCC_GetPCLK2Freq
 .text.HAL_RCC_GetClockConfig
                0x0000000008013e60       0x64 build/stm32f7xx_hal_rcc.o
                0x0000000008013e60                HAL_RCC_GetClockConfig
 .text.HAL_SPI_Init
                0x0000000008013ec4      0x120 build/stm32f7xx_hal_spi.o
                0x0000000008013ec4                HAL_SPI_Init
 .text.HAL_SPI_TransmitReceive_IT
                0x0000000008013fe4      0x16c build/stm32f7xx_hal_spi.o
                0x0000000008013fe4                HAL_SPI_TransmitReceive_IT
 .text.HAL_SPI_IRQHandler
                0x0000000008014150      0x1b0 build/stm32f7xx_hal_spi.o
                0x0000000008014150                HAL_SPI_IRQHandler
 .text.HAL_SPI_RxCpltCallback
                0x0000000008014300       0x14 build/stm32f7xx_hal_spi.o
                0x0000000008014300                HAL_SPI_RxCpltCallback
 .text.HAL_SPI_TxRxCpltCallback
                0x0000000008014314       0x14 build/stm32f7xx_hal_spi.o
                0x0000000008014314                HAL_SPI_TxRxCpltCallback
 .text.HAL_SPI_ErrorCallback
                0x0000000008014328       0x14 build/stm32f7xx_hal_spi.o
                0x0000000008014328                HAL_SPI_ErrorCallback
 .text.HAL_SPI_GetState
                0x000000000801433c       0x1c build/stm32f7xx_hal_spi.o
                0x000000000801433c                HAL_SPI_GetState
 .text.SPI_DMAAbortOnError
                0x0000000008014358       0x2a build/stm32f7xx_hal_spi.o
 .text.SPI_2linesRxISR_8BIT
                0x0000000008014382       0xb8 build/stm32f7xx_hal_spi.o
 .text.SPI_2linesTxISR_8BIT
                0x000000000801443a       0x90 build/stm32f7xx_hal_spi.o
 .text.SPI_2linesRxISR_16BIT
                0x00000000080144ca       0x66 build/stm32f7xx_hal_spi.o
 .text.SPI_2linesTxISR_16BIT
                0x0000000008014530       0x60 build/stm32f7xx_hal_spi.o
 .text.SPI_WaitFlagStateUntilTimeout
                0x0000000008014590       0xc6 build/stm32f7xx_hal_spi.o
 .text.SPI_WaitFifoStateUntilTimeout
                0x0000000008014656       0xe2 build/stm32f7xx_hal_spi.o
 .text.SPI_EndRxTxTransaction
                0x0000000008014738       0x8c build/stm32f7xx_hal_spi.o
 .text.SPI_CloseRxTx_ISR
                0x00000000080147c4       0x88 build/stm32f7xx_hal_spi.o
 .text.HAL_TIM_Base_Init
                0x000000000801484c       0x56 build/stm32f7xx_hal_tim.o
                0x000000000801484c                HAL_TIM_Base_Init
 .text.HAL_TIM_Base_Start_IT
                0x00000000080148a2       0x36 build/stm32f7xx_hal_tim.o
                0x00000000080148a2                HAL_TIM_Base_Start_IT
 .text.HAL_TIM_PWM_Init
                0x00000000080148d8       0x56 build/stm32f7xx_hal_tim.o
                0x00000000080148d8                HAL_TIM_PWM_Init
 *fill*         0x000000000801492e        0x2 
 .text.HAL_TIM_PWM_Start
                0x0000000008014930       0x68 build/stm32f7xx_hal_tim.o
                0x0000000008014930                HAL_TIM_PWM_Start
 .text.HAL_TIM_IRQHandler
                0x0000000008014998      0x23e build/stm32f7xx_hal_tim.o
                0x0000000008014998                HAL_TIM_IRQHandler
 *fill*         0x0000000008014bd6        0x2 
 .text.HAL_TIM_ConfigClockSource
                0x0000000008014bd8      0x1c0 build/stm32f7xx_hal_tim.o
                0x0000000008014bd8                HAL_TIM_ConfigClockSource
 .text.HAL_TIM_OC_DelayElapsedCallback
                0x0000000008014d98       0x14 build/stm32f7xx_hal_tim.o
                0x0000000008014d98                HAL_TIM_OC_DelayElapsedCallback
 .text.HAL_TIM_IC_CaptureCallback
                0x0000000008014dac       0x14 build/stm32f7xx_hal_tim.o
                0x0000000008014dac                HAL_TIM_IC_CaptureCallback
 .text.HAL_TIM_PWM_PulseFinishedCallback
                0x0000000008014dc0       0x14 build/stm32f7xx_hal_tim.o
                0x0000000008014dc0                HAL_TIM_PWM_PulseFinishedCallback
 .text.HAL_TIM_TriggerCallback
                0x0000000008014dd4       0x14 build/stm32f7xx_hal_tim.o
                0x0000000008014dd4                HAL_TIM_TriggerCallback
 .text.TIM_Base_SetConfig
                0x0000000008014de8      0x160 build/stm32f7xx_hal_tim.o
                0x0000000008014de8                TIM_Base_SetConfig
 .text.TIM_OC1_SetConfig
                0x0000000008014f48       0xec build/stm32f7xx_hal_tim.o
                0x0000000008014f48                TIM_OC1_SetConfig
 .text.TIM_OC2_SetConfig
                0x0000000008015034       0xf4 build/stm32f7xx_hal_tim.o
                0x0000000008015034                TIM_OC2_SetConfig
 .text.TIM_OC3_SetConfig
                0x0000000008015128       0xf4 build/stm32f7xx_hal_tim.o
                0x0000000008015128                TIM_OC3_SetConfig
 .text.TIM_OC4_SetConfig
                0x000000000801521c       0xc4 build/stm32f7xx_hal_tim.o
                0x000000000801521c                TIM_OC4_SetConfig
 .text.TIM_TI1_ConfigInputStage
                0x00000000080152e0       0x66 build/stm32f7xx_hal_tim.o
 .text.TIM_TI2_ConfigInputStage
                0x0000000008015346       0x68 build/stm32f7xx_hal_tim.o
 .text.TIM_ITRx_SetConfig
                0x00000000080153ae       0x40 build/stm32f7xx_hal_tim.o
 .text.TIM_ETR_SetConfig
                0x00000000080153ee       0x44 build/stm32f7xx_hal_tim.o
                0x00000000080153ee                TIM_ETR_SetConfig
 .text.TIM_CCxChannelCmd
                0x0000000008015432       0x46 build/stm32f7xx_hal_tim.o
                0x0000000008015432                TIM_CCxChannelCmd
 .text.HAL_PWREx_EnableOverDrive
                0x0000000008015478       0xa0 build/stm32f7xx_hal_pwr_ex.o
                0x0000000008015478                HAL_PWREx_EnableOverDrive
 .text.HAL_GPIO_Init
                0x0000000008015518      0x354 build/stm32f7xx_hal_gpio.o
                0x0000000008015518                HAL_GPIO_Init
 .text.HAL_GPIO_ReadPin
                0x000000000801586c       0x30 build/stm32f7xx_hal_gpio.o
                0x000000000801586c                HAL_GPIO_ReadPin
 .text.HAL_GPIO_WritePin
                0x000000000801589c       0x32 build/stm32f7xx_hal_gpio.o
                0x000000000801589c                HAL_GPIO_WritePin
 .text.HAL_GPIO_TogglePin
                0x00000000080158ce       0x24 build/stm32f7xx_hal_gpio.o
                0x00000000080158ce                HAL_GPIO_TogglePin
 .text.HAL_DMA_Abort_IT
                0x00000000080158f2       0x44 build/stm32f7xx_hal_dma.o
                0x00000000080158f2                HAL_DMA_Abort_IT
 *fill*         0x0000000008015936        0x2 
 .text.FLASH_Erase_Sector
                0x0000000008015938       0x94 build/stm32f7xx_hal_flash_ex.o
                0x0000000008015938                FLASH_Erase_Sector
 .text.HAL_I2CEx_ConfigAnalogFilter
                0x00000000080159cc       0x96 build/stm32f7xx_hal_i2c_ex.o
                0x00000000080159cc                HAL_I2CEx_ConfigAnalogFilter
 .text.HAL_I2CEx_ConfigDigitalFilter
                0x0000000008015a62       0x9c build/stm32f7xx_hal_i2c_ex.o
                0x0000000008015a62                HAL_I2CEx_ConfigDigitalFilter
 *fill*         0x0000000008015afe        0x2 
 .text.HAL_RCCEx_PeriphCLKConfig
                0x0000000008015b00      0x7dc build/stm32f7xx_hal_rcc_ex.o
                0x0000000008015b00                HAL_RCCEx_PeriphCLKConfig
 .text.vListInitialise
                0x00000000080162dc       0x40 build/list.o
                0x00000000080162dc                vListInitialise
 .text.vListInitialiseItem
                0x000000000801631c       0x1a build/list.o
                0x000000000801631c                vListInitialiseItem
 .text.vListInsertEnd
                0x0000000008016336       0x48 build/list.o
                0x0000000008016336                vListInsertEnd
 .text.vListInsert
                0x000000000801637e       0x72 build/list.o
                0x000000000801637e                vListInsert
 .text.uxListRemove
                0x00000000080163f0       0x54 build/list.o
                0x00000000080163f0                uxListRemove
 .text.xQueueGenericReset
                0x0000000008016444       0xd4 build/queue.o
                0x0000000008016444                xQueueGenericReset
 .text.xQueueGenericCreate
                0x0000000008016518       0x76 build/queue.o
                0x0000000008016518                xQueueGenericCreate
 .text.prvInitialiseNewQueue
                0x000000000801658e       0x3e build/queue.o
 .text.prvInitialiseMutex
                0x00000000080165cc       0x34 build/queue.o
 .text.xQueueCreateMutex
                0x0000000008016600       0x30 build/queue.o
                0x0000000008016600                xQueueCreateMutex
 .text.xQueueGenericSend
                0x0000000008016630      0x204 build/queue.o
                0x0000000008016630                xQueueGenericSend
 .text.xQueueGiveFromISR
                0x0000000008016834      0x122 build/queue.o
                0x0000000008016834                xQueueGiveFromISR
 *fill*         0x0000000008016956        0x2 
 .text.xQueueGenericReceive
                0x0000000008016958      0x230 build/queue.o
                0x0000000008016958                xQueueGenericReceive
 .text.prvCopyDataToQueue
                0x0000000008016b88       0xd4 build/queue.o
 .text.prvCopyDataFromQueue
                0x0000000008016c5c       0x4c build/queue.o
 .text.prvUnlockQueue
                0x0000000008016ca8       0xa4 build/queue.o
 .text.prvIsQueueEmpty
                0x0000000008016d4c       0x2c build/queue.o
 .text.prvIsQueueFull
                0x0000000008016d78       0x30 build/queue.o
 .text.xTaskCreate
                0x0000000008016da8       0x82 build/tasks.o
                0x0000000008016da8                xTaskCreate
 .text.prvInitialiseNewTask
                0x0000000008016e2a      0x100 build/tasks.o
 *fill*         0x0000000008016f2a        0x2 
 .text.prvAddNewTaskToReadyList
                0x0000000008016f2c       0xd4 build/tasks.o
 .text.vTaskDelay
                0x0000000008017000       0x6c build/tasks.o
                0x0000000008017000                vTaskDelay
 .text.vTaskStartScheduler
                0x000000000801706c       0x94 build/tasks.o
                0x000000000801706c                vTaskStartScheduler
 .text.vTaskSuspendAll
                0x0000000008017100       0x1c build/tasks.o
                0x0000000008017100                vTaskSuspendAll
 .text.xTaskResumeAll
                0x000000000801711c      0x13c build/tasks.o
                0x000000000801711c                xTaskResumeAll
 .text.xTaskIncrementTick
                0x0000000008017258      0x17c build/tasks.o
                0x0000000008017258                xTaskIncrementTick
 .text.vTaskSwitchContext
                0x00000000080173d4       0xb8 build/tasks.o
                0x00000000080173d4                vTaskSwitchContext
 .text.vTaskPlaceOnEventList
                0x000000000801748c       0x4c build/tasks.o
                0x000000000801748c                vTaskPlaceOnEventList
 .text.xTaskRemoveFromEventList
                0x00000000080174d8       0xc8 build/tasks.o
                0x00000000080174d8                xTaskRemoveFromEventList
 .text.vTaskSetTimeOutState
                0x00000000080175a0       0x4c build/tasks.o
                0x00000000080175a0                vTaskSetTimeOutState
 .text.xTaskCheckForTimeOut
                0x00000000080175ec       0xc4 build/tasks.o
                0x00000000080175ec                xTaskCheckForTimeOut
 .text.vTaskMissedYield
                0x00000000080176b0       0x18 build/tasks.o
                0x00000000080176b0                vTaskMissedYield
 .text.prvIdleTask
                0x00000000080176c8       0x30 build/tasks.o
 .text.prvInitialiseTaskLists
                0x00000000080176f8       0x80 build/tasks.o
 .text.prvCheckTasksWaitingTermination
                0x0000000008017778       0x78 build/tasks.o
 .text.prvDeleteTCB
                0x00000000080177f0       0x20 build/tasks.o
 .text.prvResetNextTaskUnblockTime
                0x0000000008017810       0x4c build/tasks.o
 .text.xTaskGetSchedulerState
                0x000000000801785c       0x3c build/tasks.o
                0x000000000801785c                xTaskGetSchedulerState
 .text.vTaskPriorityInherit
                0x0000000008017898       0xec build/tasks.o
                0x0000000008017898                vTaskPriorityInherit
 .text.xTaskPriorityDisinherit
                0x0000000008017984      0x110 build/tasks.o
                0x0000000008017984                xTaskPriorityDisinherit
 .text.pvTaskIncrementMutexHeldCount
                0x0000000008017a94       0x28 build/tasks.o
                0x0000000008017a94                pvTaskIncrementMutexHeldCount
 .text.prvAddCurrentTaskToDelayedList
                0x0000000008017abc       0xcc build/tasks.o
 .text.pvPortMalloc
                0x0000000008017b88      0x190 build/heap_4.o
                0x0000000008017b88                pvPortMalloc
 .text.vPortFree
                0x0000000008017d18       0xb8 build/heap_4.o
                0x0000000008017d18                vPortFree
 .text.prvHeapInit
                0x0000000008017dd0       0xc4 build/heap_4.o
 .text.prvInsertBlockIntoFreeList
                0x0000000008017e94       0xb4 build/heap_4.o
 .text.pxPortInitialiseStack
                0x0000000008017f48       0x68 build/port.o
                0x0000000008017f48                pxPortInitialiseStack
 .text.prvTaskExitError
                0x0000000008017fb0       0x44 build/port.o
 *fill*         0x0000000008017ff4        0xc 
 .text.SVC_Handler
                0x0000000008018000       0x28 build/port.o
                0x0000000008018000                SVC_Handler
 .text.prvPortStartFirstTask
                0x0000000008018028       0x20 build/port.o
 .text.xPortStartScheduler
                0x0000000008018048       0xd0 build/port.o
                0x0000000008018048                xPortStartScheduler
 .text.vPortEnterCritical
                0x0000000008018118       0x64 build/port.o
                0x0000000008018118                vPortEnterCritical
 .text.vPortExitCritical
                0x000000000801817c       0x54 build/port.o
                0x000000000801817c                vPortExitCritical
 .text.PendSV_Handler
                0x00000000080181d0       0x68 build/port.o
                0x00000000080181d0                PendSV_Handler
 .text.xPortSysTickHandler
                0x0000000008018238       0x44 build/port.o
                0x0000000008018238                xPortSysTickHandler
 .text.vPortSetupTimerInterrupt
                0x000000000801827c       0x38 build/port.o
                0x000000000801827c                vPortSetupTimerInterrupt
 .text.vPortEnableVFP
                0x00000000080182b4       0x14 build/port.o
 .text.vPortValidateInterruptPriority
                0x00000000080182c8       0x84 build/port.o
                0x00000000080182c8                vPortValidateInterruptPriority
 .text.makeFreeRtosPriority
                0x000000000801834c       0x30 build/cmsis_os.o
 .text.osKernelStart
                0x000000000801837c        0xe build/cmsis_os.o
                0x000000000801837c                osKernelStart
 .text.osThreadCreate
                0x000000000801838a       0x4e build/cmsis_os.o
                0x000000000801838a                osThreadCreate
 .text.osDelay  0x00000000080183d8       0x28 build/cmsis_os.o
                0x00000000080183d8                osDelay
 .text.osMutexCreate
                0x0000000008018400       0x18 build/cmsis_os.o
                0x0000000008018400                osMutexCreate
 .text.osSemaphoreCreate
                0x0000000008018418       0x3c build/cmsis_os.o
                0x0000000008018418                osSemaphoreCreate
 .text.osSystickHandler
                0x0000000008018454       0x16 build/cmsis_os.o
                0x0000000008018454                osSystickHandler
 *fill*         0x000000000801846a        0x2 
 .text.main     0x000000000801846c       0x44 build/main.o
                0x000000000801846c                main
 .text.SystemClock_Config
                0x00000000080184b0      0x15c build/main.o
                0x00000000080184b0                SystemClock_Config
 .text.HAL_TIM_PeriodElapsedCallback
                0x000000000801860c       0x24 build/main.o
                0x000000000801860c                HAL_TIM_PeriodElapsedCallback
 .text._Error_Handler
                0x0000000008018630        0xc build/main.o
                0x0000000008018630                _Error_Handler
 .text.MX_TIM2_Init
                0x000000000801863c       0x94 build/tim.o
                0x000000000801863c                MX_TIM2_Init
 .text.MX_TIM3_Init
                0x00000000080186d0       0xc0 build/tim.o
                0x00000000080186d0                MX_TIM3_Init
 .text.HAL_TIM_Base_MspInit
                0x0000000008018790       0x98 build/tim.o
                0x0000000008018790                HAL_TIM_Base_MspInit
 .text.HAL_TIM_PWM_MspInit
                0x0000000008018828       0x40 build/tim.o
                0x0000000008018828                HAL_TIM_PWM_MspInit
 .text.HAL_TIM_MspPostInit
                0x0000000008018868       0xac build/tim.o
                0x0000000008018868                HAL_TIM_MspPostInit
 .text.MX_UART4_Init
                0x0000000008018914       0x68 build/usart.o
                0x0000000008018914                MX_UART4_Init
 .text.MX_USART1_UART_Init
                0x000000000801897c       0x68 build/usart.o
                0x000000000801897c                MX_USART1_UART_Init
 .text.HAL_UART_MspInit
                0x00000000080189e4      0x15c build/usart.o
                0x00000000080189e4                HAL_UART_MspInit
 .text.MX_GPIO_Init
                0x0000000008018b40      0x1c4 build/gpio.o
                0x0000000008018b40                MX_GPIO_Init
 .text.MX_I2C2_Init
                0x0000000008018d04       0x90 build/i2c.o
                0x0000000008018d04                MX_I2C2_Init
 .text.MX_I2C4_Init
                0x0000000008018d94       0x90 build/i2c.o
                0x0000000008018d94                MX_I2C4_Init
 .text.HAL_I2C_MspInit
                0x0000000008018e24      0x16c build/i2c.o
                0x0000000008018e24                HAL_I2C_MspInit
 .text.NMI_Handler
                0x0000000008018f90        0xe build/stm32f7xx_it.o
                0x0000000008018f90                NMI_Handler
 .text.HardFault_Handler
                0x0000000008018f9e        0x6 build/stm32f7xx_it.o
                0x0000000008018f9e                HardFault_Handler
 .text.MemManage_Handler
                0x0000000008018fa4        0x6 build/stm32f7xx_it.o
                0x0000000008018fa4                MemManage_Handler
 .text.BusFault_Handler
                0x0000000008018faa        0x6 build/stm32f7xx_it.o
                0x0000000008018faa                BusFault_Handler
 .text.UsageFault_Handler
                0x0000000008018fb0        0x6 build/stm32f7xx_it.o
                0x0000000008018fb0                UsageFault_Handler
 .text.DebugMon_Handler
                0x0000000008018fb6        0xe build/stm32f7xx_it.o
                0x0000000008018fb6                DebugMon_Handler
 .text.SysTick_Handler
                0x0000000008018fc4        0xc build/stm32f7xx_it.o
                0x0000000008018fc4                SysTick_Handler
 .text.TIM2_IRQHandler
                0x0000000008018fd0       0x14 build/stm32f7xx_it.o
                0x0000000008018fd0                TIM2_IRQHandler
 .text.TIM4_IRQHandler
                0x0000000008018fe4       0x14 build/stm32f7xx_it.o
                0x0000000008018fe4                TIM4_IRQHandler
 .text.getGPRMC
                0x0000000008018ff8      0x220 build/gps.o
                0x0000000008018ff8                getGPRMC
 .text.gpsInit  0x0000000008019218       0x84 build/gps.o
                0x0000000008019218                gpsInit
 .text.receiveGpsData
                0x000000000801929c       0x34 build/gps.o
                0x000000000801929c                receiveGpsData
 .text.enableGps
                0x00000000080192d0       0x38 build/gps.o
                0x00000000080192d0                enableGps
 .text.checkGpsData
                0x0000000008019308       0x24 build/gps.o
                0x0000000008019308                checkGpsData
 .text.motor1Drive
                0x000000000801932c      0x240 build/motor.o
                0x000000000801932c                motor1Drive
 .text.motor2Drive
                0x000000000801956c      0x23c build/motor.o
                0x000000000801956c                motor2Drive
 .text.sensorInit
                0x00000000080197a8        0xc build/sensor.o
                0x00000000080197a8                sensorInit
 .text.readAllSensors
                0x00000000080197b4       0x40 build/sensor.o
                0x00000000080197b4                readAllSensors
 .text.readPressure
                0x00000000080197f4       0xd8 build/sensor.o
                0x00000000080197f4                readPressure
 .text.readAltitude
                0x00000000080198cc      0x114 build/sensor.o
                0x00000000080198cc                readAltitude
 .text.readWheather
                0x00000000080199e0       0xc4 build/sensor.o
                0x00000000080199e0                readWheather
 .text.readTemperature
                0x0000000008019aa4      0x110 build/sensor.o
                0x0000000008019aa4                readTemperature
 .text.readCompass
                0x0000000008019bb4       0xc0 build/sensor.o
                0x0000000008019bb4                readCompass
 .text.WakeUpSensor
                0x0000000008019c74       0x7c build/sensor.o
                0x0000000008019c74                WakeUpSensor
 .text.SystemInit
                0x0000000008019cf0       0x6c build/system_stm32f7xx.o
                0x0000000008019cf0                SystemInit
 .text.MX_SPI1_Init
                0x0000000008019d5c       0x78 build/spi.o
                0x0000000008019d5c                MX_SPI1_Init
 .text.HAL_SPI_MspInit
                0x0000000008019dd4       0x70 build/spi.o
                0x0000000008019dd4                HAL_SPI_MspInit
 .text.HAL_MspInit
                0x0000000008019e44       0x62 build/stm32f7xx_hal_msp.o
                0x0000000008019e44                HAL_MspInit
 *fill*         0x0000000008019ea6        0x2 
 .text.HAL_InitTick
                0x0000000008019ea8       0xb0 build/stm32f7xx_hal_timebase_TIM.o
                0x0000000008019ea8                HAL_InitTick
 .text.UART4_IRQHandler
                0x0000000008019f58       0x24 build/freertos.o
                0x0000000008019f58                UART4_IRQHandler
 .text.gpsOps   0x0000000008019f7c       0xc8 build/freertos.o
                0x0000000008019f7c                gpsOps
 .text.SPI1_IRQHandler
                0x000000000801a044       0x24 build/freertos.o
                0x000000000801a044                SPI1_IRQHandler
 .text.spiComOps
                0x000000000801a068      0x360 build/freertos.o
                0x000000000801a068                spiComOps
 .text.sensorOps
                0x000000000801a3c8       0x88 build/freertos.o
                0x000000000801a3c8                sensorOps
 .text.motorOps
                0x000000000801a450       0x88 build/freertos.o
                0x000000000801a450                motorOps
 .text.vprint   0x000000000801a4d8       0x48 build/freertos.o
                0x000000000801a4d8                vprint
 .text.mprintf  0x000000000801a520       0x44 build/freertos.o
                0x000000000801a520                mprintf
 .text.MX_FREERTOS_Init
                0x000000000801a564      0x188 build/freertos.o
                0x000000000801a564                MX_FREERTOS_Init
 .text.Reset_Handler
                0x000000000801a6ec       0x50 build/startup_stm32f746xx.o
                0x000000000801a6ec                Reset_Handler
 .text.Default_Handler
                0x000000000801a73c        0x2 build/startup_stm32f746xx.o
                0x000000000801a73c                RTC_Alarm_IRQHandler
                0x000000000801a73c                EXTI2_IRQHandler
                0x000000000801a73c                TIM8_CC_IRQHandler
                0x000000000801a73c                UART8_IRQHandler
                0x000000000801a73c                SPI4_IRQHandler
                0x000000000801a73c                TIM1_CC_IRQHandler
                0x000000000801a73c                DMA2_Stream5_IRQHandler
                0x000000000801a73c                DMA1_Stream5_IRQHandler
                0x000000000801a73c                PVD_IRQHandler
                0x000000000801a73c                TAMP_STAMP_IRQHandler
                0x000000000801a73c                CAN2_RX1_IRQHandler
                0x000000000801a73c                EXTI3_IRQHandler
                0x000000000801a73c                TIM8_TRG_COM_TIM14_IRQHandler
                0x000000000801a73c                TIM1_UP_TIM10_IRQHandler
                0x000000000801a73c                TIM8_UP_TIM13_IRQHandler
                0x000000000801a73c                I2C3_ER_IRQHandler
                0x000000000801a73c                EXTI0_IRQHandler
                0x000000000801a73c                I2C2_EV_IRQHandler
                0x000000000801a73c                DMA1_Stream2_IRQHandler
                0x000000000801a73c                CAN1_RX0_IRQHandler
                0x000000000801a73c                FPU_IRQHandler
                0x000000000801a73c                OTG_HS_WKUP_IRQHandler
                0x000000000801a73c                LTDC_ER_IRQHandler
                0x000000000801a73c                CAN2_SCE_IRQHandler
                0x000000000801a73c                DMA2_Stream2_IRQHandler
                0x000000000801a73c                TIM6_DAC_IRQHandler
                0x000000000801a73c                TIM1_BRK_TIM9_IRQHandler
                0x000000000801a73c                DCMI_IRQHandler
                0x000000000801a73c                CAN2_RX0_IRQHandler
                0x000000000801a73c                DMA2_Stream3_IRQHandler
                0x000000000801a73c                SAI2_IRQHandler
                0x000000000801a73c                USART6_IRQHandler
                0x000000000801a73c                USART3_IRQHandler
                0x000000000801a73c                CAN1_RX1_IRQHandler
                0x000000000801a73c                UART5_IRQHandler
                0x000000000801a73c                DMA2_Stream0_IRQHandler
                0x000000000801a73c                QUADSPI_IRQHandler
                0x000000000801a73c                I2C1_EV_IRQHandler
                0x000000000801a73c                DMA1_Stream6_IRQHandler
                0x000000000801a73c                DMA1_Stream1_IRQHandler
                0x000000000801a73c                TIM3_IRQHandler
                0x000000000801a73c                RCC_IRQHandler
                0x000000000801a73c                TIM8_BRK_TIM12_IRQHandler
                0x000000000801a73c                Default_Handler
                0x000000000801a73c                CEC_IRQHandler
                0x000000000801a73c                EXTI15_10_IRQHandler
                0x000000000801a73c                ADC_IRQHandler
                0x000000000801a73c                DMA1_Stream7_IRQHandler
                0x000000000801a73c                SPI5_IRQHandler
                0x000000000801a73c                TIM7_IRQHandler
                0x000000000801a73c                SDMMC1_IRQHandler
                0x000000000801a73c                CAN2_TX_IRQHandler
                0x000000000801a73c                TIM5_IRQHandler
                0x000000000801a73c                DMA2_Stream7_IRQHandler
                0x000000000801a73c                I2C3_EV_IRQHandler
                0x000000000801a73c                EXTI9_5_IRQHandler
                0x000000000801a73c                RTC_WKUP_IRQHandler
                0x000000000801a73c                LTDC_IRQHandler
                0x000000000801a73c                ETH_WKUP_IRQHandler
                0x000000000801a73c                SPDIF_RX_IRQHandler
                0x000000000801a73c                SPI2_IRQHandler
                0x000000000801a73c                OTG_HS_EP1_IN_IRQHandler
                0x000000000801a73c                DMA1_Stream0_IRQHandler
                0x000000000801a73c                CAN1_TX_IRQHandler
                0x000000000801a73c                EXTI4_IRQHandler
                0x000000000801a73c                RNG_IRQHandler
                0x000000000801a73c                ETH_IRQHandler
                0x000000000801a73c                OTG_HS_EP1_OUT_IRQHandler
                0x000000000801a73c                WWDG_IRQHandler
                0x000000000801a73c                SPI6_IRQHandler
                0x000000000801a73c                I2C4_EV_IRQHandler
                0x000000000801a73c                OTG_FS_WKUP_IRQHandler
                0x000000000801a73c                TIM1_TRG_COM_TIM11_IRQHandler
                0x000000000801a73c                OTG_HS_IRQHandler
                0x000000000801a73c                DMA2D_IRQHandler
                0x000000000801a73c                EXTI1_IRQHandler
                0x000000000801a73c                UART7_IRQHandler
                0x000000000801a73c                USART2_IRQHandler
                0x000000000801a73c                I2C2_ER_IRQHandler
                0x000000000801a73c                DMA2_Stream1_IRQHandler
                0x000000000801a73c                CAN1_SCE_IRQHandler
                0x000000000801a73c                FLASH_IRQHandler
                0x000000000801a73c                DMA2_Stream4_IRQHandler
                0x000000000801a73c                USART1_IRQHandler
                0x000000000801a73c                OTG_FS_IRQHandler
                0x000000000801a73c                SPI3_IRQHandler
                0x000000000801a73c                DMA1_Stream4_IRQHandler
                0x000000000801a73c                I2C1_ER_IRQHandler
                0x000000000801a73c                FMC_IRQHandler
                0x000000000801a73c                LPTIM1_IRQHandler
                0x000000000801a73c                I2C4_ER_IRQHandler
                0x000000000801a73c                DMA2_Stream6_IRQHandler
                0x000000000801a73c                SAI1_IRQHandler
                0x000000000801a73c                DMA1_Stream3_IRQHandler
 *(.glue_7)
 .glue_7        0x000000000801a73e        0x0 linker stubs
 *(.glue_7t)
 .glue_7t       0x000000000801a73e        0x0 linker stubs
 *(.eh_frame)
 *fill*         0x000000000801a73e        0x2 
 .eh_frame      0x000000000801a740        0x0 /usr/lib/gcc/arm-none-eabi/6.3.1/thumb/v7e-m/fpv4-sp/hard/crtbegin.o
 *(.init)
 .init          0x000000000801a740        0x4 /usr/lib/gcc/arm-none-eabi/6.3.1/thumb/v7e-m/fpv4-sp/hard/crti.o
                0x000000000801a740                _init
 .init          0x000000000801a744        0x8 /usr/lib/gcc/arm-none-eabi/6.3.1/thumb/v7e-m/fpv4-sp/hard/crtn.o
 *(.fini)
 .fini          0x000000000801a74c        0x4 /usr/lib/gcc/arm-none-eabi/6.3.1/thumb/v7e-m/fpv4-sp/hard/crti.o
                0x000000000801a74c                _fini
 .fini          0x000000000801a750        0x8 /usr/lib/gcc/arm-none-eabi/6.3.1/thumb/v7e-m/fpv4-sp/hard/crtn.o
                0x000000000801a758                . = ALIGN (0x4)
                0x000000000801a758                _etext = .

.vfp11_veneer   0x000000000801a758        0x0
 .vfp11_veneer  0x000000000801a758        0x0 linker stubs

.v4_bx          0x000000000801a758        0x0
 .v4_bx         0x000000000801a758        0x0 linker stubs

.iplt           0x000000000801a758        0x0
 .iplt          0x000000000801a758        0x0 /usr/lib/gcc/arm-none-eabi/6.3.1/thumb/v7e-m/fpv4-sp/hard/crtbegin.o

.rodata         0x000000000801a758      0x3bc
                0x000000000801a758                . = ALIGN (0x4)
 *(.rodata)
 .rodata        0x000000000801a758        0x5 build/tasks.o
 *fill*         0x000000000801a75d        0x3 
 .rodata        0x000000000801a760        0xb build/main.o
 *fill*         0x000000000801a76b        0x1 
 .rodata        0x000000000801a76c        0xa build/tim.o
 *fill*         0x000000000801a776        0x2 
 .rodata        0x000000000801a778        0xc build/usart.o
 .rodata        0x000000000801a784        0xa build/i2c.o
 *fill*         0x000000000801a78e        0x2 
 .rodata        0x000000000801a790       0x16 build/gps.o
 *fill*         0x000000000801a7a6        0x2 
 .rodata        0x000000000801a7a8      0x1fa build/sensor.o
 *fill*         0x000000000801a9a2        0x2 
 .rodata        0x000000000801a9a4        0xa build/spi.o
 *fill*         0x000000000801a9ae        0x2 
 .rodata        0x000000000801a9b0      0x100 build/freertos.o
 *(.rodata*)
 .rodata.gprmc_header.10066
                0x000000000801aab0        0x6 build/gps.o
 .rodata.WAKEUP_COMMAND
                0x000000000801aab6        0x1 build/sensor.o
                0x000000000801aab6                WAKEUP_COMMAND
 .rodata.WHEATHER_COMMAND
                0x000000000801aab7        0x1 build/sensor.o
                0x000000000801aab7                WHEATHER_COMMAND
 .rodata.PRESS_WRITE_COMMAND
                0x000000000801aab8        0x1 build/sensor.o
                0x000000000801aab8                PRESS_WRITE_COMMAND
 .rodata.TEMPERATURE_WRITE_COMMAND
                0x000000000801aab9        0x1 build/sensor.o
                0x000000000801aab9                TEMPERATURE_WRITE_COMMAND
 .rodata.ALTITUDE_WRITE_COMMAND
                0x000000000801aaba        0x1 build/sensor.o
                0x000000000801aaba                ALTITUDE_WRITE_COMMAND
 .rodata.COMPASS_WRITE_COMMAND
                0x000000000801aabb        0x1 build/sensor.o
                0x000000000801aabb                COMPASS_WRITE_COMMAND
 .rodata.AHBPrescTable
                0x000000000801aabc       0x10 build/system_stm32f7xx.o
                0x000000000801aabc                AHBPrescTable
 .rodata.APBPrescTable
                0x000000000801aacc        0x8 build/system_stm32f7xx.o
                0x000000000801aacc                APBPrescTable
 .rodata.str1.4
                0x000000000801aad4        0x2 /usr/lib/gcc/arm-none-eabi/6.3.1/../../../arm-none-eabi/lib/thumb/v7e-m/fpv4-sp/hard/libc_nano.a(lib_a-impure.o)
 *fill*         0x000000000801aad6        0x2 
 .rodata.str1.4
                0x000000000801aad8       0x13 /usr/lib/gcc/arm-none-eabi/6.3.1/../../../arm-none-eabi/lib/thumb/v7e-m/fpv4-sp/hard/libc_nano.a(lib_a-nano-svfprintf.o)
 *fill*         0x000000000801aaeb        0x1 
 .rodata.str1.4
                0x000000000801aaec       0x28 /usr/lib/gcc/arm-none-eabi/6.3.1/../../../arm-none-eabi/lib/thumb/v7e-m/fpv4-sp/hard/libc_nano.a(lib_a-nano-vfprintf_i.o)
                                         0x25 (size before relaxing)
                0x000000000801ab14                . = ALIGN (0x4)

.ARM.extab
 *(.ARM.extab* .gnu.linkonce.armextab.*)

.ARM            0x000000000801ab14        0x8
                0x000000000801ab14                __exidx_start = .
 *(.ARM.exidx*)
 .ARM.exidx     0x000000000801ab14        0x8 /usr/lib/gcc/arm-none-eabi/6.3.1/thumb/v7e-m/fpv4-sp/hard/libgcc.a(_udivmoddi4.o)
                0x000000000801ab1c                __exidx_end = .

.rel.dyn        0x000000000801ab1c        0x0
 .rel.iplt      0x000000000801ab1c        0x0 /usr/lib/gcc/arm-none-eabi/6.3.1/thumb/v7e-m/fpv4-sp/hard/crtbegin.o

.preinit_array  0x000000000801ab1c        0x0
                0x000000000801ab1c                PROVIDE (__preinit_array_start, .)
 *(.preinit_array*)
                0x000000000801ab1c                PROVIDE (__preinit_array_end, .)

.init_array     0x000000000801ab1c        0x4
                0x000000000801ab1c                PROVIDE (__init_array_start, .)
 *(SORT(.init_array.*))
 *(.init_array*)
 .init_array    0x000000000801ab1c        0x4 /usr/lib/gcc/arm-none-eabi/6.3.1/thumb/v7e-m/fpv4-sp/hard/crtbegin.o
                0x000000000801ab20                PROVIDE (__init_array_end, .)

.fini_array     0x000000000801ab20        0x4
                0x000000000801ab20                PROVIDE (__fini_array_start, .)
 *(SORT(.fini_array.*))
 *(.fini_array*)
 .fini_array    0x000000000801ab20        0x4 /usr/lib/gcc/arm-none-eabi/6.3.1/thumb/v7e-m/fpv4-sp/hard/crtbegin.o
                0x000000000801ab24                PROVIDE (__fini_array_end, .)
                0x000000000801ab24                _sidata = LOADADDR (.data)

.data           0x00000000200000c0       0x8c load address 0x000000000801ab24
                0x00000000200000c0                . = ALIGN (0x4)
                0x00000000200000c0                _sdata = .
 *(.data)
 .data          0x00000000200000c0       0x64 /usr/lib/gcc/arm-none-eabi/6.3.1/../../../arm-none-eabi/lib/thumb/v7e-m/fpv4-sp/hard/libc_nano.a(lib_a-impure.o)
                0x00000000200000c0                _impure_ptr
 *(.data*)
 .data.uwTickFreq
                0x0000000020000124        0x1 build/stm32f7xx_hal.o
                0x0000000020000124                uwTickFreq
 *fill*         0x0000000020000125        0x3 
 .data.uxCriticalNesting
                0x0000000020000128        0x4 build/port.o
 .data.gprmc_status
                0x000000002000012c        0x2 build/gps.o
                0x000000002000012c                gprmc_status
 .data.gprmc_enable
                0x000000002000012e        0x2 build/gps.o
                0x000000002000012e                gprmc_enable
 .data.gpgga_enable
                0x0000000020000130        0x2 build/gps.o
                0x0000000020000130                gpgga_enable
 .data.gpgsa_enable
                0x0000000020000132        0x2 build/gps.o
                0x0000000020000132                gpgsa_enable
 .data.gpgll_enable
                0x0000000020000134        0x2 build/gps.o
                0x0000000020000134                gpgll_enable
 *fill*         0x0000000020000136        0x2 
 .data.phase.9801
                0x0000000020000138        0x4 build/motor.o
 .data.phase.9805
                0x000000002000013c        0x4 build/motor.o
 .data.pressure_ready
                0x0000000020000140        0x1 build/sensor.o
                0x0000000020000140                pressure_ready
 .data.altitude_ready
                0x0000000020000141        0x1 build/sensor.o
                0x0000000020000141                altitude_ready
 .data.wheather_ready
                0x0000000020000142        0x1 build/sensor.o
                0x0000000020000142                wheather_ready
 .data.temperature_ready
                0x0000000020000143        0x1 build/sensor.o
                0x0000000020000143                temperature_ready
 .data.compass_ready
                0x0000000020000144        0x1 build/sensor.o
                0x0000000020000144                compass_ready
 *fill*         0x0000000020000145        0x3 
 .data.SystemCoreClock
                0x0000000020000148        0x4 build/system_stm32f7xx.o
                0x0000000020000148                SystemCoreClock
                0x000000002000014c                . = ALIGN (0x4)
                0x000000002000014c                _edata = .

.jcr            0x000000002000014c        0x0 load address 0x000000000801abb0
 .jcr           0x000000002000014c        0x0 /usr/lib/gcc/arm-none-eabi/6.3.1/thumb/v7e-m/fpv4-sp/hard/crtbegin.o

.tm_clone_table
                0x000000002000014c        0x0 load address 0x000000000801abb0
 .tm_clone_table
                0x000000002000014c        0x0 /usr/lib/gcc/arm-none-eabi/6.3.1/thumb/v7e-m/fpv4-sp/hard/crtbegin.o
 .tm_clone_table
                0x000000002000014c        0x0 /usr/lib/gcc/arm-none-eabi/6.3.1/thumb/v7e-m/fpv4-sp/hard/crtend.o

.igot.plt       0x000000002000014c        0x0 load address 0x000000000801abb0
 .igot.plt      0x000000002000014c        0x0 /usr/lib/gcc/arm-none-eabi/6.3.1/thumb/v7e-m/fpv4-sp/hard/crtbegin.o
                0x000000002000014c                . = ALIGN (0x4)

.bss            0x000000002000014c     0x44a8 load address 0x000000000801abb0
                0x000000002000014c                _sbss = .
                0x000000002000014c                __bss_start__ = _sbss
 *(.bss)
 .bss           0x000000002000014c       0x1c /usr/lib/gcc/arm-none-eabi/6.3.1/thumb/v7e-m/fpv4-sp/hard/crtbegin.o
 .bss           0x0000000020000168        0x8 /usr/lib/gcc/arm-none-eabi/6.3.1/../../../arm-none-eabi/lib/thumb/v7e-m/fpv4-sp/hard/libc_nano.a(lib_a-nano-mallocr.o)
                0x0000000020000168                __malloc_free_list
                0x000000002000016c                __malloc_sbrk_start
 .bss           0x0000000020000170        0x4 /usr/lib/gcc/arm-none-eabi/6.3.1/../../../arm-none-eabi/lib/thumb/v7e-m/fpv4-sp/hard/libnosys.a(sbrk.o)
 *(.bss*)
 .bss.pxCurrentTCB
                0x0000000020000174        0x4 build/tasks.o
                0x0000000020000174                pxCurrentTCB
 .bss.pxReadyTasksLists
                0x0000000020000178       0x8c build/tasks.o
 .bss.xDelayedTaskList1
                0x0000000020000204       0x14 build/tasks.o
 .bss.xDelayedTaskList2
                0x0000000020000218       0x14 build/tasks.o
 .bss.pxDelayedTaskList
                0x000000002000022c        0x4 build/tasks.o
 .bss.pxOverflowDelayedTaskList
                0x0000000020000230        0x4 build/tasks.o
 .bss.xPendingReadyList
                0x0000000020000234       0x14 build/tasks.o
 .bss.xTasksWaitingTermination
                0x0000000020000248       0x14 build/tasks.o
 .bss.uxDeletedTasksWaitingCleanUp
                0x000000002000025c        0x4 build/tasks.o
 .bss.xSuspendedTaskList
                0x0000000020000260       0x14 build/tasks.o
 .bss.uxCurrentNumberOfTasks
                0x0000000020000274        0x4 build/tasks.o
 .bss.xTickCount
                0x0000000020000278        0x4 build/tasks.o
 .bss.uxTopReadyPriority
                0x000000002000027c        0x4 build/tasks.o
 .bss.xSchedulerRunning
                0x0000000020000280        0x4 build/tasks.o
 .bss.uxPendedTicks
                0x0000000020000284        0x4 build/tasks.o
 .bss.xYieldPending
                0x0000000020000288        0x4 build/tasks.o
 .bss.xNumOfOverflows
                0x000000002000028c        0x4 build/tasks.o
 .bss.uxTaskNumber
                0x0000000020000290        0x4 build/tasks.o
 .bss.xNextTaskUnblockTime
                0x0000000020000294        0x4 build/tasks.o
 .bss.xIdleTaskHandle
                0x0000000020000298        0x4 build/tasks.o
 .bss.uxSchedulerSuspended
                0x000000002000029c        0x4 build/tasks.o
 .bss.ucHeap    0x00000000200002a0     0x3c00 build/heap_4.o
 .bss.xStart    0x0000000020003ea0        0x8 build/heap_4.o
 .bss.pxEnd     0x0000000020003ea8        0x4 build/heap_4.o
 .bss.xFreeBytesRemaining
                0x0000000020003eac        0x4 build/heap_4.o
 .bss.xMinimumEverFreeBytesRemaining
                0x0000000020003eb0        0x4 build/heap_4.o
 .bss.xBlockAllocatedBit
                0x0000000020003eb4        0x4 build/heap_4.o
 .bss.ucMaxSysCallPriority
                0x0000000020003eb8        0x1 build/port.o
 *fill*         0x0000000020003eb9        0x3 
 .bss.ulMaxPRIGROUPValue
                0x0000000020003ebc        0x4 build/port.o
 .bss.gprmc_index.10068
                0x0000000020003ec0        0x4 build/gps.o
 .bss.gprmc_buffer.10067
                0x0000000020003ec4       0x64 build/gps.o
 *(COMMON)
 COMMON         0x0000000020003f28       0x1c build/stm32f7xx_hal_flash.o
                0x0000000020003f28                pFlash
 COMMON         0x0000000020003f44        0x4 build/stm32f7xx_hal.o
                0x0000000020003f44                uwTick
 COMMON         0x0000000020003f48      0x210 build/main.o
                0x0000000020003f48                motor2
                0x0000000020003f50                uartSemaphoreHandle
                0x0000000020003f54                memoryMutexHandle
                0x0000000020003f58                sensorThreadHandle
                0x0000000020003f5c                SpiRxData
                0x0000000020003f60                EnvironmentData
                0x0000000020003f64                gpsData
                0x0000000020004104                motor4
                0x000000002000410c                sensorValues
                0x0000000020004120                UpdateFile
                0x0000000020004124                rx_buf
                0x0000000020004128                motor1
                0x0000000020004130                uartMutexHandle
                0x0000000020004134                ControlData
                0x0000000020004138                spiMutexHandle
                0x000000002000413c                spiComThreadHandle
                0x0000000020004140                spiSemaphoreHandle
                0x0000000020004144                motor3
                0x000000002000414c                motorThreadHandle
                0x0000000020004150                SpiTxData
                0x0000000020004154                gpsThreadHandle
 COMMON         0x0000000020004158      0x100 build/tim.o
                0x0000000020004158                htim3
                0x0000000020004198                htim13
                0x00000000200041d8                htim2
                0x0000000020004218                htim14
 COMMON         0x0000000020004258      0x1c0 build/usart.o
                0x0000000020004258                huart7
                0x00000000200042c8                huart1
                0x0000000020004338                huart8
                0x00000000200043a8                huart4
 COMMON         0x0000000020004418      0x130 build/i2c.o
                0x0000000020004418                hi2c3
                0x0000000020004464                hi2c4
                0x00000000200044b0                hi2c1
                0x00000000200044fc                hi2c2
 COMMON         0x0000000020004548        0x1 build/gps.o
                0x0000000020004548                rx_data
 *fill*         0x0000000020004549        0x3 
 COMMON         0x000000002000454c       0x64 build/spi.o
                0x000000002000454c                hspi1
 COMMON         0x00000000200045b0       0x40 build/stm32f7xx_hal_timebase_TIM.o
                0x00000000200045b0                htim4
 COMMON         0x00000000200045f0        0x4 /usr/lib/gcc/arm-none-eabi/6.3.1/../../../arm-none-eabi/lib/thumb/v7e-m/fpv4-sp/hard/libc_nano.a(lib_a-reent.o)
                0x00000000200045f0                errno
                0x00000000200045f4                . = ALIGN (0x4)
                0x00000000200045f4                _ebss = .
                0x00000000200045f4                __bss_end__ = _ebss

._user_heap_stack
                0x00000000200045f4      0x604 load address 0x000000000801abb0
                0x00000000200045f8                . = ALIGN (0x8)
 *fill*         0x00000000200045f4        0x4 
                0x00000000200045f8                PROVIDE (end, .)
                [!provide]                        PROVIDE (_end, .)
                0x00000000200047f8                . = (. + _Min_Heap_Size)
 *fill*         0x00000000200045f8      0x200 
                0x0000000020004bf8                . = (. + _Min_Stack_Size)
 *fill*         0x00000000200047f8      0x400 
                0x0000000020004bf8                . = ALIGN (0x8)

/DISCARD/
 libc.a(*)
 libm.a(*)
 libgcc.a(*)

.ARM.attributes
                0x0000000000000000       0x30
 *(.ARM.attributes)
 .ARM.attributes
                0x0000000000000000       0x22 /usr/lib/gcc/arm-none-eabi/6.3.1/thumb/v7e-m/fpv4-sp/hard/crti.o
 .ARM.attributes
                0x0000000000000022       0x34 /usr/lib/gcc/arm-none-eabi/6.3.1/thumb/v7e-m/fpv4-sp/hard/crtbegin.o
 .ARM.attributes
                0x0000000000000056       0x39 build/stm32f7xx_hal_i2c.o
 .ARM.attributes
                0x000000000000008f       0x39 build/stm32f7xx_hal_flash.o
 .ARM.attributes
                0x00000000000000c8       0x39 build/stm32f7xx_hal_cortex.o
 .ARM.attributes
                0x0000000000000101       0x39 build/stm32f7xx_hal_uart.o
 .ARM.attributes
                0x000000000000013a       0x39 build/stm32f7xx_hal.o
 .ARM.attributes
                0x0000000000000173       0x39 build/stm32f7xx_hal_tim_ex.o
 .ARM.attributes
                0x00000000000001ac       0x39 build/stm32f7xx_hal_rcc.o
 .ARM.attributes
                0x00000000000001e5       0x39 build/stm32f7xx_hal_spi.o
 .ARM.attributes
                0x000000000000021e       0x39 build/stm32f7xx_hal_tim.o
 .ARM.attributes
                0x0000000000000257       0x39 build/stm32f7xx_hal_pwr_ex.o
 .ARM.attributes
                0x0000000000000290       0x39 build/stm32f7xx_hal_gpio.o
 .ARM.attributes
                0x00000000000002c9       0x39 build/stm32f7xx_hal_dma.o
 .ARM.attributes
                0x0000000000000302       0x39 build/stm32f7xx_hal_flash_ex.o
 .ARM.attributes
                0x000000000000033b       0x39 build/stm32f7xx_hal_i2c_ex.o
 .ARM.attributes
                0x0000000000000374       0x39 build/stm32f7xx_hal_rcc_ex.o
 .ARM.attributes
                0x00000000000003ad       0x39 build/list.o
 .ARM.attributes
                0x00000000000003e6       0x39 build/queue.o
 .ARM.attributes
                0x000000000000041f       0x39 build/tasks.o
 .ARM.attributes
                0x0000000000000458       0x39 build/heap_4.o
 .ARM.attributes
                0x0000000000000491       0x39 build/port.o
 .ARM.attributes
                0x00000000000004ca       0x39 build/cmsis_os.o
 .ARM.attributes
                0x0000000000000503       0x39 build/main.o
 .ARM.attributes
                0x000000000000053c       0x39 build/tim.o
 .ARM.attributes
                0x0000000000000575       0x39 build/usart.o
 .ARM.attributes
                0x00000000000005ae       0x39 build/gpio.o
 .ARM.attributes
                0x00000000000005e7       0x39 build/i2c.o
 .ARM.attributes
                0x0000000000000620       0x39 build/stm32f7xx_it.o
 .ARM.attributes
                0x0000000000000659       0x39 build/gps.o
 .ARM.attributes
                0x0000000000000692       0x39 build/motor.o
 .ARM.attributes
                0x00000000000006cb       0x39 build/sensor.o
 .ARM.attributes
                0x0000000000000704       0x39 build/system_stm32f7xx.o
 .ARM.attributes
                0x000000000000073d       0x39 build/spi.o
 .ARM.attributes
                0x0000000000000776       0x39 build/stm32f7xx_hal_msp.o
 .ARM.attributes
                0x00000000000007af       0x39 build/stm32f7xx_hal_timebase_TIM.o
 .ARM.attributes
                0x00000000000007e8       0x39 build/freertos.o
 .ARM.attributes
                0x0000000000000821       0x21 build/startup_stm32f746xx.o
 .ARM.attributes
                0x0000000000000842       0x22 /usr/lib/gcc/arm-none-eabi/6.3.1/thumb/v7e-m/fpv4-sp/hard/libgcc.a(_aeabi_uldivmod.o)
 .ARM.attributes
                0x0000000000000864       0x34 /usr/lib/gcc/arm-none-eabi/6.3.1/thumb/v7e-m/fpv4-sp/hard/libgcc.a(_udivmoddi4.o)
 .ARM.attributes
                0x0000000000000898       0x22 /usr/lib/gcc/arm-none-eabi/6.3.1/thumb/v7e-m/fpv4-sp/hard/libgcc.a(_dvmd_tls.o)
 .ARM.attributes
                0x00000000000008ba       0x34 /usr/lib/gcc/arm-none-eabi/6.3.1/../../../arm-none-eabi/lib/thumb/v7e-m/fpv4-sp/hard/libc_nano.a(lib_a-impure.o)
 .ARM.attributes
                0x00000000000008ee       0x34 /usr/lib/gcc/arm-none-eabi/6.3.1/../../../arm-none-eabi/lib/thumb/v7e-m/fpv4-sp/hard/libc_nano.a(lib_a-init.o)
 .ARM.attributes
                0x0000000000000922       0x34 /usr/lib/gcc/arm-none-eabi/6.3.1/../../../arm-none-eabi/lib/thumb/v7e-m/fpv4-sp/hard/libc_nano.a(lib_a-malloc.o)
 .ARM.attributes
                0x0000000000000956       0x20 /usr/lib/gcc/arm-none-eabi/6.3.1/../../../arm-none-eabi/lib/thumb/v7e-m/fpv4-sp/hard/libc_nano.a(lib_a-memcpy.o)
 .ARM.attributes
                0x0000000000000976       0x34 /usr/lib/gcc/arm-none-eabi/6.3.1/../../../arm-none-eabi/lib/thumb/v7e-m/fpv4-sp/hard/libc_nano.a(lib_a-nano-freer.o)
 .ARM.attributes
                0x00000000000009aa       0x34 /usr/lib/gcc/arm-none-eabi/6.3.1/../../../arm-none-eabi/lib/thumb/v7e-m/fpv4-sp/hard/libc_nano.a(lib_a-nano-mallocr.o)
 .ARM.attributes
                0x00000000000009de       0x34 /usr/lib/gcc/arm-none-eabi/6.3.1/../../../arm-none-eabi/lib/thumb/v7e-m/fpv4-sp/hard/libc_nano.a(lib_a-sbrkr.o)
 .ARM.attributes
                0x0000000000000a12       0x20 /usr/lib/gcc/arm-none-eabi/6.3.1/../../../arm-none-eabi/lib/thumb/v7e-m/fpv4-sp/hard/libc_nano.a(lib_a-strlen.o)
 .ARM.attributes
                0x0000000000000a32       0x34 /usr/lib/gcc/arm-none-eabi/6.3.1/../../../arm-none-eabi/lib/thumb/v7e-m/fpv4-sp/hard/libc_nano.a(lib_a-vsprintf.o)
 .ARM.attributes
                0x0000000000000a66       0x34 /usr/lib/gcc/arm-none-eabi/6.3.1/../../../arm-none-eabi/lib/thumb/v7e-m/fpv4-sp/hard/libc_nano.a(lib_a-nano-svfprintf.o)
 .ARM.attributes
                0x0000000000000a9a       0x34 /usr/lib/gcc/arm-none-eabi/6.3.1/../../../arm-none-eabi/lib/thumb/v7e-m/fpv4-sp/hard/libc_nano.a(lib_a-nano-vfprintf_i.o)
 .ARM.attributes
                0x0000000000000ace       0x34 /usr/lib/gcc/arm-none-eabi/6.3.1/../../../arm-none-eabi/lib/thumb/v7e-m/fpv4-sp/hard/libc_nano.a(lib_a-reent.o)
 .ARM.attributes
                0x0000000000000b02       0x20 /usr/lib/gcc/arm-none-eabi/6.3.1/../../../arm-none-eabi/lib/thumb/v7e-m/fpv4-sp/hard/libc_nano.a(lib_a-memchr.o)
 .ARM.attributes
                0x0000000000000b22       0x34 /usr/lib/gcc/arm-none-eabi/6.3.1/../../../arm-none-eabi/lib/thumb/v7e-m/fpv4-sp/hard/libc_nano.a(lib_a-memmove.o)
 .ARM.attributes
                0x0000000000000b56       0x34 /usr/lib/gcc/arm-none-eabi/6.3.1/../../../arm-none-eabi/lib/thumb/v7e-m/fpv4-sp/hard/libc_nano.a(lib_a-nano-reallocr.o)
 .ARM.attributes
                0x0000000000000b8a       0x34 /usr/lib/gcc/arm-none-eabi/6.3.1/../../../arm-none-eabi/lib/thumb/v7e-m/fpv4-sp/hard/libc_nano.a(lib_a-nano-msizer.o)
 .ARM.attributes
                0x0000000000000bbe       0x34 /usr/lib/gcc/arm-none-eabi/6.3.1/../../../arm-none-eabi/lib/thumb/v7e-m/fpv4-sp/hard/libnosys.a(sbrk.o)
 .ARM.attributes
                0x0000000000000bf2       0x34 /usr/lib/gcc/arm-none-eabi/6.3.1/thumb/v7e-m/fpv4-sp/hard/crtend.o
 .ARM.attributes
                0x0000000000000c26       0x22 /usr/lib/gcc/arm-none-eabi/6.3.1/thumb/v7e-m/fpv4-sp/hard/crtn.o
OUTPUT(build/stm32f746_rtos.elf elf32-littlearm)

.comment        0x0000000000000000       0x59
 .comment       0x0000000000000000       0x2e /usr/lib/gcc/arm-none-eabi/6.3.1/thumb/v7e-m/fpv4-sp/hard/crtbegin.o
                                         0x2f (size before relaxing)
 .comment       0x000000000000002e       0x2f build/stm32f7xx_hal_i2c.o
 .comment       0x000000000000002e       0x2f build/stm32f7xx_hal_flash.o
 .comment       0x000000000000002e       0x2f build/stm32f7xx_hal_cortex.o
 .comment       0x000000000000002e       0x2f build/stm32f7xx_hal_uart.o
 .comment       0x000000000000002e       0x2f build/stm32f7xx_hal.o
 .comment       0x000000000000002e       0x2f build/stm32f7xx_hal_tim_ex.o
 .comment       0x000000000000002e       0x2f build/stm32f7xx_hal_rcc.o
 .comment       0x000000000000002e       0x2f build/stm32f7xx_hal_spi.o
 .comment       0x000000000000002e       0x2f build/stm32f7xx_hal_tim.o
 .comment       0x000000000000002e       0x2f build/stm32f7xx_hal_pwr_ex.o
 .comment       0x000000000000002e       0x2f build/stm32f7xx_hal_gpio.o
 .comment       0x000000000000002e       0x2f build/stm32f7xx_hal_dma.o
 .comment       0x000000000000002e       0x2f build/stm32f7xx_hal_flash_ex.o
 .comment       0x000000000000002e       0x2f build/stm32f7xx_hal_i2c_ex.o
 .comment       0x000000000000002e       0x2f build/stm32f7xx_hal_rcc_ex.o
 .comment       0x000000000000002e       0x2f build/list.o
 .comment       0x000000000000002e       0x2f build/queue.o
 .comment       0x000000000000002e       0x2f build/tasks.o
 .comment       0x000000000000002e       0x2f build/heap_4.o
 .comment       0x000000000000002e       0x2f build/port.o
 .comment       0x000000000000002e       0x2f build/cmsis_os.o
 .comment       0x000000000000002e       0x2f build/main.o
 .comment       0x000000000000002e       0x2f build/tim.o
 .comment       0x000000000000002e       0x2f build/usart.o
 .comment       0x000000000000002e       0x2f build/gpio.o
 .comment       0x000000000000002e       0x2f build/i2c.o
 .comment       0x000000000000002e       0x2f build/stm32f7xx_it.o
 .comment       0x000000000000002e       0x2f build/gps.o
 .comment       0x000000000000002e       0x2f build/motor.o
 .comment       0x000000000000002e       0x2f build/sensor.o
 .comment       0x000000000000002e       0x2f build/system_stm32f7xx.o
 .comment       0x000000000000002e       0x2f build/spi.o
 .comment       0x000000000000002e       0x2f build/stm32f7xx_hal_msp.o
 .comment       0x000000000000002e       0x2f build/stm32f7xx_hal_timebase_TIM.o
 .comment       0x000000000000002e       0x2f build/freertos.o
 .comment       0x000000000000002e       0x2f /usr/lib/gcc/arm-none-eabi/6.3.1/thumb/v7e-m/fpv4-sp/hard/libgcc.a(_udivmoddi4.o)
 .comment       0x000000000000002e       0x2b /usr/lib/gcc/arm-none-eabi/6.3.1/../../../arm-none-eabi/lib/thumb/v7e-m/fpv4-sp/hard/libc_nano.a(lib_a-impure.o)
                                         0x2c (size before relaxing)
 .comment       0x0000000000000059       0x2c /usr/lib/gcc/arm-none-eabi/6.3.1/../../../arm-none-eabi/lib/thumb/v7e-m/fpv4-sp/hard/libc_nano.a(lib_a-init.o)
 .comment       0x0000000000000059       0x2c /usr/lib/gcc/arm-none-eabi/6.3.1/../../../arm-none-eabi/lib/thumb/v7e-m/fpv4-sp/hard/libc_nano.a(lib_a-malloc.o)
 .comment       0x0000000000000059       0x2c /usr/lib/gcc/arm-none-eabi/6.3.1/../../../arm-none-eabi/lib/thumb/v7e-m/fpv4-sp/hard/libc_nano.a(lib_a-nano-freer.o)
 .comment       0x0000000000000059       0x2c /usr/lib/gcc/arm-none-eabi/6.3.1/../../../arm-none-eabi/lib/thumb/v7e-m/fpv4-sp/hard/libc_nano.a(lib_a-nano-mallocr.o)
 .comment       0x0000000000000059       0x2c /usr/lib/gcc/arm-none-eabi/6.3.1/../../../arm-none-eabi/lib/thumb/v7e-m/fpv4-sp/hard/libc_nano.a(lib_a-sbrkr.o)
 .comment       0x0000000000000059       0x2c /usr/lib/gcc/arm-none-eabi/6.3.1/../../../arm-none-eabi/lib/thumb/v7e-m/fpv4-sp/hard/libc_nano.a(lib_a-vsprintf.o)
 .comment       0x0000000000000059       0x2c /usr/lib/gcc/arm-none-eabi/6.3.1/../../../arm-none-eabi/lib/thumb/v7e-m/fpv4-sp/hard/libc_nano.a(lib_a-nano-svfprintf.o)
 .comment       0x0000000000000059       0x2c /usr/lib/gcc/arm-none-eabi/6.3.1/../../../arm-none-eabi/lib/thumb/v7e-m/fpv4-sp/hard/libc_nano.a(lib_a-nano-vfprintf_i.o)
 .comment       0x0000000000000059       0x2c /usr/lib/gcc/arm-none-eabi/6.3.1/../../../arm-none-eabi/lib/thumb/v7e-m/fpv4-sp/hard/libc_nano.a(lib_a-reent.o)
 .comment       0x0000000000000059       0x2c /usr/lib/gcc/arm-none-eabi/6.3.1/../../../arm-none-eabi/lib/thumb/v7e-m/fpv4-sp/hard/libc_nano.a(lib_a-memmove.o)
 .comment       0x0000000000000059       0x2c /usr/lib/gcc/arm-none-eabi/6.3.1/../../../arm-none-eabi/lib/thumb/v7e-m/fpv4-sp/hard/libc_nano.a(lib_a-nano-reallocr.o)
 .comment       0x0000000000000059       0x2c /usr/lib/gcc/arm-none-eabi/6.3.1/../../../arm-none-eabi/lib/thumb/v7e-m/fpv4-sp/hard/libc_nano.a(lib_a-nano-msizer.o)
 .comment       0x0000000000000059       0x2c /usr/lib/gcc/arm-none-eabi/6.3.1/../../../arm-none-eabi/lib/thumb/v7e-m/fpv4-sp/hard/libnosys.a(sbrk.o)
 .comment       0x0000000000000059       0x2f /usr/lib/gcc/arm-none-eabi/6.3.1/thumb/v7e-m/fpv4-sp/hard/crtend.o

.debug_info     0x0000000000000000    0x3ce6a
 .debug_info    0x0000000000000000     0x26bf build/stm32f7xx_hal_i2c.o
 .debug_info    0x00000000000026bf      0xf50 build/stm32f7xx_hal_flash.o
 .debug_info    0x000000000000360f     0x1a2f build/stm32f7xx_hal_cortex.o
 .debug_info    0x000000000000503e     0x1e16 build/stm32f7xx_hal_uart.o
 .debug_info    0x0000000000006e54     0x1393 build/stm32f7xx_hal.o
 .debug_info    0x00000000000081e7     0x1d39 build/stm32f7xx_hal_tim_ex.o
 .debug_info    0x0000000000009f20     0x12a7 build/stm32f7xx_hal_rcc.o
 .debug_info    0x000000000000b1c7     0x203d build/stm32f7xx_hal_spi.o
 .debug_info    0x000000000000d204     0x2e27 build/stm32f7xx_hal_tim.o
 .debug_info    0x000000000001002b     0x133e build/stm32f7xx_hal_pwr_ex.o
 .debug_info    0x0000000000011369     0x111b build/stm32f7xx_hal_gpio.o
 .debug_info    0x0000000000012484     0x1290 build/stm32f7xx_hal_dma.o
 .debug_info    0x0000000000013714     0x10a9 build/stm32f7xx_hal_flash_ex.o
 .debug_info    0x00000000000147bd     0x1061 build/stm32f7xx_hal_i2c_ex.o
 .debug_info    0x000000000001581e     0x1104 build/stm32f7xx_hal_rcc_ex.o
 .debug_info    0x0000000000016922      0xc46 build/list.o
 .debug_info    0x0000000000017568     0x1b92 build/queue.o
 .debug_info    0x00000000000190fa     0x230f build/tasks.o
 .debug_info    0x000000000001b409      0xd51 build/heap_4.o
 .debug_info    0x000000000001c15a      0xe46 build/port.o
 .debug_info    0x000000000001cfa0     0x1d74 build/cmsis_os.o
 .debug_info    0x000000000001ed14     0x36ff build/main.o
 .debug_info    0x0000000000022413     0x18db build/tim.o
 .debug_info    0x0000000000023cee     0x1748 build/usart.o
 .debug_info    0x0000000000025436      0xe66 build/gpio.o
 .debug_info    0x000000000002629c     0x1496 build/i2c.o
 .debug_info    0x0000000000027732     0x168e build/stm32f7xx_it.o
 .debug_info    0x0000000000028dc0     0x156e build/gps.o
 .debug_info    0x000000000002a32e     0x121d build/motor.o
 .debug_info    0x000000000002b54b     0x175c build/sensor.o
 .debug_info    0x000000000002cca7     0x1096 build/system_stm32f7xx.o
 .debug_info    0x000000000002dd3d     0x1605 build/spi.o
 .debug_info    0x000000000002f342      0xca5 build/stm32f7xx_hal_msp.o
 .debug_info    0x000000000002ffe7     0x1573 build/stm32f7xx_hal_timebase_TIM.o
 .debug_info    0x000000000003155a     0x20da build/freertos.o
 .debug_info    0x0000000000033634       0x71 build/startup_stm32f746xx.o
 .debug_info    0x00000000000336a5       0xcf /usr/lib/gcc/arm-none-eabi/6.3.1/thumb/v7e-m/fpv4-sp/hard/libgcc.a(_aeabi_uldivmod.o)
 .debug_info    0x0000000000033774      0xc24 /usr/lib/gcc/arm-none-eabi/6.3.1/thumb/v7e-m/fpv4-sp/hard/libgcc.a(_udivmoddi4.o)
 .debug_info    0x0000000000034398       0xd3 /usr/lib/gcc/arm-none-eabi/6.3.1/thumb/v7e-m/fpv4-sp/hard/libgcc.a(_dvmd_tls.o)
 .debug_info    0x000000000003446b      0x8a0 /usr/lib/gcc/arm-none-eabi/6.3.1/../../../arm-none-eabi/lib/thumb/v7e-m/fpv4-sp/hard/libc_nano.a(lib_a-impure.o)
 .debug_info    0x0000000000034d0b      0x110 /usr/lib/gcc/arm-none-eabi/6.3.1/../../../arm-none-eabi/lib/thumb/v7e-m/fpv4-sp/hard/libc_nano.a(lib_a-init.o)
 .debug_info    0x0000000000034e1b      0x91d /usr/lib/gcc/arm-none-eabi/6.3.1/../../../arm-none-eabi/lib/thumb/v7e-m/fpv4-sp/hard/libc_nano.a(lib_a-malloc.o)
 .debug_info    0x0000000000035738       0xe1 /usr/lib/gcc/arm-none-eabi/6.3.1/../../../arm-none-eabi/lib/thumb/v7e-m/fpv4-sp/hard/libc_nano.a(lib_a-memcpy.o)
 .debug_info    0x0000000000035819      0xa51 /usr/lib/gcc/arm-none-eabi/6.3.1/../../../arm-none-eabi/lib/thumb/v7e-m/fpv4-sp/hard/libc_nano.a(lib_a-nano-freer.o)
 .debug_info    0x000000000003626a      0xb1f /usr/lib/gcc/arm-none-eabi/6.3.1/../../../arm-none-eabi/lib/thumb/v7e-m/fpv4-sp/hard/libc_nano.a(lib_a-nano-mallocr.o)
 .debug_info    0x0000000000036d89      0x955 /usr/lib/gcc/arm-none-eabi/6.3.1/../../../arm-none-eabi/lib/thumb/v7e-m/fpv4-sp/hard/libc_nano.a(lib_a-sbrkr.o)
 .debug_info    0x00000000000376de       0xe0 /usr/lib/gcc/arm-none-eabi/6.3.1/../../../arm-none-eabi/lib/thumb/v7e-m/fpv4-sp/hard/libc_nano.a(lib_a-strlen.o)
 .debug_info    0x00000000000377be      0xb99 /usr/lib/gcc/arm-none-eabi/6.3.1/../../../arm-none-eabi/lib/thumb/v7e-m/fpv4-sp/hard/libc_nano.a(lib_a-vsprintf.o)
 .debug_info    0x0000000000038357     0x11b2 /usr/lib/gcc/arm-none-eabi/6.3.1/../../../arm-none-eabi/lib/thumb/v7e-m/fpv4-sp/hard/libc_nano.a(lib_a-nano-svfprintf.o)
 .debug_info    0x0000000000039509      0xfb4 /usr/lib/gcc/arm-none-eabi/6.3.1/../../../arm-none-eabi/lib/thumb/v7e-m/fpv4-sp/hard/libc_nano.a(lib_a-nano-vfprintf_i.o)
 .debug_info    0x000000000003a4bd      0xa67 /usr/lib/gcc/arm-none-eabi/6.3.1/../../../arm-none-eabi/lib/thumb/v7e-m/fpv4-sp/hard/libc_nano.a(lib_a-reent.o)
 .debug_info    0x000000000003af24       0xda /usr/lib/gcc/arm-none-eabi/6.3.1/../../../arm-none-eabi/lib/thumb/v7e-m/fpv4-sp/hard/libc_nano.a(lib_a-memchr.o)
 .debug_info    0x000000000003affe      0x925 /usr/lib/gcc/arm-none-eabi/6.3.1/../../../arm-none-eabi/lib/thumb/v7e-m/fpv4-sp/hard/libc_nano.a(lib_a-memmove.o)
 .debug_info    0x000000000003b923      0xac0 /usr/lib/gcc/arm-none-eabi/6.3.1/../../../arm-none-eabi/lib/thumb/v7e-m/fpv4-sp/hard/libc_nano.a(lib_a-nano-reallocr.o)
 .debug_info    0x000000000003c3e3      0x9f7 /usr/lib/gcc/arm-none-eabi/6.3.1/../../../arm-none-eabi/lib/thumb/v7e-m/fpv4-sp/hard/libc_nano.a(lib_a-nano-msizer.o)
 .debug_info    0x000000000003cdda       0x90 /usr/lib/gcc/arm-none-eabi/6.3.1/../../../arm-none-eabi/lib/thumb/v7e-m/fpv4-sp/hard/libnosys.a(sbrk.o)

.debug_abbrev   0x0000000000000000     0x72eb
 .debug_abbrev  0x0000000000000000      0x2b8 build/stm32f7xx_hal_i2c.o
 .debug_abbrev  0x00000000000002b8      0x2f6 build/stm32f7xx_hal_flash.o
 .debug_abbrev  0x00000000000005ae      0x366 build/stm32f7xx_hal_cortex.o
 .debug_abbrev  0x0000000000000914      0x2c7 build/stm32f7xx_hal_uart.o
 .debug_abbrev  0x0000000000000bdb      0x295 build/stm32f7xx_hal.o
 .debug_abbrev  0x0000000000000e70      0x29b build/stm32f7xx_hal_tim_ex.o
 .debug_abbrev  0x000000000000110b      0x2b0 build/stm32f7xx_hal_rcc.o
 .debug_abbrev  0x00000000000013bb      0x2a7 build/stm32f7xx_hal_spi.o
 .debug_abbrev  0x0000000000001662      0x293 build/stm32f7xx_hal_tim.o
 .debug_abbrev  0x00000000000018f5      0x28f build/stm32f7xx_hal_pwr_ex.o
 .debug_abbrev  0x0000000000001b84      0x25f build/stm32f7xx_hal_gpio.o
 .debug_abbrev  0x0000000000001de3      0x299 build/stm32f7xx_hal_dma.o
 .debug_abbrev  0x000000000000207c      0x2c2 build/stm32f7xx_hal_flash_ex.o
 .debug_abbrev  0x000000000000233e      0x1ec build/stm32f7xx_hal_i2c_ex.o
 .debug_abbrev  0x000000000000252a      0x252 build/stm32f7xx_hal_rcc_ex.o
 .debug_abbrev  0x000000000000277c      0x1dd build/list.o
 .debug_abbrev  0x0000000000002959      0x2e5 build/queue.o
 .debug_abbrev  0x0000000000002c3e      0x362 build/tasks.o
 .debug_abbrev  0x0000000000002fa0      0x2b3 build/heap_4.o
 .debug_abbrev  0x0000000000003253      0x2dd build/port.o
 .debug_abbrev  0x0000000000003530      0x383 build/cmsis_os.o
 .debug_abbrev  0x00000000000038b3      0x257 build/main.o
 .debug_abbrev  0x0000000000003b0a      0x28d build/tim.o
 .debug_abbrev  0x0000000000003d97      0x212 build/usart.o
 .debug_abbrev  0x0000000000003fa9      0x1d3 build/gpio.o
 .debug_abbrev  0x000000000000417c      0x241 build/i2c.o
 .debug_abbrev  0x00000000000043bd      0x1d7 build/stm32f7xx_it.o
 .debug_abbrev  0x0000000000004594      0x2c4 build/gps.o
 .debug_abbrev  0x0000000000004858      0x25b build/motor.o
 .debug_abbrev  0x0000000000004ab3      0x2b2 build/sensor.o
 .debug_abbrev  0x0000000000004d65      0x1ea build/system_stm32f7xx.o
 .debug_abbrev  0x0000000000004f4f      0x207 build/spi.o
 .debug_abbrev  0x0000000000005156      0x1aa build/stm32f7xx_hal_msp.o
 .debug_abbrev  0x0000000000005300      0x21a build/stm32f7xx_hal_timebase_TIM.o
 .debug_abbrev  0x000000000000551a      0x276 build/freertos.o
 .debug_abbrev  0x0000000000005790       0x12 build/startup_stm32f746xx.o
 .debug_abbrev  0x00000000000057a2       0x14 /usr/lib/gcc/arm-none-eabi/6.3.1/thumb/v7e-m/fpv4-sp/hard/libgcc.a(_aeabi_uldivmod.o)
 .debug_abbrev  0x00000000000057b6      0x18c /usr/lib/gcc/arm-none-eabi/6.3.1/thumb/v7e-m/fpv4-sp/hard/libgcc.a(_udivmoddi4.o)
 .debug_abbrev  0x0000000000005942       0x14 /usr/lib/gcc/arm-none-eabi/6.3.1/thumb/v7e-m/fpv4-sp/hard/libgcc.a(_dvmd_tls.o)
 .debug_abbrev  0x0000000000005956      0x153 /usr/lib/gcc/arm-none-eabi/6.3.1/../../../arm-none-eabi/lib/thumb/v7e-m/fpv4-sp/hard/libc_nano.a(lib_a-impure.o)
 .debug_abbrev  0x0000000000005aa9       0xba /usr/lib/gcc/arm-none-eabi/6.3.1/../../../arm-none-eabi/lib/thumb/v7e-m/fpv4-sp/hard/libc_nano.a(lib_a-init.o)
 .debug_abbrev  0x0000000000005b63      0x1c0 /usr/lib/gcc/arm-none-eabi/6.3.1/../../../arm-none-eabi/lib/thumb/v7e-m/fpv4-sp/hard/libc_nano.a(lib_a-malloc.o)
 .debug_abbrev  0x0000000000005d23       0x14 /usr/lib/gcc/arm-none-eabi/6.3.1/../../../arm-none-eabi/lib/thumb/v7e-m/fpv4-sp/hard/libc_nano.a(lib_a-memcpy.o)
 .debug_abbrev  0x0000000000005d37      0x1ef /usr/lib/gcc/arm-none-eabi/6.3.1/../../../arm-none-eabi/lib/thumb/v7e-m/fpv4-sp/hard/libc_nano.a(lib_a-nano-freer.o)
 .debug_abbrev  0x0000000000005f26      0x274 /usr/lib/gcc/arm-none-eabi/6.3.1/../../../arm-none-eabi/lib/thumb/v7e-m/fpv4-sp/hard/libc_nano.a(lib_a-nano-mallocr.o)
 .debug_abbrev  0x000000000000619a      0x1d6 /usr/lib/gcc/arm-none-eabi/6.3.1/../../../arm-none-eabi/lib/thumb/v7e-m/fpv4-sp/hard/libc_nano.a(lib_a-sbrkr.o)
 .debug_abbrev  0x0000000000006370       0x14 /usr/lib/gcc/arm-none-eabi/6.3.1/../../../arm-none-eabi/lib/thumb/v7e-m/fpv4-sp/hard/libc_nano.a(lib_a-strlen.o)
 .debug_abbrev  0x0000000000006384      0x211 /usr/lib/gcc/arm-none-eabi/6.3.1/../../../arm-none-eabi/lib/thumb/v7e-m/fpv4-sp/hard/libc_nano.a(lib_a-vsprintf.o)
 .debug_abbrev  0x0000000000006595      0x2d7 /usr/lib/gcc/arm-none-eabi/6.3.1/../../../arm-none-eabi/lib/thumb/v7e-m/fpv4-sp/hard/libc_nano.a(lib_a-nano-svfprintf.o)
 .debug_abbrev  0x000000000000686c      0x27c /usr/lib/gcc/arm-none-eabi/6.3.1/../../../arm-none-eabi/lib/thumb/v7e-m/fpv4-sp/hard/libc_nano.a(lib_a-nano-vfprintf_i.o)
 .debug_abbrev  0x0000000000006ae8      0x228 /usr/lib/gcc/arm-none-eabi/6.3.1/../../../arm-none-eabi/lib/thumb/v7e-m/fpv4-sp/hard/libc_nano.a(lib_a-reent.o)
 .debug_abbrev  0x0000000000006d10       0x14 /usr/lib/gcc/arm-none-eabi/6.3.1/../../../arm-none-eabi/lib/thumb/v7e-m/fpv4-sp/hard/libc_nano.a(lib_a-memchr.o)
 .debug_abbrev  0x0000000000006d24      0x19c /usr/lib/gcc/arm-none-eabi/6.3.1/../../../arm-none-eabi/lib/thumb/v7e-m/fpv4-sp/hard/libc_nano.a(lib_a-memmove.o)
 .debug_abbrev  0x0000000000006ec0      0x1ee /usr/lib/gcc/arm-none-eabi/6.3.1/../../../arm-none-eabi/lib/thumb/v7e-m/fpv4-sp/hard/libc_nano.a(lib_a-nano-reallocr.o)
 .debug_abbrev  0x00000000000070ae      0x1ab /usr/lib/gcc/arm-none-eabi/6.3.1/../../../arm-none-eabi/lib/thumb/v7e-m/fpv4-sp/hard/libc_nano.a(lib_a-nano-msizer.o)
 .debug_abbrev  0x0000000000007259       0x92 /usr/lib/gcc/arm-none-eabi/6.3.1/../../../arm-none-eabi/lib/thumb/v7e-m/fpv4-sp/hard/libnosys.a(sbrk.o)

.debug_loc      0x0000000000000000    0x106bc
 .debug_loc     0x0000000000000000     0x17cc build/stm32f7xx_hal_i2c.o
 .debug_loc     0x00000000000017cc      0x544 build/stm32f7xx_hal_flash.o
 .debug_loc     0x0000000000001d10      0x9f4 build/stm32f7xx_hal_cortex.o
 .debug_loc     0x0000000000002704      0xfac build/stm32f7xx_hal_uart.o
 .debug_loc     0x00000000000036b0      0x7a8 build/stm32f7xx_hal.o
 .debug_loc     0x0000000000003e58      0xe24 build/stm32f7xx_hal_tim_ex.o
 .debug_loc     0x0000000000004c7c      0x3de build/stm32f7xx_hal_rcc.o
 .debug_loc     0x000000000000505a     0x1240 build/stm32f7xx_hal_spi.o
 .debug_loc     0x000000000000629a     0x2348 build/stm32f7xx_hal_tim.o
 .debug_loc     0x00000000000085e2      0x3bc build/stm32f7xx_hal_pwr_ex.o
 .debug_loc     0x000000000000899e      0x2d4 build/stm32f7xx_hal_gpio.o
 .debug_loc     0x0000000000008c72      0x510 build/stm32f7xx_hal_dma.o
 .debug_loc     0x0000000000009182      0x568 build/stm32f7xx_hal_flash_ex.o
 .debug_loc     0x00000000000096ea       0xb8 build/stm32f7xx_hal_i2c_ex.o
 .debug_loc     0x00000000000097a2      0x248 build/stm32f7xx_hal_rcc_ex.o
 .debug_loc     0x00000000000099ea      0x1cc build/list.o
 .debug_loc     0x0000000000009bb6      0x822 build/queue.o
 .debug_loc     0x000000000000a3d8      0xed6 build/tasks.o
 .debug_loc     0x000000000000b2ae      0x224 build/heap_4.o
 .debug_loc     0x000000000000b4d2      0x2e8 build/port.o
 .debug_loc     0x000000000000b7ba     0x1120 build/cmsis_os.o
 .debug_loc     0x000000000000c8da      0x106 build/main.o
 .debug_loc     0x000000000000c9e0      0x2e8 build/tim.o
 .debug_loc     0x000000000000ccc8      0x150 build/usart.o
 .debug_loc     0x000000000000ce18       0x52 build/gpio.o
 .debug_loc     0x000000000000ce6a      0x150 build/i2c.o
 .debug_loc     0x000000000000cfba      0x1bc build/stm32f7xx_it.o
 .debug_loc     0x000000000000d176      0x274 build/gps.o
 .debug_loc     0x000000000000d3ea      0x168 build/motor.o
 .debug_loc     0x000000000000d552      0x498 build/sensor.o
 .debug_loc     0x000000000000d9ea       0xa0 build/system_stm32f7xx.o
 .debug_loc     0x000000000000da8a       0xcc build/spi.o
 .debug_loc     0x000000000000db56       0x2c build/stm32f7xx_hal_msp.o
 .debug_loc     0x000000000000db82       0xd8 build/stm32f7xx_hal_timebase_TIM.o
 .debug_loc     0x000000000000dc5a      0x2fc build/freertos.o
 .debug_loc     0x000000000000df56      0xd77 /usr/lib/gcc/arm-none-eabi/6.3.1/thumb/v7e-m/fpv4-sp/hard/libgcc.a(_udivmoddi4.o)
 .debug_loc     0x000000000000eccd       0xae /usr/lib/gcc/arm-none-eabi/6.3.1/../../../arm-none-eabi/lib/thumb/v7e-m/fpv4-sp/hard/libc_nano.a(lib_a-init.o)
 .debug_loc     0x000000000000ed7b       0x58 /usr/lib/gcc/arm-none-eabi/6.3.1/../../../arm-none-eabi/lib/thumb/v7e-m/fpv4-sp/hard/libc_nano.a(lib_a-malloc.o)
 .debug_loc     0x000000000000edd3      0x140 /usr/lib/gcc/arm-none-eabi/6.3.1/../../../arm-none-eabi/lib/thumb/v7e-m/fpv4-sp/hard/libc_nano.a(lib_a-nano-freer.o)
 .debug_loc     0x000000000000ef13      0x389 /usr/lib/gcc/arm-none-eabi/6.3.1/../../../arm-none-eabi/lib/thumb/v7e-m/fpv4-sp/hard/libc_nano.a(lib_a-nano-mallocr.o)
 .debug_loc     0x000000000000f29c       0x4d /usr/lib/gcc/arm-none-eabi/6.3.1/../../../arm-none-eabi/lib/thumb/v7e-m/fpv4-sp/hard/libc_nano.a(lib_a-sbrkr.o)
 .debug_loc     0x000000000000f2e9       0xde /usr/lib/gcc/arm-none-eabi/6.3.1/../../../arm-none-eabi/lib/thumb/v7e-m/fpv4-sp/hard/libc_nano.a(lib_a-vsprintf.o)
 .debug_loc     0x000000000000f3c7      0x6e1 /usr/lib/gcc/arm-none-eabi/6.3.1/../../../arm-none-eabi/lib/thumb/v7e-m/fpv4-sp/hard/libc_nano.a(lib_a-nano-svfprintf.o)
 .debug_loc     0x000000000000faa8      0x68a /usr/lib/gcc/arm-none-eabi/6.3.1/../../../arm-none-eabi/lib/thumb/v7e-m/fpv4-sp/hard/libc_nano.a(lib_a-nano-vfprintf_i.o)
 .debug_loc     0x0000000000010132       0xec /usr/lib/gcc/arm-none-eabi/6.3.1/../../../arm-none-eabi/lib/thumb/v7e-m/fpv4-sp/hard/libc_nano.a(lib_a-reent.o)
 .debug_loc     0x000000000001021e      0x269 /usr/lib/gcc/arm-none-eabi/6.3.1/../../../arm-none-eabi/lib/thumb/v7e-m/fpv4-sp/hard/libc_nano.a(lib_a-memmove.o)
 .debug_loc     0x0000000000010487      0x185 /usr/lib/gcc/arm-none-eabi/6.3.1/../../../arm-none-eabi/lib/thumb/v7e-m/fpv4-sp/hard/libc_nano.a(lib_a-nano-reallocr.o)
 .debug_loc     0x000000000001060c       0x78 /usr/lib/gcc/arm-none-eabi/6.3.1/../../../arm-none-eabi/lib/thumb/v7e-m/fpv4-sp/hard/libc_nano.a(lib_a-nano-msizer.o)
 .debug_loc     0x0000000000010684       0x38 /usr/lib/gcc/arm-none-eabi/6.3.1/../../../arm-none-eabi/lib/thumb/v7e-m/fpv4-sp/hard/libnosys.a(sbrk.o)

.debug_aranges  0x0000000000000000     0x1c48
 .debug_aranges
                0x0000000000000000      0x260 build/stm32f7xx_hal_i2c.o
 .debug_aranges
                0x0000000000000260       0xa0 build/stm32f7xx_hal_flash.o
 .debug_aranges
                0x0000000000000300      0x118 build/stm32f7xx_hal_cortex.o
 .debug_aranges
                0x0000000000000418      0x190 build/stm32f7xx_hal_uart.o
 .debug_aranges
                0x00000000000005a8      0x100 build/stm32f7xx_hal.o
 .debug_aranges
                0x00000000000006a8      0x170 build/stm32f7xx_hal_tim_ex.o
 .debug_aranges
                0x0000000000000818       0x88 build/stm32f7xx_hal_rcc.o
 .debug_aranges
                0x00000000000008a0      0x1d8 build/stm32f7xx_hal_spi.o
 .debug_aranges
                0x0000000000000a78      0x368 build/stm32f7xx_hal_tim.o
 .debug_aranges
                0x0000000000000de0       0x80 build/stm32f7xx_hal_pwr_ex.o
 .debug_aranges
                0x0000000000000e60       0x58 build/stm32f7xx_hal_gpio.o
 .debug_aranges
                0x0000000000000eb8       0x90 build/stm32f7xx_hal_dma.o
 .debug_aranges
                0x0000000000000f48       0xa0 build/stm32f7xx_hal_flash_ex.o
 .debug_aranges
                0x0000000000000fe8       0x28 build/stm32f7xx_hal_i2c_ex.o
 .debug_aranges
                0x0000000000001010       0x50 build/stm32f7xx_hal_rcc_ex.o
 .debug_aranges
                0x0000000000001060       0x40 build/list.o
 .debug_aranges
                0x00000000000010a0       0xe0 build/queue.o
 .debug_aranges